Component: ARM Compiler 6.14 Tool: armlink [5db06800]

==============================================================================

Section Cross References

    main.o(.text.main) refers to main.o(.text._Z18SystemClock_Configv) for SystemClock_Config()
    main.o(.text.main) refers to main.o(.text._ZL26__NVIC_SetPriorityGroupingj) for _ZL26__NVIC_SetPriorityGroupingj
    main.o(.text.main) refers to board.o(.text._Z11sysTickInitv) for sysTickInit()
    main.o(.text.main) refers to schedule.o(.text._Z12boardALLInitv) for boardALLInit()
    main.o(.ARM.exidx.text.main) refers to main.o(.text.main) for [Anonymous Symbol]
    main.o(.text._Z18SystemClock_Configv) refers to main.o(.text._ZL19LL_FLASH_SetLatencyj) for _ZL19LL_FLASH_SetLatencyj
    main.o(.text._Z18SystemClock_Configv) refers to main.o(.text._ZL19LL_FLASH_GetLatencyv) for _ZL19LL_FLASH_GetLatencyv
    main.o(.text._Z18SystemClock_Configv) refers to main.o(.text._ZL28LL_PWR_EnableRange1BoostModev) for _ZL28LL_PWR_EnableRange1BoostModev
    main.o(.text._Z18SystemClock_Configv) refers to main.o(.text._ZL17LL_RCC_HSE_Enablev) for _ZL17LL_RCC_HSE_Enablev
    main.o(.text._Z18SystemClock_Configv) refers to main.o(.text._ZL18LL_RCC_HSE_IsReadyv) for _ZL18LL_RCC_HSE_IsReadyv
    main.o(.text._Z18SystemClock_Configv) refers to main.o(.text._ZL19LL_RCC_HSI48_Enablev) for _ZL19LL_RCC_HSI48_Enablev
    main.o(.text._Z18SystemClock_Configv) refers to main.o(.text._ZL20LL_RCC_HSI48_IsReadyv) for _ZL20LL_RCC_HSI48_IsReadyv
    main.o(.text._Z18SystemClock_Configv) refers to main.o(.text._ZL17LL_RCC_LSI_Enablev) for _ZL17LL_RCC_LSI_Enablev
    main.o(.text._Z18SystemClock_Configv) refers to main.o(.text._ZL18LL_RCC_LSI_IsReadyv) for _ZL18LL_RCC_LSI_IsReadyv
    main.o(.text._Z18SystemClock_Configv) refers to main.o(.text._ZL27LL_RCC_PLL_ConfigDomain_SYSjjjj) for _ZL27LL_RCC_PLL_ConfigDomain_SYSjjjj
    main.o(.text._Z18SystemClock_Configv) refers to main.o(.text._ZL27LL_RCC_PLL_EnableDomain_SYSv) for _ZL27LL_RCC_PLL_EnableDomain_SYSv
    main.o(.text._Z18SystemClock_Configv) refers to main.o(.text._ZL17LL_RCC_PLL_Enablev) for _ZL17LL_RCC_PLL_Enablev
    main.o(.text._Z18SystemClock_Configv) refers to main.o(.text._ZL18LL_RCC_PLL_IsReadyv) for _ZL18LL_RCC_PLL_IsReadyv
    main.o(.text._Z18SystemClock_Configv) refers to main.o(.text._ZL22LL_RCC_SetSysClkSourcej) for _ZL22LL_RCC_SetSysClkSourcej
    main.o(.text._Z18SystemClock_Configv) refers to main.o(.text._ZL22LL_RCC_SetAHBPrescalerj) for _ZL22LL_RCC_SetAHBPrescalerj
    main.o(.text._Z18SystemClock_Configv) refers to main.o(.text._ZL22LL_RCC_GetSysClkSourcev) for _ZL22LL_RCC_GetSysClkSourcev
    main.o(.text._Z18SystemClock_Configv) refers to main.o(.text._ZL23LL_RCC_SetAPB1Prescalerj) for _ZL23LL_RCC_SetAPB1Prescalerj
    main.o(.text._Z18SystemClock_Configv) refers to main.o(.text._ZL23LL_RCC_SetAPB2Prescalerj) for _ZL23LL_RCC_SetAPB2Prescalerj
    main.o(.text._Z18SystemClock_Configv) refers to stm32g4xx_ll_utils.o(.text.LL_SetSystemCoreClock) for LL_SetSystemCoreClock
    main.o(.text._Z18SystemClock_Configv) refers to main.o(.text._ZL26LL_RCC_SetFDCANClockSourcej) for _ZL26LL_RCC_SetFDCANClockSourcej
    main.o(.text._Z18SystemClock_Configv) refers to main.o(.text._ZL24LL_RCC_SetUSBClockSourcej) for _ZL24LL_RCC_SetUSBClockSourcej
    main.o(.text._Z18SystemClock_Configv) refers to main.o(.text._ZL26LL_RCC_SetUSARTClockSourcej) for _ZL26LL_RCC_SetUSARTClockSourcej
    main.o(.ARM.exidx.text._Z18SystemClock_Configv) refers to main.o(.text._Z18SystemClock_Configv) for [Anonymous Symbol]
    main.o(.ARM.exidx.text._ZL26__NVIC_SetPriorityGroupingj) refers to main.o(.text._ZL26__NVIC_SetPriorityGroupingj) for [Anonymous Symbol]
    main.o(.ARM.exidx.text._ZL19LL_FLASH_SetLatencyj) refers to main.o(.text._ZL19LL_FLASH_SetLatencyj) for [Anonymous Symbol]
    main.o(.ARM.exidx.text._ZL19LL_FLASH_GetLatencyv) refers to main.o(.text._ZL19LL_FLASH_GetLatencyv) for [Anonymous Symbol]
    main.o(.ARM.exidx.text._ZL28LL_PWR_EnableRange1BoostModev) refers to main.o(.text._ZL28LL_PWR_EnableRange1BoostModev) for [Anonymous Symbol]
    main.o(.ARM.exidx.text._ZL17LL_RCC_HSE_Enablev) refers to main.o(.text._ZL17LL_RCC_HSE_Enablev) for [Anonymous Symbol]
    main.o(.ARM.exidx.text._ZL18LL_RCC_HSE_IsReadyv) refers to main.o(.text._ZL18LL_RCC_HSE_IsReadyv) for [Anonymous Symbol]
    main.o(.ARM.exidx.text._ZL19LL_RCC_HSI48_Enablev) refers to main.o(.text._ZL19LL_RCC_HSI48_Enablev) for [Anonymous Symbol]
    main.o(.ARM.exidx.text._ZL20LL_RCC_HSI48_IsReadyv) refers to main.o(.text._ZL20LL_RCC_HSI48_IsReadyv) for [Anonymous Symbol]
    main.o(.ARM.exidx.text._ZL17LL_RCC_LSI_Enablev) refers to main.o(.text._ZL17LL_RCC_LSI_Enablev) for [Anonymous Symbol]
    main.o(.ARM.exidx.text._ZL18LL_RCC_LSI_IsReadyv) refers to main.o(.text._ZL18LL_RCC_LSI_IsReadyv) for [Anonymous Symbol]
[...]
    0x08003cda   0x08003cda   0x00000002   PAD
    0x08003cdc   0x08003cdc   0x000000ce   Code   RO          905    .text.USART2_IRQHandler  dbus.o
    0x08003daa   0x08003daa   0x00000002   PAD
    0x08003dac   0x08003dac   0x00000004   Code   RO          136    .text.UsageFault_Handler  stm32g4xx_it.o
    0x08003db0   0x08003db0   0x0000007e   Code   RO         1421    .text.Verify_CRC16_Check_Sum  crc.o
    0x08003e2e   0x08003e2e   0x00000002   PAD
    0x08003e30   0x08003e30   0x00000008   Code   RO          410    .text._GLOBAL__sub_I_SMUniversal.cpp  smuniversal.o
    0x08003e38   0x08003e38   0x0000000c   Code   RO         1275    .text._GLOBAL__sub_I_arm.cpp  arm.o
    0x08003e44   0x08003e44   0x00000008   Code   RO          347    .text._GLOBAL__sub_I_chassisTask.cpp  chassistask.o
    0x08003e4c   0x08003e4c   0x00000008   Code   RO          630    .text._GLOBAL__sub_I_checkOreState.cpp  checkorestate.o
    0x08003e54   0x08003e54   0x00000008   Code   RO          919    .text._GLOBAL__sub_I_dbus.cpp  dbus.o
    0x08003e5c   0x08003e5c   0x00000068   Code   RO          208    .text._GLOBAL__sub_I_devList.cpp  devlist.o
    0x08003ec4   0x08003ec4   0x00000008   Code   RO         1482    .text._GLOBAL__sub_I_dynamics.cpp  dynamics.o
    0x08003ecc   0x08003ecc   0x00000008   Code   RO          563    .text._GLOBAL__sub_I_exchangeOreState.cpp  exchangeorestate.o
    0x08003ed4   0x08003ed4   0x00000008   Code   RO         1560    .text._GLOBAL__sub_I_fdcan.cpp  fdcan.o
    0x08003edc   0x08003edc   0x00000008   Code   RO          367    .text._GLOBAL__sub_I_gimbalTask.cpp  gimbaltask.o
    0x08003ee4   0x08003ee4   0x00000008   Code   RO          588    .text._GLOBAL__sub_I_handModeState.cpp  handmodestate.o
    0x08003eec   0x08003eec   0x00000008   Code   RO          610    .text._GLOBAL__sub_I_hidArmorState.cpp  hidarmorstate.o
    0x08003ef4   0x08003ef4   0x00000010   Code   RO          723    .text._GLOBAL__sub_I_imageTran.cpp  imagetran.o
    0x08003f04   0x08003f04   0x00000008   Code   RO          388    .text._GLOBAL__sub_I_judgeTask.cpp  judgetask.o
    0x08003f0c   0x08003f0c   0x00000008   Code   RO         1064    .text._GLOBAL__sub_I_judgement.cpp  judgement.o
    0x08003f14   0x08003f14   0x00000008   Code   RO         1460    .text._GLOBAL__sub_I_kinematics.cpp  kinematics.o
    0x08003f1c   0x08003f1c   0x00000008   Code   RO          280    .text._GLOBAL__sub_I_ledTask.cpp  ledtask.o
    0x08003f24   0x08003f24   0x00000008   Code   RO          846    .text._GLOBAL__sub_I_motor.cpp  motor.o
    0x08003f2c   0x08003f2c   0x0000000c   Code   RO          435    .text._GLOBAL__sub_I_offsetStateMachine.cpp  offsetstatemachine.o
    0x08003f38   0x08003f38   0x00000008   Code   RO          769    .text._GLOBAL__sub_I_oreBin.cpp  orebin.o
    0x08003f40   0x08003f40   0x00000010   Code   RO          475    .text._GLOBAL__sub_I_oreMotionStateMachine.cpp  oremotionstatemachine.o
    0x08003f50   0x08003f50   0x00000008   Code   RO          543    .text._GLOBAL__sub_I_pickOreState.cpp  pickorestate.o
    0x08003f58   0x08003f58   0x00000008   Code   RO          312    .text._GLOBAL__sub_I_stateTask.cpp  statetask.o
    0x08003f60   0x08003f60   0x00000008   Code   RO          502    .text._GLOBAL__sub_I_takeGoldState.cpp  takegoldstate.o
    0x08003f68   0x08003f68   0x00000008   Code   RO          522    .text._GLOBAL__sub_I_takeSilveryState.cpp  takesilverystate.o
    0x08003f70   0x08003f70   0x00000008   Code   RO         1138    .text._GLOBAL__sub_I_vision.cpp  vision.o
    0x08003f78   0x08003f78   0x00000044   Code   RO           57    .text._Z11sysTickInitv  board.o
    0x08003fbc   0x08003fbc   0x00000002   Code   RO          104    .text._Z12TDT_Loop_1Hzv  schedule.o
    0x08003fbe   0x08003fbe   0x00000002   PAD
    0x08003fc0   0x08003fc0   0x00000002   Code   RO          102    .text._Z12TDT_Loop_2Hzv  schedule.o
    0x08003fc2   0x08003fc2   0x00000002   PAD
    0x08003fc4   0x08003fc4   0x000000bc   Code   RO           86    .text._Z12boardALLInitv  schedule.o
    0x08004080   0x08004080   0x00000054   Code   RO           67    .text._Z12getSysTimeUsv  board.o
    0x080040d4   0x080040d4   0x00000d12   Code   RO         1373    .text._Z12pathPlanCaltP8PathPlan8EndPointS1_f  pathplan.o
    0x08004de6   0x08004de6   0x00000002   PAD
    0x08004de8   0x08004de8   0x00000002   Code   RO          100    .text._Z13TDT_Loop_10Hzv  schedule.o
    0x08004dea   0x08004dea   0x00000002   PAD
    0x08004dec   0x08004dec   0x00000002   Code   RO           98    .text._Z13TDT_Loop_20Hzv  schedule.o
    0x08004dee   0x08004dee   0x00000002   PAD
    0x08004df0   0x08004df0   0x00000236   Code   RO           96    .text._Z13TDT_Loop_50Hzv  schedule.o
    0x08005026   0x08005026   0x00000002   PAD
    0x08005028   0x08005028   0x00000010   Code   RO           73    .text._Z13softwareResetv  board.o
    0x08005038   0x08005038   0x000000e8   Code   RO         1518    .text._Z14MX_FDCAN1_Initv  fdcan.o
    0x08005120   0x08005120   0x000000e8   Code   RO         1520    .text._Z14MX_FDCAN2_Initv  fdcan.o
    0x08005208   0x08005208   0x000000c4   Code   RO         1522    .text._Z14MX_FDCAN3_Initv  fdcan.o
    0x080052cc   0x080052cc   0x00000002   Code   RO           94    .text._Z14TDT_Loop_100Hzv  schedule.o
    0x080052ce   0x080052ce   0x00000002   PAD
    0x080052d0   0x080052d0   0x00000002   Code   RO           92    .text._Z14TDT_Loop_200Hzv  schedule.o
    0x080052d2   0x080052d2   0x00000002   PAD
    0x080052d4   0x080052d4   0x00000190   Code   RO           90    .text._Z14TDT_Loop_500Hzv  schedule.o
    0x08005464   0x08005464   0x00000002   Code   RO           88    .text._Z15TDT_Loop_1000Hzv  schedule.o
    0x08005466   0x08005466   0x00000002   PAD
    0x08005468   0x08005468   0x000001da   Code   RO         1544    .text._Z17self_CAN_TransmitP19FDCAN_HandleTypeDefP13MyCanTxStruct  fdcan.o
    0x08005642   0x08005642   0x00000002   PAD
    0x08005644   0x08005644   0x00000118   Code   RO            4    .text._Z18SystemClock_Configv  main.o
    0x0800575c   0x0800575c   0x00000004   PAD
    0x08005760   0x08005760   0x00000228   Code   RO          206    .text._Z5DEBUGv     devlist.o
    0x08005988   0x08005988   0x00000046   Code   RO          406    .text._Z5endSMv     smuniversal.o
    0x080059ce   0x080059ce   0x00000002   PAD
    0x080059d0   0x080059d0   0x00000016   Code   RO           71    .text._Z7delayMsj   board.o
    0x080059e6   0x080059e6   0x00000002   PAD
    0x080059e8   0x080059e8   0x00000032   Code   RO           69    .text._Z7delayUsj   board.o
    0x08005a1a   0x08005a1a   0x00000002   PAD
    0x08005a1c   0x08005a1c   0x00000098   Code   RO          404    .text._Z7startSMP12StateMachine  smuniversal.o
    0x08005ab4   0x08005ab4   0x000000c4   Code   RO          180    .text._Z9loadParamv  devlist.o
    0x08005b78   0x08005b78   0x00000052   Code   RO           59    .text._ZL14SysTick_Configj  board.o
    0x08005bca   0x08005bca   0x00000002   PAD
    0x08005bcc   0x08005bcc   0x00000012   Code   RO          893    .text._ZL15LL_USART_EnableP13USART_TypeDef  dbus.o
    0x08005bde   0x08005bde   0x00000002   PAD
    0x08005be0   0x08005be0   0x00000012   Code   RO         1010    .text._ZL15LL_USART_EnableP13USART_TypeDef  judgement.o
    0x08005bf2   0x08005bf2   0x00000002   PAD
    0x08005bf4   0x08005bf4   0x00000012   Code   RO         1120    .text._ZL15LL_USART_EnableP13USART_TypeDef  vision.o
    0x08005c06   0x08005c06   0x00000002   PAD
    0x08005c08   0x08005c08   0x00000034   Code   RO          881    .text._ZL16__NVIC_EnableIRQ9IRQn_Type  dbus.o
    0x08005c3c   0x08005c3c   0x00000034   Code   RO          996    .text._ZL16__NVIC_EnableIRQ9IRQn_Type  judgement.o
    0x08005c70   0x08005c70   0x00000034   Code   RO         1106    .text._ZL16__NVIC_EnableIRQ9IRQn_Type  vision.o
    0x08005ca4   0x08005ca4   0x00000012   Code   RO           14    .text._ZL17LL_RCC_HSE_Enablev  main.o
    0x08005cb6   0x08005cb6   0x00000002   PAD
    0x08005cb8   0x08005cb8   0x00000012   Code   RO           22    .text._ZL17LL_RCC_LSI_Enablev  main.o
    0x08005cca   0x08005cca   0x00000002   PAD
    0x08005ccc   0x08005ccc   0x00000012   Code   RO           30    .text._ZL17LL_RCC_PLL_Enablev  main.o
    0x08005cde   0x08005cde   0x00000002   PAD
    0x08005ce0   0x08005ce0   0x00000024   Code   RO         1014    .text._ZL18LL_DMA_EnableIT_TCP11DMA_TypeDefj  judgement.o
    0x08005d04   0x08005d04   0x00000010   Code   RO           16    .text._ZL18LL_RCC_HSE_IsReadyv  main.o
    0x08005d14   0x08005d14   0x00000010   Code   RO           24    .text._ZL18LL_RCC_LSI_IsReadyv  main.o
    0x08005d24   0x08005d24   0x00000010   Code   RO           32    .text._ZL18LL_RCC_PLL_IsReadyv  main.o
    0x08005d34   0x08005d34   0x00000044   Code   RO           61    .text._ZL18__NVIC_SetPriority9IRQn_Typej  board.o
    0x08005d78   0x08005d78   0x00000044   Code   RO          875    .text._ZL18__NVIC_SetPriority9IRQn_Typej  dbus.o
    0x08005dbc   0x08005dbc   0x00000044   Code   RO          990    .text._ZL18__NVIC_SetPriority9IRQn_Typej  judgement.o
    0x08005e00   0x08005e00   0x00000044   Code   RO         1100    .text._ZL18__NVIC_SetPriority9IRQn_Typej  vision.o
    0x08005e44   0x08005e44   0x00000026   Code   RO           75    .text._ZL18__NVIC_SystemResetv  board.o
    0x08005e6a   0x08005e6a   0x00000002   PAD
    0x08005e6c   0x08005e6c   0x00000024   Code   RO         1052    .text._ZL19LL_DMA_DisableIT_TCP11DMA_TypeDefj  judgement.o
    0x08005e90   0x08005e90   0x00000010   Code   RO           10    .text._ZL19LL_FLASH_GetLatencyv  main.o
    0x08005ea0   0x08005ea0   0x0000001c   Code   RO            8    .text._ZL19LL_FLASH_SetLatencyj  main.o
    0x08005ebc   0x08005ebc   0x00000012   Code   RO           18    .text._ZL19LL_RCC_HSI48_Enablev  main.o
    0x08005ece   0x08005ece   0x00000002   PAD
    0x08005ed0   0x08005ed0   0x0000006e   Code   RO           63    .text._ZL19NVIC_EncodePriorityjjj  board.o
    0x08005f3e   0x08005f3e   0x00000002   PAD
    0x08005f40   0x08005f40   0x0000006e   Code   RO          877    .text._ZL19NVIC_EncodePriorityjjj  dbus.o
    0x08005fae   0x08005fae   0x00000002   PAD
    0x08005fb0   0x08005fb0   0x0000006e   Code   RO          992    .text._ZL19NVIC_EncodePriorityjjj  judgement.o
    0x0800601e   0x0800601e   0x00000002   PAD
    0x08006020   0x08006020   0x0000006e   Code   RO         1102    .text._ZL19NVIC_EncodePriorityjjj  vision.o
    0x0800608e   0x0800608e   0x00000002   PAD
    0x08006090   0x08006090   0x00000010   Code   RO         1020    .text._ZL20LL_DMA_ClearFlag_TC4P11DMA_TypeDef  judgement.o
    0x080060a0   0x080060a0   0x00000010   Code   RO         1056    .text._ZL20LL_DMA_ClearFlag_TC5P11DMA_TypeDef  judgement.o
    0x080060b0   0x080060b0   0x00000024   Code   RO          895    .text._ZL20LL_DMA_EnableChannelP11DMA_TypeDefj  dbus.o
    0x080060d4   0x080060d4   0x00000024   Code   RO         1012    .text._ZL20LL_DMA_EnableChannelP11DMA_TypeDefj  judgement.o
    0x080060f8   0x080060f8   0x00000024   Code   RO         1098    .text._ZL20LL_DMA_EnableChannelP11DMA_TypeDefj  vision.o
    0x0800611c   0x0800611c   0x00000022   Code   RO          913    .text._ZL20LL_DMA_GetDataLengthP11DMA_TypeDefj  dbus.o
    0x0800613e   0x0800613e   0x00000002   PAD
    0x08006140   0x08006140   0x00000022   Code   RO         1024    .text._ZL20LL_DMA_GetDataLengthP11DMA_TypeDefj  judgement.o
    0x08006162   0x08006162   0x00000002   PAD
    0x08006164   0x08006164   0x00000036   Code   RO          917    .text._ZL20LL_DMA_SetDataLengthP11DMA_TypeDefjj  dbus.o
    0x0800619a   0x0800619a   0x00000002   PAD
    0x0800619c   0x0800619c   0x00000036   Code   RO         1128    .text._ZL20LL_DMA_SetDataLengthP11DMA_TypeDefjj  vision.o
    0x080061d2   0x080061d2   0x00000002   PAD
    0x080061d4   0x080061d4   0x00000010   Code   RO           20    .text._ZL20LL_RCC_HSI48_IsReadyv  main.o
    0x080061e4   0x080061e4   0x00000012   Code   RO         1176    .text._ZL20LL_TIM_EnableCounterP11TIM_TypeDef  gugu.o
    0x080061f6   0x080061f6   0x00000002   PAD
    0x080061f8   0x080061f8   0x00000012   Code   RO          887    .text._ZL20LL_USART_DisableFIFOP13USART_TypeDef  dbus.o
    0x0800620a   0x0800620a   0x00000002   PAD
    0x0800620c   0x0800620c   0x00000012   Code   RO         1002    .text._ZL20LL_USART_DisableFIFOP13USART_TypeDef  judgement.o
    0x0800621e   0x0800621e   0x00000002   PAD
    0x08006220   0x08006220   0x00000012   Code   RO         1112    .text._ZL20LL_USART_DisableFIFOP13USART_TypeDef  vision.o
    0x08006232   0x08006232   0x00000002   PAD
    0x08006234   0x08006234   0x00000024   Code   RO          915    .text._ZL21LL_DMA_DisableChannelP11DMA_TypeDefj  dbus.o
    0x08006258   0x08006258   0x00000024   Code   RO         1054    .text._ZL21LL_DMA_DisableChannelP11DMA_TypeDefj  judgement.o
    0x0800627c   0x0800627c   0x00000024   Code   RO         1126    .text._ZL21LL_DMA_DisableChannelP11DMA_TypeDefj  vision.o
    0x080062a0   0x080062a0   0x00000010   Code   RO         1506    .text._ZL21LL_IWDG_ReloadCounterP12IWDG_TypeDef  iwdg.o
    0x080062b0   0x080062b0   0x000000f6   Code   RO         1166    .text._ZL21LL_TIM_OC_DisableFastP11TIM_TypeDefj  gugu.o
    0x080063a6   0x080063a6   0x00000002   PAD
    0x080063a8   0x080063a8   0x00000020   Code   RO         1162    .text._ZL21LL_TIM_SetClockSourceP11TIM_TypeDefj  gugu.o
    0x080063c8   0x080063c8   0x0000000e   Code   RO          911    .text._ZL21LL_USART_ReceiveData8P13USART_TypeDef  dbus.o
    0x080063d6   0x080063d6   0x00000002   PAD
    0x080063d8   0x080063d8   0x0000000e   Code   RO         1136    .text._ZL21LL_USART_ReceiveData8P13USART_TypeDef  vision.o
    0x080063e6   0x080063e6   0x00000002   PAD
    0x080063e8   0x080063e8   0x00000010   Code   RO          784    .text._ZL22LL_GPIO_ResetOutputPinP12GPIO_TypeDefj  led.o
    0x080063f8   0x080063f8   0x00000010   Code   RO           38    .text._ZL22LL_RCC_GetSysClkSourcev  main.o
    0x08006408   0x08006408   0x0000001c   Code   RO           36    .text._ZL22LL_RCC_SetAHBPrescalerj  main.o
    0x08006424   0x08006424   0x0000001c   Code   RO           34    .text._ZL22LL_RCC_SetSysClkSourcej  main.o
    0x08006440   0x08006440   0x00000012   Code   RO          897    .text._ZL22LL_USART_EnableIT_IDLEP13USART_TypeDef  dbus.o
    0x08006452   0x08006452   0x00000002   PAD
    0x08006454   0x08006454   0x00000012   Code   RO         1122    .text._ZL22LL_USART_EnableIT_IDLEP13USART_TypeDef  vision.o
    0x08006466   0x08006466   0x00000002   PAD
    0x08006468   0x08006468   0x00000010   Code   RO         1018    .text._ZL23LL_DMA_IsActiveFlag_TC4P11DMA_TypeDef  judgement.o
    0x08006478   0x08006478   0x0000001c   Code   RO           40    .text._ZL23LL_RCC_SetAPB1Prescalerj  main.o
    0x08006494   0x08006494   0x0000001c   Code   RO           42    .text._ZL23LL_RCC_SetAPB2Prescalerj  main.o
    0x080064b0   0x080064b0   0x00000014   Code   RO         1174    .text._ZL23LL_TIM_CC_EnableChannelP11TIM_TypeDefj  gugu.o
    0x080064c4   0x080064c4   0x00000012   Code   RO         1160    .text._ZL23LL_TIM_EnableARRPreloadP11TIM_TypeDef  gugu.o
    0x080064d6   0x080064d6   0x00000002   PAD
    0x080064d8   0x080064d8   0x000000f4   Code   RO         1164    .text._ZL23LL_TIM_OC_EnablePreloadP11TIM_TypeDefj  gugu.o
    0x080065cc   0x080065cc   0x00000010   Code   RO         1178    .text._ZL23LL_TIM_OC_SetCompareCH1P11TIM_TypeDefj  gugu.o
    0x080065dc   0x080065dc   0x00000010   Code   RO         1180    .text._ZL23LL_TIM_OC_SetCompareCH2P11TIM_TypeDefj  gugu.o
    0x080065ec   0x080065ec   0x00000020   Code   RO         1168    .text._ZL23LL_TIM_SetTriggerOutputP11TIM_TypeDefj  gugu.o
    0x0800660c   0x0800660c   0x0000000e   Code   RO          909    .text._ZL23LL_USART_ClearFlag_IDLEP13USART_TypeDef  dbus.o
    0x0800661a   0x0800661a   0x00000002   PAD
    0x0800661c   0x0800661c   0x0000000e   Code   RO         1134    .text._ZL23LL_USART_ClearFlag_IDLEP13USART_TypeDef  vision.o
    0x0800662a   0x0800662a   0x00000002   PAD
    0x0800662c   0x0800662c   0x00000022   Code   RO          869    .text._ZL24LL_AHB1_GRP1_EnableClockj  dbus.o
    0x0800664e   0x0800664e   0x00000002   PAD
    0x08006650   0x08006650   0x00000022   Code   RO          984    .text._ZL24LL_AHB1_GRP1_EnableClockj  judgement.o
    0x08006672   0x08006672   0x00000002   PAD
    0x08006674   0x08006674   0x00000022   Code   RO         1092    .text._ZL24LL_AHB1_GRP1_EnableClockj  vision.o
    0x08006696   0x08006696   0x00000002   PAD
    0x08006698   0x08006698   0x00000022   Code   RO          782    .text._ZL24LL_AHB2_GRP1_EnableClockj  led.o
    0x080066ba   0x080066ba   0x00000002   PAD
    0x080066bc   0x080066bc   0x00000022   Code   RO          873    .text._ZL24LL_AHB2_GRP1_EnableClockj  dbus.o
    0x080066de   0x080066de   0x00000002   PAD
    0x080066e0   0x080066e0   0x00000022   Code   RO          988    .text._ZL24LL_AHB2_GRP1_EnableClockj  judgement.o
    0x08006702   0x08006702   0x00000002   PAD
    0x08006704   0x08006704   0x00000022   Code   RO         1096    .text._ZL24LL_AHB2_GRP1_EnableClockj  vision.o
    0x08006726   0x08006726   0x00000002   PAD
    0x08006728   0x08006728   0x00000022   Code   RO         1172    .text._ZL24LL_AHB2_GRP1_EnableClockj  gugu.o
    0x0800674a   0x0800674a   0x00000002   PAD
    0x0800674c   0x0800674c   0x00000022   Code   RO          871    .text._ZL24LL_APB1_GRP1_EnableClockj  dbus.o
    0x0800676e   0x0800676e   0x00000002   PAD
    0x08006770   0x08006770   0x00000022   Code   RO          986    .text._ZL24LL_APB1_GRP1_EnableClockj  judgement.o
    0x08006792   0x08006792   0x00000002   PAD
    0x08006794   0x08006794   0x00000022   Code   RO         1158    .text._ZL24LL_APB1_GRP1_EnableClockj  gugu.o
    0x080067b6   0x080067b6   0x00000002   PAD
    0x080067b8   0x080067b8   0x00000022   Code   RO         1094    .text._ZL24LL_APB2_GRP1_EnableClockj  vision.o
    0x080067da   0x080067da   0x00000002   PAD
    0x080067dc   0x080067dc   0x0000001c   Code   RO           46    .text._ZL24LL_RCC_SetUSBClockSourcej  main.o
    0x080067f8   0x080067f8   0x0000001c   Code   RO          889    .text._ZL24LL_USART_ConfigAsyncModeP13USART_TypeDef  dbus.o
    0x08006814   0x08006814   0x0000001c   Code   RO         1004    .text._ZL24LL_USART_ConfigAsyncModeP13USART_TypeDef  judgement.o
    0x08006830   0x08006830   0x0000001c   Code   RO         1114    .text._ZL24LL_USART_ConfigAsyncModeP13USART_TypeDef  vision.o
    0x0800684c   0x0800684c   0x00000012   Code   RO          891    .text._ZL24LL_USART_EnableDMAReq_RXP13USART_TypeDef  dbus.o
    0x0800685e   0x0800685e   0x00000002   PAD
    0x08006860   0x08006860   0x00000012   Code   RO         1008    .text._ZL24LL_USART_EnableDMAReq_RXP13USART_TypeDef  judgement.o
    0x08006872   0x08006872   0x00000002   PAD
    0x08006874   0x08006874   0x00000012   Code   RO         1116    .text._ZL24LL_USART_EnableDMAReq_RXP13USART_TypeDef  vision.o
    0x08006886   0x08006886   0x00000002   PAD
    0x08006888   0x08006888   0x00000012   Code   RO         1006    .text._ZL24LL_USART_EnableDMAReq_TXP13USART_TypeDef  judgement.o
    0x0800689a   0x0800689a   0x00000002   PAD
    0x0800689c   0x0800689c   0x00000012   Code   RO         1118    .text._ZL24LL_USART_EnableDMAReq_TXP13USART_TypeDef  vision.o
    0x080068ae   0x080068ae   0x00000002   PAD
    0x080068b0   0x080068b0   0x0000001c   Code   RO           44    .text._ZL26LL_RCC_SetFDCANClockSourcej  main.o
    0x080068cc   0x080068cc   0x0000001e   Code   RO           48    .text._ZL26LL_RCC_SetUSARTClockSourcej  main.o
    0x080068ea   0x080068ea   0x00000002   PAD
    0x080068ec   0x080068ec   0x00000010   Code   RO          907    .text._ZL26LL_USART_IsActiveFlag_IDLEP13USART_TypeDef  dbus.o
    0x080068fc   0x080068fc   0x00000010   Code   RO         1132    .text._ZL26LL_USART_IsActiveFlag_IDLEP13USART_TypeDef  vision.o
    0x0800690c   0x0800690c   0x00000010   Code   RO           65    .text._ZL26__NVIC_GetPriorityGroupingv  board.o
    0x0800691c   0x0800691c   0x00000010   Code   RO          879    .text._ZL26__NVIC_GetPriorityGroupingv  dbus.o
    0x0800692c   0x0800692c   0x00000010   Code   RO          994    .text._ZL26__NVIC_GetPriorityGroupingv  judgement.o
    0x0800693c   0x0800693c   0x00000010   Code   RO         1104    .text._ZL26__NVIC_GetPriorityGroupingv  vision.o
    0x0800694c   0x0800694c   0x0000003c   Code   RO            6    .text._ZL26__NVIC_SetPriorityGroupingj  main.o
    0x08006988   0x08006988   0x00000036   Code   RO           26    .text._ZL27LL_RCC_PLL_ConfigDomain_SYSjjjj  main.o
    0x080069be   0x080069be   0x00000002   PAD
    0x080069c0   0x080069c0   0x00000012   Code   RO           28    .text._ZL27LL_RCC_PLL_EnableDomain_SYSv  main.o
    0x080069d2   0x080069d2   0x00000002   PAD
    0x080069d4   0x080069d4   0x0000001c   Code   RO          885    .text._ZL27LL_USART_SetRXFIFOThresholdP13USART_TypeDefj  dbus.o
    0x080069f0   0x080069f0   0x0000001c   Code   RO         1000    .text._ZL27LL_USART_SetRXFIFOThresholdP13USART_TypeDefj  judgement.o
    0x08006a0c   0x08006a0c   0x0000001c   Code   RO         1110    .text._ZL27LL_USART_SetRXFIFOThresholdP13USART_TypeDefj  vision.o
    0x08006a28   0x08006a28   0x0000001c   Code   RO          883    .text._ZL27LL_USART_SetTXFIFOThresholdP13USART_TypeDefj  dbus.o
    0x08006a44   0x08006a44   0x0000001c   Code   RO          998    .text._ZL27LL_USART_SetTXFIFOThresholdP13USART_TypeDefj  judgement.o
    0x08006a60   0x08006a60   0x0000001c   Code   RO         1108    .text._ZL27LL_USART_SetTXFIFOThresholdP13USART_TypeDefj  vision.o
    0x08006a7c   0x08006a7c   0x00000012   Code   RO           12    .text._ZL28LL_PWR_EnableRange1BoostModev  main.o
    0x08006a8e   0x08006a8e   0x00000002   PAD
    0x08006a90   0x08006a90   0x00000012   Code   RO         1170    .text._ZL29LL_TIM_DisableMasterSlaveModeP11TIM_TypeDef  gugu.o
    0x08006aa2   0x08006aa2   0x00000002   PAD
    0x08006aa4   0x08006aa4   0x000000d4   Code   RO         1534    .text._ZN10CanSendMsgC2EP19FDCAN_HandleTypeDefbj  fdcan.o
    0x08006b78   0x08006b78   0x0000000e   Code   RO          628    .text._ZN10CheckState4exitEv  checkorestate.o
    0x08006b86   0x08006b86   0x00000002   PAD
    0x08006b88   0x08006b88   0x0000007e   Code   RO          626    .text._ZN10CheckState6updateEv  checkorestate.o
    0x08006c06   0x08006c06   0x00000002   PAD
    0x08006c08   0x08006c08   0x00000026   Code   RO          624    .text._ZN10CheckStateC2EPP5State  checkorestate.o
    0x08006c2e   0x08006c2e   0x00000002   PAD
    0x08006c30   0x08006c30   0x00000016   Code   RO          363    .text._ZN10GimbalTask3runEv  gimbaltask.o
    0x08006c46   0x08006c46   0x00000002   PAD
    0x08006c48   0x08006c48   0x0000001c   Code   RO          361    .text._ZN10GimbalTask4initEv  gimbaltask.o
    0x08006c64   0x08006c64   0x00000022   Code   RO          378    .text._ZN10GimbalTaskC2Ev  gimbaltask.o
    0x08006c86   0x08006c86   0x00000002   PAD
    0x08006c88   0x08006c88   0x00000018   Code   RO          261    .text._ZN10JointAngleC2Ev  devlist.o
    0x08006ca0   0x08006ca0   0x0000001e   Code   RO          265    .text._ZN10JointStateC2Ev  devlist.o
    0x08006cbe   0x08006cbe   0x00000002   PAD
    0x08006cc0   0x08006cc0   0x00000ab8   Code   RO         1456    .text._ZN10Kinematics13GetJointAngleE8EndPointh  kinematics.o
    0x08007778   0x08007778   0x00000694   Code   RO         1454    .text._ZN10Kinematics13mat2qua2eulerEPA3_fPf  kinematics.o
    0x08007e0c   0x08007e0c   0x0000000a   Code   RO         1450    .text._ZN10KinematicsC2Ev  kinematics.o
    0x08007e16   0x08007e16   0x00000002   PAD
    0x08007e18   0x08007e18   0x00000104   Code   RO          899    .text._ZN10RemoteCtrl10handleDataEPVKh  dbus.o
    0x08007f1c   0x08007f1c   0x00000094   Code   RO          901    .text._ZN10RemoteCtrl12motionDetectEv  dbus.o
    0x08007fb0   0x08007fb0   0x00000134   Code   RO          903    .text._ZN10RemoteCtrl12taskScheduleEv  dbus.o
    0x080080e4   0x080080e4   0x00000158   Code   RO          867    .text._ZN10RemoteCtrl4initEv  dbus.o
    0x0800823c   0x0800823c   0x0000001a   Code   RO          934    .text._ZN10RemoteCtrlC2Ev  dbus.o
    0x08008256   0x08008256   0x00000002   PAD
    0x08008258   0x08008258   0x00000800   Code   RO         1265    .text._ZN10RoboticArm11GetNowParamEv  arm.o
    0x08008a58   0x08008a58   0x00000240   Code   RO         1267    .text._ZN10RoboticArm12ctrlPositionE10JointState8EndForceh  arm.o
    0x08008c98   0x08008c98   0x000000a8   Code   RO         1263    .text._ZN10RoboticArm15CalculateToMechE10JointAngle  arm.o
    0x08008d40   0x08008d40   0x0000029c   Code   RO         1269    .text._ZN10RoboticArm20CalculateAngleHandleE10JointAngle  arm.o
    0x08008fdc   0x08008fdc   0x00000044   Code   RO         1259    .text._ZN10RoboticArmC2Ev  arm.o
    0x08009020   0x08009020   0x00000008   Code   RO          339    .text._ZN11ChassisTask14enableCallBackEv  chassistask.o
    0x08009028   0x08009028   0x00000008   Code   RO          341    .text._ZN11ChassisTask15disableCallBackEv  chassistask.o
    0x08009030   0x08009030   0x00000008   Code   RO          337    .text._ZN11ChassisTask16rcUpdateCallBackEv  chassistask.o
    0x08009038   0x08009038   0x00000016   Code   RO          343    .text._ZN11ChassisTask3runEv  chassistask.o
    0x0800904e   0x0800904e   0x00000002   PAD
    0x08009050   0x08009050   0x0000000e   Code   RO          335    .text._ZN11ChassisTask4initEv  chassistask.o
    0x0800905e   0x0800905e   0x00000002   PAD
    0x08009060   0x08009060   0x00000022   Code   RO          358    .text._ZN11ChassisTaskC2Ev  chassistask.o
    0x08009082   0x08009082   0x00000002   PAD
    0x08009084   0x08009084   0x00000070   Code   RO         1222    .text._ZN11DoubleMotorC2EP5MotorS1_a  doublemotor.o
    0x080090f4   0x080090f4   0x00000012   Code   RO          263    .text._ZN11JointTorqueC2Ev  devlist.o
    0x08009106   0x08009106   0x00000002   PAD
    0x08009108   0x08009108   0x0000000e   Code   RO          433    .text._ZN11OffsetState4exitEv  offsetstatemachine.o
    0x08009116   0x08009116   0x00000002   PAD
    0x08009118   0x08009118   0x00000008   Code   RO          431    .text._ZN11OffsetState6updateEv  offsetstatemachine.o
    0x08009120   0x08009120   0x0000002c   Code   RO          429    .text._ZN11OffsetStateC2EPP5State  offsetstatemachine.o
    0x0800914c   0x0800914c   0x00000024   Code   RO         1582    .text._ZN11SelfCanFIFO12getFIFOCountEv  fdcan.o
    0x08009170   0x08009170   0x00000046   Code   RO         1540    .text._ZN11SelfCanFIFO3popEv  fdcan.o
    0x080091b6   0x080091b6   0x00000002   PAD
    0x080091b8   0x080091b8   0x000000ee   Code   RO         1536    .text._ZN11SelfCanFIFO4pushE13MyCanTxStruct  fdcan.o
    0x080092a6   0x080092a6   0x00000002   PAD
    0x080092a8   0x080092a8   0x00000060   Code   RO         1538    .text._ZN11SelfCanFIFO7trySendEv  fdcan.o
    0x08009308   0x08009308   0x00000070   Code   RO         1584    .text._ZN11SelfCanFIFOC2EP19FDCAN_HandleTypeDef  fdcan.o
    0x08009378   0x08009378   0x0000001e   Code   RO         1296    .text._ZN11VirtualTask12setAlwaysRunEb  virtualtask.o
    0x08009396   0x08009396   0x00000002   PAD
    0x08009398   0x08009398   0x00000008   Code   RO          295    .text._ZN11VirtualTask14enableCallBackEv  ledtask.o
    0x080093a0   0x080093a0   0x00000008   Code   RO          297    .text._ZN11VirtualTask15disableCallBackEv  ledtask.o
    0x080093a8   0x080093a8   0x00000008   Code   RO          293    .text._ZN11VirtualTask16rcUpdateCallBackEv  ledtask.o
    0x080093b0   0x080093b0   0x00000090   Code   RO         1294    .text._ZN11VirtualTaskC2Ev  virtualtask.o
    0x08009440   0x08009440   0x00000014   Code   RO         1312    .text._ZN12StateMachine6updateEv  statemachine.o
    0x08009454   0x08009454   0x00000088   Code   RO         1310    .text._ZN12StateMachineC2Ev  statemachine.o
    0x080094dc   0x080094dc   0x0000000e   Code   RO          561    .text._ZN13ExchangeState4exitEv  exchangeorestate.o
    0x080094ea   0x080094ea   0x00000002   PAD
    0x080094ec   0x080094ec   0x0000007e   Code   RO          559    .text._ZN13ExchangeState6updateEv  exchangeorestate.o
    0x0800956a   0x0800956a   0x00000002   PAD
    0x0800956c   0x0800956c   0x00000026   Code   RO          557    .text._ZN13ExchangeStateC2EPP5State  exchangeorestate.o
    0x08009592   0x08009592   0x00000002   PAD
    0x08009594   0x08009594   0x0000000e   Code   RO          586    .text._ZN13HandModeState4exitEv  handmodestate.o
    0x080095a2   0x080095a2   0x00000002   PAD
    0x080095a4   0x080095a4   0x0000007e   Code   RO          584    .text._ZN13HandModeState6updateEv  handmodestate.o
    0x08009622   0x08009622   0x00000002   PAD
    0x08009624   0x08009624   0x00000026   Code   RO          582    .text._ZN13HandModeStateC2EPP5State  handmodestate.o
    0x0800964a   0x0800964a   0x00000002   PAD
    0x0800964c   0x0800964c   0x0000004c   Code   RO          973    .text._ZN13MyCanTxStructC2EjPh  dmmotor.o
    0x08009698   0x08009698   0x0000000e   Code   RO          500    .text._ZN13TakeGoldState4exitEv  takegoldstate.o
    0x080096a6   0x080096a6   0x00000002   PAD
    0x080096a8   0x080096a8   0x000000e8   Code   RO          498    .text._ZN13TakeGoldState6updateEv  takegoldstate.o
    0x08009790   0x08009790   0x00000026   Code   RO          496    .text._ZN13TakeGoldStateC2EPP5State  takegoldstate.o
    0x080097b6   0x080097b6   0x00000002   PAD
    0x080097b8   0x080097b8   0x0000000e   Code   RO          463    .text._ZN13TakeInitState4exitEv  oremotionstatemachine.o
    0x080097c6   0x080097c6   0x00000002   PAD
    0x080097c8   0x080097c8   0x000005fe   Code   RO          461    .text._ZN13TakeInitState6updateEv  oremotionstatemachine.o
    0x08009dc6   0x08009dc6   0x00000002   PAD
    0x08009dc8   0x08009dc8   0x0000002c   Code   RO          459    .text._ZN13TakeInitStateC2EPP5State  oremotionstatemachine.o
    0x08009df4   0x08009df4   0x0000000e   Code   RO          541    .text._ZN14TakeFloorState4exitEv  pickorestate.o
    0x08009e02   0x08009e02   0x00000002   PAD
    0x08009e04   0x08009e04   0x0000007e   Code   RO          539    .text._ZN14TakeFloorState6updateEv  pickorestate.o
    0x08009e82   0x08009e82   0x00000002   PAD
    0x08009e84   0x08009e84   0x00000026   Code   RO          537    .text._ZN14TakeFloorStateC2EPP5State  pickorestate.o
    0x08009eaa   0x08009eaa   0x00000002   PAD
    0x08009eac   0x08009eac   0x00000014   Code   RO          471    .text._ZN16ExitPerfectState4exitEv  oremotionstatemachine.o
    0x08009ec0   0x08009ec0   0x00000008   Code   RO          469    .text._ZN16ExitPerfectState6updateEv  oremotionstatemachine.o
    0x08009ec8   0x08009ec8   0x00000026   Code   RO          467    .text._ZN16ExitPerfectStateC2EPP5State  oremotionstatemachine.o
    0x08009eee   0x08009eee   0x00000002   PAD
    0x08009ef0   0x08009ef0   0x0000000e   Code   RO          520    .text._ZN16TakeSilveryState4exitEv  takesilverystate.o
    0x08009efe   0x08009efe   0x00000002   PAD
    0x08009f00   0x08009f00   0x0000007e   Code   RO          518    .text._ZN16TakeSilveryState6updateEv  takesilverystate.o
    0x08009f7e   0x08009f7e   0x00000002   PAD
    0x08009f80   0x08009f80   0x00000026   Code   RO          516    .text._ZN16TakeSilveryStateC2EPP5State  takesilverystate.o
    0x08009fa6   0x08009fa6   0x00000002   PAD
    0x08009fa8   0x08009fa8   0x00000012   Code   RO         1151    .text._ZN16VisionRecvStructC2Ev  vision.o
    0x08009fba   0x08009fba   0x00000002   PAD
    0x08009fbc   0x08009fbc   0x00000012   Code   RO         1153    .text._ZN16VisionSendStructC2Ev  vision.o
    0x08009fce   0x08009fce   0x00000002   PAD
    0x08009fd0   0x08009fd0   0x00000128   Code   RO         1389    .text._ZN2Kf12KalmanFilterEdddh  filter.o
    0x0800a0f8   0x0800a0f8   0x000000a4   Code   RO          742    .text._ZN3Air14SendDataUpdateEv  air.o
    0x0800a19c   0x0800a19c   0x00000058   Code   RO          744    .text._ZN3Air4StopEv  air.o
    0x0800a1f4   0x0800a1f4   0x0000007e   Code   RO          740    .text._ZN3AirC2Ev   air.o
    0x0800a272   0x0800a272   0x00000002   PAD
    0x0800a274   0x0800a274   0x00000022   Code   RO         1437    .text._ZN3Asr5clearEv  asr.o
    0x0800a296   0x0800a296   0x00000002   PAD
    0x0800a298   0x0800a298   0x00000114   Code   RO         1439    .text._ZN3Asr6setTarEfff  asr.o
    0x0800a3ac   0x0800a3ac   0x000000f6   Code   RO         1441    .text._ZN3Asr6updateEv  asr.o
    0x0800a4a2   0x0800a4a2   0x00000002   PAD
    0x0800a4a4   0x0800a4a4   0x00000020   Code   RO         1435    .text._ZN3AsrC2Ev   asr.o
    0x0800a4c4   0x0800a4c4   0x000000b8   Code   RO         1552    .text._ZN3Can14disforceHandleEv  fdcan.o
    0x0800a57c   0x0800a57c   0x00000052   Code   RO         1546    .text._ZN3Can4initEP19FDCAN_HandleTypeDef  fdcan.o
    0x0800a5ce   0x0800a5ce   0x00000002   PAD
    0x0800a5d0   0x0800a5d0   0x000000de   Code   RO         1548    .text._ZN3Can7sendMsgEv  fdcan.o
    0x0800a6ae   0x0800a6ae   0x00000002   PAD
    0x0800a6b0   0x0800a6b0   0x00000038   Code   RO          786    .text._ZN3Led4ctrlEh  led.o
    0x0800a6e8   0x0800a6e8   0x0000005e   Code   RO          780    .text._ZN3Led4initEt  led.o
    0x0800a746   0x0800a746   0x00000002   PAD
    0x0800a748   0x0800a748   0x000000d8   Code   RO          788    .text._ZN3Led4showEh  led.o
    0x0800a820   0x0800a820   0x000000a4   Code   RO         1335    .text._ZN3Pid10paramCheckEh  pid.o
    0x0800a8c4   0x0800a8c4   0x0000001a   Code   RO         1333    .text._ZN3Pid5clearEv  pid.o
    0x0800a8de   0x0800a8de   0x00000002   PAD
    0x0800a8e0   0x0800a8e0   0x0000005a   Code   RO         1329    .text._ZN3Pid7setPlanEiP8PidParam  pid.o
    0x0800a93a   0x0800a93a   0x00000002   PAD
    0x0800a93c   0x0800a93c   0x0000005c   Code   RO         1325    .text._ZN3Pid8setParamEifffff  pid.o
    0x0800a998   0x0800a998   0x00000612   Code   RO         1339    .text._ZN3Pid9calculateEh  pid.o
    0x0800afaa   0x0800afaa   0x00000002   PAD
    0x0800afac   0x0800afac   0x00000026   Code   RO         1323    .text._ZN3PidC2Ev   pid.o
    0x0800afd2   0x0800afd2   0x00000002   PAD
    0x0800afd4   0x0800afd4   0x0000015c   Code   RO         1156    .text._ZN4Gugu4initEv  gugu.o
    0x0800b130   0x0800b130   0x0000009c   Code   RO         1182    .text._ZN4Gugu6updateEv  gugu.o
    0x0800b1cc   0x0800b1cc   0x00000016   Code   RO         1508    .text._ZN4Iwdg4feedEv  iwdg.o
    0x0800b1e2   0x0800b1e2   0x00000002   PAD
    0x0800b1e4   0x0800b1e4   0x00000074   Code   RO         1363    .text._ZN5Cycle9getCycleTEv  cycle.o
    0x0800b258   0x0800b258   0x00000022   Code   RO          271    .text._ZN5CycleC2Ev  devlist.o
    0x0800b27a   0x0800b27a   0x00000002   PAD
    0x0800b27c   0x0800b27c   0x00000094   Code   RO          804    .text._ZN5Motor10canMsgInitEv  motor.o
    0x0800b310   0x0800b310   0x000000e6   Code   RO          816    .text._ZN5Motor11ctrlCurrentEf  motor.o
    0x0800b3f6   0x0800b3f6   0x00000002   PAD
    0x0800b3f8   0x0800b3f8   0x0000000e   Code   RO          832    .text._ZN5Motor11getPositionEv  motor.o
    0x0800b406   0x0800b406   0x00000002   PAD
    0x0800b408   0x0800b408   0x00000038   Code   RO          824    .text._ZN5Motor12ctrlPositionEf  motor.o
    0x0800b440   0x0800b440   0x00000138   Code   RO          820    .text._ZN5Motor13motorPowerOutEf  motor.o
    0x0800b578   0x0800b578   0x0000009c   Code   RO          818    .text._ZN5Motor15overHeatProtectEs  motor.o
    0x0800b614   0x0800b614   0x0000001a   Code   RO          862    .text._ZN5Motor7CanInfoC2Ev  motor.o
    0x0800b62e   0x0800b62e   0x00000002   PAD
    0x0800b630   0x0800b630   0x0000003e   Code   RO          806    .text._ZN5Motor7setPlanEihP8PidParam  motor.o
    0x0800b66e   0x0800b66e   0x00000002   PAD
    0x0800b670   0x0800b670   0x00000074   Code   RO          808    .text._ZN5Motor8setParamEihfffff  motor.o
    0x0800b6e4   0x0800b6e4   0x00000004   PAD
    0x0800b6e8   0x0800b6e8   0x00000288   Code   RO          842    .text._ZN5Motor9canHandleEPh  motor.o
    0x0800b970   0x0800b970   0x0000006e   Code   RO          840    .text._ZN5Motor9canOffsetEPh  motor.o
    0x0800b9de   0x0800b9de   0x00000002   PAD
    0x0800b9e0   0x0800b9e0   0x00000038   Code   RO          822    .text._ZN5Motor9ctrlSpeedEf  motor.o
    0x0800ba18   0x0800ba18   0x00000080   Code   RO          802    .text._ZN5Motor9motorInitEv  motor.o
    0x0800ba98   0x0800ba98   0x000001b0   Code   RO          800    .text._ZN5MotorC2E9MotorTypeP19FDCAN_HandleTypeDefj  motor.o
    0x0800bc48   0x0800bc48   0x0000002e   Code   RO          670    .text._ZN5SpeedaSES_  chassis.o
    0x0800bc76   0x0800bc76   0x00000002   PAD
    0x0800bc78   0x0800bc78   0x00000008   Code   RO          451    .text._ZN5State4exitEv  offsetstatemachine.o
    0x0800bc80   0x0800bc80   0x00000008   Code   RO          449    .text._ZN5State6updateEv  offsetstatemachine.o
    0x0800bc88   0x0800bc88   0x0000001a   Code   RO         1308    .text._ZN5State9convertToEPS_  statemachine.o
    0x0800bca2   0x0800bca2   0x00000002   PAD
    0x0800bca4   0x0800bca4   0x00000020   Code   RO          447    .text._ZN5StateC2EPPS_  offsetstatemachine.o
    0x0800bcc4   0x0800bcc4   0x00000098   Code   RO         1207    .text._ZN5Wrist12ctrlPositionEff  wrist.o
    0x0800bd5c   0x0800bd5c   0x00000034   Code   RO         1209    .text._ZN5Wrist12getRollAngleEv  wrist.o
    0x0800bd90   0x0800bd90   0x00000034   Code   RO         1211    .text._ZN5Wrist13getPitchAngleEv  wrist.o
    0x0800bdc4   0x0800bdc4   0x0000007c   Code   RO         1193    .text._ZN5WristC2EP5MotorS1_  wrist.o
    0x0800be40   0x0800be40   0x0000008c   Code   RO          673    .text._ZN6Gimbal4initEv  gimbal.o
    0x0800becc   0x0800becc   0x000000a0   Code   RO          675    .text._ZN6Gimbal6updateEv  gimbal.o
    0x0800bf6c   0x0800bf6c   0x00000022   Code   RO          255    .text._ZN6GimbalC2Ev  devlist.o
    0x0800bf8e   0x0800bf8e   0x00000002   PAD
    0x0800bf90   0x0800bf90   0x0000002c   Code   RO         1350    .text._ZN6Online5checkEv  online.o
    0x0800bfbc   0x0800bfbc   0x00000012   Code   RO         1352    .text._ZN6Online6updateEv  online.o
    0x0800bfce   0x0800bfce   0x00000002   PAD
    0x0800bfd0   0x0800bfd0   0x00000012   Code   RO          123    .text._ZN6Online8isOnlineEv  schedule.o
    0x0800bfe2   0x0800bfe2   0x00000002   PAD
    0x0800bfe4   0x0800bfe4   0x00000012   Code   RO          125    .text._ZN6Online9isOffLineEv  schedule.o
    0x0800bff6   0x0800bff6   0x00000002   PAD
    0x0800bff8   0x0800bff8   0x0000007e   Code   RO         1348    .text._ZN6OnlineC2Ev  online.o
    0x0800c076   0x0800c076   0x00000002   PAD
    0x0800c078   0x0800c078   0x00000070   Code   RO          757    .text._ZN6OreBinC2Eh  orebin.o
    0x0800c0e8   0x0800c0e8   0x000001e6   Code   RO         1090    .text._ZN6Vision4initEv  vision.o
    0x0800c2ce   0x0800c2ce   0x00000002   PAD
    0x0800c2d0   0x0800c2d0   0x0000002a   Code   RO         1149    .text._ZN6VisionC2Ev  vision.o
    0x0800c2fa   0x0800c2fa   0x00000002   PAD
    0x0800c2fc   0x0800c2fc   0x000000d0   Code   RO          646    .text._ZN7Chassis11getNowIndexEh  chassis.o
    0x0800c3cc   0x0800c3cc   0x0000005c   Code   RO          652    .text._ZN7Chassis13takeOreUpdateEP5Speed  chassis.o
    0x0800c428   0x0800c428   0x000008d0   Code   RO          650    .text._ZN7Chassis14keyboardUpdateEP5Speed  chassis.o
    0x0800ccf8   0x0800ccf8   0x0000000a   Code   RO          656    .text._ZN7Chassis17visionSpeedUpdateEP5Speed  chassis.o
    0x0800cd02   0x0800cd02   0x00000002   PAD
    0x0800cd04   0x0800cd04   0x000000c0   Code   RO          654    .text._ZN7Chassis18calcRealWheelSpeedEP5Speed  chassis.o
    0x0800cdc4   0x0800cdc4   0x00000004   PAD
    0x0800cdc8   0x0800cdc8   0x00000214   Code   RO          648    .text._ZN7Chassis19remoteControlUpdateEP5Speed  chassis.o
    0x0800cfdc   0x0800cfdc   0x00000334   Code   RO          658    .text._ZN7Chassis6updateEv  chassis.o
    0x0800d310   0x0800d310   0x000000ec   Code   RO          644    .text._ZN7Chassis9loadParamEv  chassis.o
    0x0800d3fc   0x0800d3fc   0x000000c0   Code   RO          642    .text._ZN7ChassisC2Ev  chassis.o
    0x0800d4bc   0x0800d4bc   0x0000000e   Code   RO          957    .text._ZN7DmMotor11getPositionEv  dmmotor.o
    0x0800d4ca   0x0800d4ca   0x00000002   PAD
    0x0800d4cc   0x0800d4cc   0x000000a0   Code   RO          943    .text._ZN7DmMotor11motorEnableEv  dmmotor.o
    0x0800d56c   0x0800d56c   0x000000ac   Code   RO          955    .text._ZN7DmMotor12ctrlPositionEff  dmmotor.o
    0x0800d618   0x0800d618   0x0000005c   Code   RO          971    .text._ZN7DmMotor13float_to_uintEfffi  dmmotor.o
    0x0800d674   0x0800d674   0x00000056   Code   RO          969    .text._ZN7DmMotor13uint_to_floatEiffi  dmmotor.o
    0x0800d6ca   0x0800d6ca   0x00000002   PAD
    0x0800d6cc   0x0800d6cc   0x00000134   Code   RO          941    .text._ZN7DmMotor7mitCtrlEfffff  dmmotor.o
    0x0800d800   0x0800d800   0x00000058   Code   RO          951    .text._ZN7DmMotor7setPlanEiP9_MitParam  dmmotor.o
    0x0800d858   0x0800d858   0x0000005c   Code   RO          953    .text._ZN7DmMotor8setParamEifffff  dmmotor.o
    0x0800d8b4   0x0800d8b4   0x00000004   PAD
    0x0800d8b8   0x0800d8b8   0x00000130   Code   RO          939    .text._ZN7DmMotor9canHandleEPh  dmmotor.o
    0x0800d9e8   0x0800d9e8   0x0000010e   Code   RO          937    .text._ZN7DmMotorC2EP19FDCAN_HandleTypeDefht  dmmotor.o
    0x0800daf6   0x0800daf6   0x00000002   PAD
    0x0800daf8   0x0800daf8   0x00000024   Code   RO          276    .text._ZN7LedTask3runEv  ledtask.o
    0x0800db1c   0x0800db1c   0x00000022   Code   RO          274    .text._ZN7LedTask4initEv  ledtask.o
    0x0800db3e   0x0800db3e   0x00000002   PAD
    0x0800db40   0x0800db40   0x00000022   Code   RO          291    .text._ZN7LedTaskC2Ev  ledtask.o
    0x0800db62   0x0800db62   0x00000002   PAD
    0x0800db64   0x0800db64   0x00000024   Code   RO          422    .text._ZN7TimeVarC2Ev  smuniversal.o
    0x0800db88   0x0800db88   0x00000024   Code   RO         1404    .text._ZN7VarCale5clearEv  varcalt.o
    0x0800dbac   0x0800dbac   0x00000038   Code   RO         1400    .text._ZN7VarCaleC2Eh  varcalt.o
    0x0800dbe4   0x0800dbe4   0x00000004   PAD
    0x0800dbe8   0x0800dbe8   0x000021e0   Code   RO         1478    .text._ZN8Dynamics14GetJointTorqueE10JointState8EndForce  dynamics.o
    0x0800fdc8   0x0800fdc8   0x0000000a   Code   RO         1472    .text._ZN8DynamicsC2Ev  dynamics.o
    0x0800fdd2   0x0800fdd2   0x00000002   PAD
    0x0800fdd4   0x0800fdd4   0x00000022   Code   RO          267    .text._ZN8EndForceC2Efff  devlist.o
    0x0800fdf6   0x0800fdf6   0x00000002   PAD
    0x0800fdf8   0x0800fdf8   0x00000012   Code   RO          269    .text._ZN8EndForceC2Ev  devlist.o
    0x0800fe0a   0x0800fe0a   0x00000002   PAD
    0x0800fe0c   0x0800fe0c   0x00000018   Code   RO          259    .text._ZN8EndPointC2Ev  devlist.o
    0x0800fe24   0x0800fe24   0x0000001e   Code   RO         1291    .text._ZN8EndStateC2Ev  arm.o
    0x0800fe42   0x0800fe42   0x00000002   PAD
    0x0800fe44   0x0800fe44   0x0000000e   Code   RO          608    .text._ZN8HidState4exitEv  hidarmorstate.o
    0x0800fe52   0x0800fe52   0x00000002   PAD
    0x0800fe54   0x0800fe54   0x0000007e   Code   RO          606    .text._ZN8HidState6updateEv  hidarmorstate.o
    0x0800fed2   0x0800fed2   0x00000002   PAD
    0x0800fed4   0x0800fed4   0x00000026   Code   RO          604    .text._ZN8HidStateC2EPP5State  hidarmorstate.o
    0x0800fefa   0x0800fefa   0x00000002   PAD
    0x0800fefc   0x0800fefc   0x0000001a   Code   RO          257    .text._ZN8PathPlanC2Ev  devlist.o
    0x0800ff16   0x0800ff16   0x00000002   PAD
    0x0800ff18   0x0800ff18   0x00000240   Code   RO          713    .text._ZN9ImageTran15deltaDataUpdateEv  imagetran.o
    0x08010158   0x08010158   0x00000308   Code   RO          715    .text._ZN9ImageTran15teachDataUpdateEv  imagetran.o
    0x08010460   0x08010460   0x00000032   Code   RO          711    .text._ZN9ImageTran16CtrlerDataUpdateEv  imagetran.o
    0x08010492   0x08010492   0x00000002   PAD
    0x08010494   0x08010494   0x00000086   Code   RO          709    .text._ZN9ImageTran9canHandleEP13MyCanRxStruct  imagetran.o
    0x0801051a   0x0801051a   0x00000002   PAD
    0x0801051c   0x0801051c   0x000002e2   Code   RO          686    .text._ZN9JudgeCtrl17updateFirstLoadUiEv  judge.o
    0x080107fe   0x080107fe   0x00000002   PAD
    0x08010800   0x08010800   0x00000008   Code   RO          690    .text._ZN9JudgeCtrl6updateEv  judge.o
    0x08010808   0x08010808   0x00000090   Code   RO          688    .text._ZN9JudgeCtrl8reLoadUiEv  judge.o
    0x08010898   0x08010898   0x0000009e   Code   RO          384    .text._ZN9JudgeTask3runEv  judgetask.o
    0x08010936   0x08010936   0x00000002   PAD
    0x08010938   0x08010938   0x0000001e   Code   RO          382    .text._ZN9JudgeTask4initEv  judgetask.o
    0x08010956   0x08010956   0x00000002   PAD
    0x08010958   0x08010958   0x00000022   Code   RO          399    .text._ZN9JudgeTaskC2Ev  judgetask.o
    0x0801097a   0x0801097a   0x00000002   PAD
    0x0801097c   0x0801097c   0x00000082   Code   RO         1030    .text._ZN9Judgement10customSendEh  judgement.o
    0x080109fe   0x080109fe   0x00000002   PAD
    0x08010a00   0x08010a00   0x000000bc   Code   RO         1042    .text._ZN9Judgement11graphicDrawEh  judgement.o
    0x08010abc   0x08010abc   0x00000014   Code   RO         1085    .text._ZN9Judgement12addFullCountEv  judgement.o
    0x08010ad0   0x08010ad0   0x00000238   Code   RO         1028    .text._ZN9Judgement12getJudgeDataEv  judgement.o
    0x08010d08   0x08010d08   0x0000018c   Code   RO          982    .text._ZN9Judgement12usart3ConfigEv  judgement.o
    0x08010e94   0x08010e94   0x0000003e   Code   RO         1044    .text._ZN9Judgement13characterDrawEv  judgement.o
    0x08010ed2   0x08010ed2   0x00000002   PAD
    0x08010ed4   0x08010ed4   0x000000ee   Code   RO         1036    .text._ZN9Judgement15usart3SendBytesEPvh  judgement.o
    0x08010fc2   0x08010fc2   0x00000002   PAD
    0x08010fc4   0x08010fc4   0x00000010   Code   RO          980    .text._ZN9Judgement4initEv  judgement.o
    0x08010fd4   0x08010fd4   0x0000000c   Code   RO         1032    .text._ZN9Judgement8ClientIdEv  judgement.o
    0x08010fe0   0x08010fe0   0x00000034   Code   RO         1058    .text._ZN9Judgement8IdToMateE10RobotIdDef  judgement.o
    0x08011014   0x08011014   0x00000036   Code   RO         1034    .text._ZN9Judgement8IdToMateEt  judgement.o
    0x0801104a   0x0801104a   0x00000002   PAD
    0x0801104c   0x0801104c   0x000001aa   Code   RO         1026    .text._ZN9Judgement9getLengthEPNS_11FrameHeaderE  judgement.o
    0x080111f6   0x080111f6   0x00000002   PAD
    0x080111f8   0x080111f8   0x0000059e   Code   RO         1022    .text._ZN9Judgement9ringQueueEv  judgement.o
    0x08011796   0x08011796   0x00000002   PAD
    0x08011798   0x08011798   0x0000004c   Code   RO          978    .text._ZN9JudgementC2Ev  judgement.o
    0x080117e4   0x080117e4   0x0000001e   Code   RO         1289    .text._ZN9MechParamC2Ev  arm.o
    0x08011802   0x08011802   0x00000002   PAD
    0x08011804   0x08011804   0x0000004a   Code   RO          304    .text._ZN9StateTask14enableCallBackEv  statetask.o
    0x0801184e   0x0801184e   0x00000002   PAD
    0x08011850   0x08011850   0x00000008   Code   RO          306    .text._ZN9StateTask15disableCallBackEv  statetask.o
    0x08011858   0x08011858   0x00000008   Code   RO          302    .text._ZN9StateTask16rcUpdateCallBackEv  statetask.o
    0x08011860   0x08011860   0x00000114   Code   RO          308    .text._ZN9StateTask3runEv  statetask.o
    0x08011974   0x08011974   0x00000014   Code   RO          300    .text._ZN9StateTask4initEv  statetask.o
    0x08011988   0x08011988   0x00000022   Code   RO          332    .text._ZN9StateTaskC2Ev  statetask.o
    0x080119aa   0x080119aa   0x0000000c   Code   RO         2877    .text._ZSt15get_new_handlerv  libcppabi_w.l(cxa_handlers.cpp.o)
    0x080119b6   0x080119b6   0x00000002   PAD
    0x080119b8   0x080119b8   0x00000026   Code   RO         2616    .text._Znwj         libcpp_w.l(new.cpp.o)
    0x080119de   0x080119de   0x00000002   PAD
    0x080119e0   0x080119e0   0x00000034   Code   RO         2298    .text.__NVIC_EnableIRQ  stm32g4xx_hal_cortex.o
    0x08011a14   0x08011a14   0x00000010   Code   RO         2290    .text.__NVIC_GetPriorityGrouping  stm32g4xx_hal_cortex.o
    0x08011a24   0x08011a24   0x00000044   Code   RO         2292    .text.__NVIC_SetPriority  stm32g4xx_hal_cortex.o
    0x08011a68   0x08011a68   0x00000028   Code   RO         2659    .text.__cxa_pure_virtual  libcppabi_w.l(cxa_virtual.cpp.o)
    0x08011a90   0x08011a90   0x00000010   Code   RO          154    .text.__cxx_global_var_init  devlist.o
    0x08011aa0   0x08011aa0   0x00000010   Code   RO          278    .text.__cxx_global_var_init  ledtask.o
    0x08011ab0   0x08011ab0   0x00000010   Code   RO          310    .text.__cxx_global_var_init  statetask.o
    0x08011ac0   0x08011ac0   0x00000010   Code   RO          345    .text.__cxx_global_var_init  chassistask.o
    0x08011ad0   0x08011ad0   0x00000010   Code   RO          365    .text.__cxx_global_var_init  gimbaltask.o
    0x08011ae0   0x08011ae0   0x00000010   Code   RO          386    .text.__cxx_global_var_init  judgetask.o
    0x08011af0   0x08011af0   0x00000010   Code   RO          402    .text.__cxx_global_var_init  smuniversal.o
    0x08011b00   0x08011b00   0x00000010   Code   RO          425    .text.__cxx_global_var_init  offsetstatemachine.o
    0x08011b10   0x08011b10   0x00000010   Code   RO          455    .text.__cxx_global_var_init  oremotionstatemachine.o
    0x08011b20   0x08011b20   0x00000018   Code   RO          494    .text.__cxx_global_var_init  takegoldstate.o
    0x08011b38   0x08011b38   0x00000018   Code   RO          514    .text.__cxx_global_var_init  takesilverystate.o
    0x08011b50   0x08011b50   0x00000018   Code   RO          535    .text.__cxx_global_var_init  pickorestate.o
    0x08011b68   0x08011b68   0x00000018   Code   RO          555    .text.__cxx_global_var_init  exchangeorestate.o
    0x08011b80   0x08011b80   0x00000018   Code   RO          580    .text.__cxx_global_var_init  handmodestate.o
    0x08011b98   0x08011b98   0x00000018   Code   RO          602    .text.__cxx_global_var_init  hidarmorstate.o
    0x08011bb0   0x08011bb0   0x00000018   Code   RO          622    .text.__cxx_global_var_init  checkorestate.o
    0x08011bc8   0x08011bc8   0x00000010   Code   RO          717    .text.__cxx_global_var_init  imagetran.o
    0x08011bd8   0x08011bd8   0x0000003a   Code   RO          755    .text.__cxx_global_var_init  orebin.o
    0x08011c12   0x08011c12   0x00000002   PAD
    0x08011c14   0x08011c14   0x000000b0   Code   RO          798    .text.__cxx_global_var_init  motor.o
    0x08011cc4   0x08011cc4   0x00000010   Code   RO          865    .text.__cxx_global_var_init  dbus.o
    0x08011cd4   0x08011cd4   0x00000010   Code   RO          976    .text.__cxx_global_var_init  judgement.o
    0x08011ce4   0x08011ce4   0x00000010   Code   RO         1088    .text.__cxx_global_var_init  vision.o
    0x08011cf4   0x08011cf4   0x00000010   Code   RO         1257    .text.__cxx_global_var_init  arm.o
    0x08011d04   0x08011d04   0x00000010   Code   RO         1458    .text.__cxx_global_var_init  kinematics.o
    0x08011d14   0x08011d14   0x00000010   Code   RO         1480    .text.__cxx_global_var_init  dynamics.o
    0x08011d24   0x08011d24   0x00000042   Code   RO         1542    .text.__cxx_global_var_init  fdcan.o
    0x08011d66   0x08011d66   0x00000002   PAD
    0x08011d68   0x08011d68   0x00000010   Code   RO          156    .text.__cxx_global_var_init.1  devlist.o
    0x08011d78   0x08011d78   0x00000018   Code   RO          427    .text.__cxx_global_var_init.1  offsetstatemachine.o
    0x08011d90   0x08011d90   0x00000018   Code   RO          457    .text.__cxx_global_var_init.1  oremotionstatemachine.o
    0x08011da8   0x08011da8   0x00000010   Code   RO          719    .text.__cxx_global_var_init.1  imagetran.o
    0x08011db8   0x08011db8   0x00000010   Code   RO         1273    .text.__cxx_global_var_init.1  arm.o
    0x08011dc8   0x08011dc8   0x0000001e   Code   RO          174    .text.__cxx_global_var_init.10  devlist.o
    0x08011de6   0x08011de6   0x00000002   PAD
    0x08011de8   0x08011de8   0x00000010   Code   RO          176    .text.__cxx_global_var_init.11  devlist.o
    0x08011df8   0x08011df8   0x00000010   Code   RO          178    .text.__cxx_global_var_init.12  devlist.o
    0x08011e08   0x08011e08   0x00000010   Code   RO          182    .text.__cxx_global_var_init.13  devlist.o
    0x08011e18   0x08011e18   0x00000010   Code   RO          184    .text.__cxx_global_var_init.14  devlist.o
    0x08011e28   0x08011e28   0x00000010   Code   RO          186    .text.__cxx_global_var_init.15  devlist.o
    0x08011e38   0x08011e38   0x00000010   Code   RO          188    .text.__cxx_global_var_init.16  devlist.o
    0x08011e48   0x08011e48   0x00000010   Code   RO          190    .text.__cxx_global_var_init.17  devlist.o
    0x08011e58   0x08011e58   0x00000010   Code   RO          192    .text.__cxx_global_var_init.18  devlist.o
    0x08011e68   0x08011e68   0x00000010   Code   RO          194    .text.__cxx_global_var_init.19  devlist.o
    0x08011e78   0x08011e78   0x00000010   Code   RO          158    .text.__cxx_global_var_init.2  devlist.o
    0x08011e88   0x08011e88   0x00000018   Code   RO          465    .text.__cxx_global_var_init.2  oremotionstatemachine.o
    0x08011ea0   0x08011ea0   0x00000010   Code   RO          721    .text.__cxx_global_var_init.2  imagetran.o
    0x08011eb0   0x08011eb0   0x00000010   Code   RO          196    .text.__cxx_global_var_init.20  devlist.o
    0x08011ec0   0x08011ec0   0x00000010   Code   RO          198    .text.__cxx_global_var_init.21  devlist.o
    0x08011ed0   0x08011ed0   0x00000010   Code   RO          200    .text.__cxx_global_var_init.22  devlist.o
    0x08011ee0   0x08011ee0   0x00000010   Code   RO          202    .text.__cxx_global_var_init.23  devlist.o
    0x08011ef0   0x08011ef0   0x00000020   Code   RO          204    .text.__cxx_global_var_init.24  devlist.o
    0x08011f10   0x08011f10   0x0000001c   Code   RO          160    .text.__cxx_global_var_init.3  devlist.o
    0x08011f2c   0x08011f2c   0x0000001c   Code   RO          162    .text.__cxx_global_var_init.4  devlist.o
    0x08011f48   0x08011f48   0x0000001c   Code   RO          164    .text.__cxx_global_var_init.5  devlist.o
    0x08011f64   0x08011f64   0x0000001e   Code   RO          166    .text.__cxx_global_var_init.6  devlist.o
    0x08011f82   0x08011f82   0x00000002   PAD
    0x08011f84   0x08011f84   0x0000001e   Code   RO          168    .text.__cxx_global_var_init.7  devlist.o
    0x08011fa2   0x08011fa2   0x00000002   PAD
    0x08011fa4   0x08011fa4   0x00000020   Code   RO          170    .text.__cxx_global_var_init.8  devlist.o
    0x08011fc4   0x08011fc4   0x00000010   Code   RO          172    .text.__cxx_global_var_init.9  devlist.o
    0x08011fd4   0x08011fd4   0x00000004   Code   RO         2859    .text.abort_message  libcppabi_w.l(abort_message.cpp.o)
    0x08011fd8   0x08011fd8   0x0000001e   Code   RO            2    .text.main          main.o
    0x08011ff6   0x08011ff6   0x00000030   Code   RO         2901    i.__ARM_fpclassify  m_wm.l(fpclassify.o)
    0x08012026   0x08012026   0x00000026   Code   RO         2903    i.__ARM_fpclassifyf  m_wm.l(fpclassifyf.o)
    0x0801204c   0x0801204c   0x00000058   Code   RO         2823    i.__aligned_malloc$realloc  mc_w.l(mallocra.o)
    0x080120a4   0x080120a4   0x0000005c   Code   RO         2824    i.__free$realloc$memalign  mc_w.l(mallocra.o)
    0x08012100   0x08012100   0x00000118   Code   RO         2664    i.__hardfp_acosf    m_wm.l(acosf.o)
    0x08012218   0x08012218   0x0000012c   Code   RO         2676    i.__hardfp_asinf    m_wm.l(asinf.o)
    0x08012344   0x08012344   0x000002ac   Code   RO         2688    i.__hardfp_atan2f   m_wm.l(atan2f.o)
    0x080125f0   0x080125f0   0x00000150   Code   RO         2700    i.__hardfp_cosf     m_wm.l(cosf.o)
    0x08012740   0x08012740   0x00000c50   Code   RO         2712    i.__hardfp_pow      m_wm.l(pow.o)
    0x08013390   0x08013390   0x00000664   Code   RO         2726    i.__hardfp_powf     m_wm.l(powf.o)
    0x080139f4   0x080139f4   0x00000190   Code   RO         2740    i.__hardfp_sinf     m_wm.l(sinf.o)
    0x08013b84   0x08013b84   0x0000007a   Code   RO         2752    i.__hardfp_sqrt     m_wm.l(sqrt.o)
    0x08013bfe   0x08013bfe   0x0000003a   Code   RO         2764    i.__hardfp_sqrtf    m_wm.l(sqrtf.o)
    0x08013c38   0x08013c38   0x000000f8   Code   RO         2919    i.__kernel_poly     m_wm.l(poly.o)
    0x08013d30   0x08013d30   0x00000006   Code   RO         2825    i.__malloc$realloc$memalign  mc_w.l(mallocra.o)
    0x08013d36   0x08013d36   0x00000002   PAD
    0x08013d38   0x08013d38   0x00000030   Code   RO         2881    i.__mathlib_dbl_divzero  m_wm.l(dunder.o)
    0x08013d68   0x08013d68   0x00000014   Code   RO         2883    i.__mathlib_dbl_infnan2  m_wm.l(dunder.o)
    0x08013d7c   0x08013d7c   0x00000004   PAD
    0x08013d80   0x08013d80   0x00000020   Code   RO         2884    i.__mathlib_dbl_invalid  m_wm.l(dunder.o)
    0x08013da0   0x08013da0   0x00000020   Code   RO         2885    i.__mathlib_dbl_overflow  m_wm.l(dunder.o)
    0x08013dc0   0x08013dc0   0x00000020   Code   RO         2887    i.__mathlib_dbl_underflow  m_wm.l(dunder.o)
    0x08013de0   0x08013de0   0x00000014   Code   RO         2905    i.__mathlib_flt_divzero  m_wm.l(funder.o)
    0x08013df4   0x08013df4   0x00000006   Code   RO         2906    i.__mathlib_flt_infnan  m_wm.l(funder.o)
    0x08013dfa   0x08013dfa   0x00000006   Code   RO         2907    i.__mathlib_flt_infnan2  m_wm.l(funder.o)
    0x08013e00   0x08013e00   0x00000010   Code   RO         2908    i.__mathlib_flt_invalid  m_wm.l(funder.o)
    0x08013e10   0x08013e10   0x00000010   Code   RO         2909    i.__mathlib_flt_overflow  m_wm.l(funder.o)
    0x08013e20   0x08013e20   0x00000010   Code   RO         2911    i.__mathlib_flt_underflow  m_wm.l(funder.o)
    0x08013e30   0x08013e30   0x00000154   Code   RO         2922    i.__mathlib_rredf2  m_wm.l(rredf.o)
    0x08013f84   0x08013f84   0x0000006c   Code   RO         2826    i.__realloc$memalign  mc_w.l(mallocra.o)
    0x08013ff0   0x08013ff0   0x0000000e   Code   RO         2990    i.__scatterload_copy  mc_w.l(handlers.o)
    0x08013ffe   0x08013ffe   0x00000002   Code   RO         2991    i.__scatterload_null  mc_w.l(handlers.o)
    0x08014000   0x08014000   0x0000000e   Code   RO         2992    i.__scatterload_zeroinit  mc_w.l(handlers.o)
    0x0801400e   0x0801400e   0x00000002   PAD
    0x08014010   0x08014010   0x0000000c   Code   RO         2953    i.__set_errno       mc_w.l(errno.o)
    0x0801401c   0x0801401c   0x00000018   Code   RO         2897    i.fabs              m_wm.l(fabs.o)
    0x08014034   0x08014034   0x00000080   Code   RO         2827    i.internal_alloc    mc_w.l(mallocra.o)
    0x080140b4   0x080140b4   0x0000006e   Code   RO         2754    i.sqrt              m_wm.l(sqrt.o)
    0x08014122   0x08014122   0x0000003e   Code   RO         2766    i.sqrtf             m_wm.l(sqrtf.o)
    0x08014160   0x08014160   0x00000088   Data   RO         2715    .constdata          m_wm.l(pow.o)
    0x080141e8   0x080141e8   0x00000140   Data   RO         2729    .constdata          m_wm.l(powf.o)
    0x08014328   0x08014328   0x00000008   Data   RO         2921    .constdata          m_wm.l(qnan.o)
    0x08014330   0x08014330   0x00000020   Data   RO         2923    .constdata          m_wm.l(rredf.o)
    0x08014350   0x08014350   0x00000010   Data   RO         1600    .rodata.AHBPrescTable  system_stm32g4xx.o
    0x08014360   0x08014360   0x00000008   Data   RO         1601    .rodata.APBPrescTable  system_stm32g4xx.o
    0x08014368   0x08014368   0x00000008   Data   RO         1990    .rodata.CHANNEL_OFFSET_TAB  stm32g4xx_ll_dma.o
    0x08014370   0x08014370   0x00000100   Data   RO         1425    .rodata.CRC8_TAB    crc.o
    0x08014470   0x08014470   0x00000010   Data   RO         2479    .rodata.DLCtoBytes  stm32g4xx_hal_fdcan.o
    0x08014480   0x08014480   0x00000030   Data   RO         1835    .rodata.USART_PRESCALER_TAB  stm32g4xx_ll_usart.o
    0x080144b0   0x080144b0   0x0000000a   Data   RO         1185    .rodata._ZL14SHIFT_TAB_OCxx  gugu.o
    0x080144ba   0x080144ba   0x0000000a   Data   RO         1184    .rodata._ZL16OFFSET_TAB_CCMRx  gugu.o
    0x080144c4   0x080144c4   0x00000008   Data   RO          926    .rodata._ZL18CHANNEL_OFFSET_TAB  dbus.o
    0x080144cc   0x080144cc   0x00000008   Data   RO         1077    .rodata._ZL18CHANNEL_OFFSET_TAB  judgement.o
    0x080144d4   0x080144d4   0x00000008   Data   RO         1141    .rodata._ZL18CHANNEL_OFFSET_TAB  vision.o
    0x080144dc   0x080144dc   0x00000010   Data   RO          633    .rodata._ZTV10CheckState  checkorestate.o
    0x080144ec   0x080144ec   0x0000001c   Data   RO          370    .rodata._ZTV10GimbalTask  gimbaltask.o
    0x08014508   0x08014508   0x0000001c   Data   RO          350    .rodata._ZTV11ChassisTask  chassistask.o
    0x08014524   0x08014524   0x00000010   Data   RO          439    .rodata._ZTV11OffsetState  offsetstatemachine.o
    0x08014534   0x08014534   0x0000001c   Data   RO         1306    .rodata._ZTV11VirtualTask  virtualtask.o
    0x08014550   0x08014550   0x00000010   Data   RO          571    .rodata._ZTV13ExchangeState  exchangeorestate.o
    0x08014560   0x08014560   0x00000010   Data   RO          593    .rodata._ZTV13HandModeState  handmodestate.o
    0x08014570   0x08014570   0x00000010   Data   RO          505    .rodata._ZTV13TakeGoldState  takegoldstate.o
    0x08014580   0x08014580   0x00000010   Data   RO          481    .rodata._ZTV13TakeInitState  oremotionstatemachine.o
    0x08014590   0x08014590   0x00000010   Data   RO          546    .rodata._ZTV14TakeFloorState  pickorestate.o
    0x080145a0   0x080145a0   0x00000010   Data   RO          485    .rodata._ZTV16ExitPerfectState  oremotionstatemachine.o
    0x080145b0   0x080145b0   0x00000010   Data   RO          526    .rodata._ZTV16TakeSilveryState  takesilverystate.o
    0x080145c0   0x080145c0   0x00000010   Data   RO          453    .rodata._ZTV5State  offsetstatemachine.o
    0x080145d0   0x080145d0   0x0000001c   Data   RO          283    .rodata._ZTV7LedTask  ledtask.o
    0x080145ec   0x080145ec   0x00000010   Data   RO          613    .rodata._ZTV8HidState  hidarmorstate.o
    0x080145fc   0x080145fc   0x0000001c   Data   RO          391    .rodata._ZTV9JudgeTask  judgetask.o
    0x08014618   0x08014618   0x0000001c   Data   RO          324    .rodata._ZTV9StateTask  statetask.o
    0x08014634   0x08014634   0x00000200   Data   RO         1427    .rodata.wCRC_Table  crc.o
    0x08014834   0x08014834   0x00000020   Data   RO         2989    Region$$Table       anon$$obj.o
    0x08014854   0x08014854   0x00000004   Data   RO          248    .init_array         devlist.o
    0x08014858   0x08014854   0x00000004   Data   RO          284    .init_array         ledtask.o
    0x0801485c   0x08014854   0x00000004   Data   RO          325    .init_array         statetask.o
    0x08014860   0x08014854   0x00000004   Data   RO          351    .init_array         chassistask.o
    0x08014864   0x08014854   0x00000004   Data   RO          371    .init_array         gimbaltask.o
    0x08014868   0x08014854   0x00000004   Data   RO          392    .init_array         judgetask.o
    0x0801486c   0x08014854   0x00000004   Data   RO          415    .init_array         smuniversal.o
    0x08014870   0x08014854   0x00000004   Data   RO          440    .init_array         offsetstatemachine.o
    0x08014874   0x08014854   0x00000004   Data   RO          486    .init_array         oremotionstatemachine.o
    0x08014878   0x08014854   0x00000004   Data   RO          506    .init_array         takegoldstate.o
    0x0801487c   0x08014854   0x00000004   Data   RO          527    .init_array         takesilverystate.o
    0x08014880   0x08014854   0x00000004   Data   RO          547    .init_array         pickorestate.o
    0x08014884   0x08014854   0x00000004   Data   RO          572    .init_array         exchangeorestate.o
    0x08014888   0x08014854   0x00000004   Data   RO          594    .init_array         handmodestate.o
    0x0801488c   0x08014854   0x00000004   Data   RO          614    .init_array         hidarmorstate.o
    0x08014890   0x08014854   0x00000004   Data   RO          634    .init_array         checkorestate.o
    0x08014894   0x08014854   0x00000004   Data   RO          732    .init_array         imagetran.o
    0x08014898   0x08014854   0x00000004   Data   RO          772    .init_array         orebin.o
    0x0801489c   0x08014854   0x00000004   Data   RO          855    .init_array         motor.o
    0x080148a0   0x08014854   0x00000004   Data   RO          927    .init_array         dbus.o
    0x080148a4   0x08014854   0x00000004   Data   RO         1078    .init_array         judgement.o
    0x080148a8   0x08014854   0x00000004   Data   RO         1142    .init_array         vision.o
    0x080148ac   0x08014854   0x00000004   Data   RO         1281    .init_array         arm.o
    0x080148b0   0x08014854   0x00000004   Data   RO         1463    .init_array         kinematics.o
    0x080148b4   0x08014854   0x00000004   Data   RO         1485    .init_array         dynamics.o
    0x080148b8   0x08014854   0x00000004   Data   RO         1575    .init_array         fdcan.o
    0x080148bc   0x08014854   0x00000000   Data   RO         2834    .init_array         mc_w.l(cpp_init.o)


    Execution Region RW_IRAM1 (Exec base: 0x20000000, Load base: 0x080148c0, Size: 0x00011898, Max: 0x00020000, ABSOLUTE, COMPRESSED[0x00000178])

    Exec Addr    Load Addr    Size         Type   Attr      Idx    E Section Name        Object

    0x20000000   COMPRESSED   0x00000004   Data   RW         2949    .data               mc_w.l(mvars.o)
    0x20000004   COMPRESSED   0x00000004   Data   RW         2950    .data               mc_w.l(mvars.o)
    0x20000008   COMPRESSED   0x00000004   Data   RW         2954    .data               mc_w.l(errno.o)
    0x2000000c   COMPRESSED   0x00000002   Data   RW         1426    .data.CRC_INIT      crc.o
    0x2000000e   COMPRESSED   0x00000002   PAD
    0x20000010   COMPRESSED   0x00000004   Data   RW          725    .data.KfQ           imagetran.o
    0x20000014   COMPRESSED   0x00000004   Data   RW          726    .data.KfR           imagetran.o
    0x20000018   COMPRESSED   0x00000004   Data   RW         1599    .data.SystemCoreClock  system_stm32g4xx.o
    0x2000001c   COMPRESSED   0x00000001   Data   RW         1070    .data._ZL10CRC8_Check  judgement.o
    0x2000001d   COMPRESSED   0x00000001   PAD
    0x2000001e   COMPRESSED   0x00000002   Data   RW         1071    .data._ZL11CRC16_Check  judgement.o
    0x20000020   COMPRESSED   0x00000001   Data   RW         1076    .data._ZZN9Judgement15usart3SendBytesEPvhE9firstLoad  judgement.o
    0x20000021   COMPRESSED   0x0000005a   Data   RW          694    .data.assistCharUi  judge.o
    0x2000007b   COMPRESSED   0x0000013b   Data   RW          693    .data.assistGraphicUi  judge.o
    0x200001b6   COMPRESSED   0x0000000c   Data   RW          848    .data.motorCurrentLimitList  motor.o
    0x200001c2   COMPRESSED   0x0000000c   Data   RW          850    .data.motorMaxTempList  motor.o
    0x200001ce   COMPRESSED   0x0000000c   Data   RW          849    .data.motorSpeedLimitList  motor.o
    0x200001da   COMPRESSED   0x00000002   PAD
    0x200001dc   COMPRESSED   0x0000012c   Data   RW          661    .data.speedCoefficient  chassis.o
    0x20000308        -       0x000000d0   Zero   RW         1280    .bss.Arm            arm.o
    0x200003d8        -       0x00000068   Zero   RW          230    .bss.ArmPath        devlist.o
    0x20000440        -       0x00000001   Zero   RW          235    .bss.DEBUG_MODE     devlist.o
    0x20000441   COMPRESSED   0x00000003   PAD
    0x20000444        -       0x00000004   Zero   RW         1314    .bss.FSMList        statemachine.o
    0x20000448        -       0x00000004   Zero   RW         1315    .bss.FSMNum         statemachine.o
    0x2000044c        -       0x00000001   Zero   RW          479    .bss.ForceErrMode   oremotionstatemachine.o
    0x2000044d   COMPRESSED   0x00000003   PAD
    0x20000450        -       0x00000024   Zero   RW          243    .bss.GState         devlist.o
    0x20000474        -       0x00000001   Zero   RW          108    .bss.Init_OK        schedule.o
    0x20000475   COMPRESSED   0x00000003   PAD
    0x20000478        -       0x00000268   Zero   RW          220    .bss.LeftMotor      devlist.o
    0x200006e0        -       0x00000001   Zero   RW          110    .bss.MotorOffLineFlag  schedule.o
    0x200006e1        -       0x00000001   Zero   RW          112    .bss.MotorOffLineNum  schedule.o
    0x200006e2        -       0x00000001   Zero   RW          660    .bss.NAVIGATION_ENABLE_FLAG  chassis.o
    0x200006e3   COMPRESSED   0x00000001   PAD
    0x200006e4        -       0x00000024   Zero   RW          245    .bss.NowJointState  devlist.o
    0x20000708        -       0x00000001   Zero   RW          113    .bss.OverHeatFlag   schedule.o
    0x20000709   COMPRESSED   0x00000007   PAD
    0x20000710        -       0x000000e0   Zero   RW          216    .bss.Pitch1         devlist.o
    0x200007f0        -       0x00000028   Zero   RW          217    .bss.Pitch1Param    devlist.o
    0x20000818        -       0x000000e0   Zero   RW          218    .bss.Pitch2         devlist.o
    0x200008f8        -       0x00000028   Zero   RW          219    .bss.Pitch2Param    devlist.o
    0x20000920        -       0x00000268   Zero   RW          221    .bss.RightMotor     devlist.o
    0x20000b88        -       0x00000001   Zero   RW          109    .bss.RobotEnable    schedule.o
    0x20000b89   COMPRESSED   0x00000007   PAD
    0x20000b90        -       0x00000268   Zero   RW          226    .bss.Roll1          devlist.o
    0x20000df8        -       0x00000068   Zero   RW          227    .bss.Roll1Path      devlist.o
    0x20000e60        -       0x00000002   Zero   RW          731    .bss.RollRound      imagetran.o
    0x20000e62   COMPRESSED   0x00000006   PAD
    0x20000e68        -       0x00000068   Zero   RW          223    .bss.WristPath      devlist.o
    0x20000ed0        -       0x000000e0   Zero   RW          214    .bss.Yaw1           devlist.o
    0x20000fb0        -       0x00000028   Zero   RW          215    .bss.Yaw1Param      devlist.o
    0x20000fd8        -       0x00000001   Zero   RW         1069    .bss._ZL12crcCalcState  judgement.o
    0x20000fd9   COMPRESSED   0x00000001   PAD
    0x20000fda        -       0x00000002   Zero   RW         1074    .bss._ZL12wholePackLen  judgement.o
    0x20000fdc        -       0x00000004   Zero   RW         1567    .bss._ZL25HAL_RCC_FDCAN_CLK_ENABLED  fdcan.o
    0x20000fe0        -       0x00000004   Zero   RW         1072    .bss._ZL5index      judgement.o
    0x20000fe4   COMPRESSED   0x00000004   PAD
    0x20000fe8        -       0x00000008   Zero   RW         1067    .bss._ZL6rx_len     judgement.o
    0x20000ff0        -       0x00000001   Zero   RW         1073    .bss._ZL7lastSeq    judgement.o
    0x20000ff1   COMPRESSED   0x00000007   PAD
    0x20000ff8        -       0x00000008   Zero   RW         1068    .bss._ZL8read_len   judgement.o
    0x20001000        -       0x00000004   Zero   RW         1299    .bss._ZN11VirtualTask7taskNumE  virtualtask.o
    0x20001004        -       0x00000004   Zero   RW         1298    .bss._ZN11VirtualTask8taskListE  virtualtask.o
    0x20001008        -       0x000001f8   Zero   RW          852    .bss._ZN5Motor12motorSendMsgE  motor.o
    0x20001200        -       0x00000004   Zero   RW          853    .bss._ZN5Motor13objectPtrListE  motor.o
    0x20001204        -       0x00000004   Zero   RW          854    .bss._ZN5Motor9objectNumE  motor.o
    0x20001208        -       0x00000004   Zero   RW          961    .bss._ZN7DmMotor13objectPtrListE  dmmotor.o
    0x2000120c        -       0x00000004   Zero   RW          962    .bss._ZN7DmMotor9objectNumE  dmmotor.o
    0x20001210        -       0x00000002   Zero   RW          925    .bss._ZZ17USART2_IRQHandlerE16this_time_rx_len  dbus.o
    0x20001212   COMPRESSED   0x00000002   PAD
    0x20001214        -       0x00000004   Zero   RW         1278    .bss._ZZN10RoboticArm20CalculateAngleHandleE10JointAngleE10totalRound  arm.o
    0x20001218        -       0x00000004   Zero   RW         1279    .bss._ZZN10RoboticArm20CalculateAngleHandleE10JointAngleE11last_theta4  arm.o
    0x2000121c        -       0x00000004   Zero   RW          662    .bss._ZZN7Chassis19remoteControlUpdateEP5SpeedE7rcIndex  chassis.o
    0x20001220        -       0x0000002c   Zero   RW         1075    .bss._ZZN9Judgement15usart3SendBytesEPvhE13LL_DMA_Struct  judgement.o
    0x2000124c        -       0x00000004   Zero   RW         2879    .bss.__cxa_new_handler  libcppabi_w.l(cxa_handlers.cpp.o)
    0x20001250        -       0x000000bc   Zero   RW          213    .bss.air            devlist.o
    0x2000130c        -       0x000000d0   Zero   RW         1572    .bss.can            fdcan.o
    0x200013dc        -       0x00000004   Zero   RW         1569    .bss.canSendMsgList  fdcan.o
    0x200013e0        -       0x00000001   Zero   RW         1568    .bss.canSendMsgNum  fdcan.o
    0x200013e1   COMPRESSED   0x00000003   PAD
    0x200013e4        -       0x00000040   Zero   RW         1570    .bss.canSendMsgView  fdcan.o
    0x20001424   COMPRESSED   0x00000004   PAD
    0x20001428        -       0x00000b40   Zero   RW          210    .bss.chassis        devlist.o
    0x20001f68        -       0x00000008   Zero   RW          349    .bss.chassisTask    chassistask.o
    0x20001f70        -       0x0000000c   Zero   RW          632    .bss.checkstate     checkorestate.o
    0x20001f7c        -       0x00000018   Zero   RW          727    .bss.ctrlPoint      imagetran.o
    0x20001f94        -       0x00000001   Zero   RW         1484    .bss.dynamics       dynamics.o
    0x20001f95   COMPRESSED   0x00000003   PAD
    0x20001f98        -       0x00000004   Zero   RW         1574    .bss.errState       fdcan.o
    0x20001f9c        -       0x0000000c   Zero   RW          241    .bss.errTorque      devlist.o
    0x20001fa8        -       0x0000000c   Zero   RW          570    .bss.exchangeState  exchangeorestate.o
    0x20001fb4        -       0x0000000c   Zero   RW          484    .bss.exitPerfectState  oremotionstatemachine.o
    0x20001fc0        -       0x00000418   Zero   RW          211    .bss.gimbal         devlist.o
    0x200023d8        -       0x00000008   Zero   RW          369    .bss.gimbalTask     gimbaltask.o
    0x200023e0        -       0x0000000c   Zero   RW          592    .bss.handModeState  handmodestate.o
    0x200023ec        -       0x00000064   Zero   RW         1562    .bss.hfdcan1        fdcan.o
    0x20002450        -       0x00000064   Zero   RW         1563    .bss.hfdcan2        fdcan.o
    0x200024b4        -       0x00000064   Zero   RW         1564    .bss.hfdcan3        fdcan.o
    0x20002518        -       0x0000000c   Zero   RW          612    .bss.hidState       hidarmorstate.o
    0x20002524   COMPRESSED   0x00000004   PAD
    0x20002528        -       0x00000148   Zero   RW          212    .bss.imageTran      devlist.o
    0x20002670        -       0x00000001   Zero   RW         1510    .bss.iwdg           iwdg.o
    0x20002671   COMPRESSED   0x00000003   PAD
    0x20002674        -       0x0000000c   Zero   RW          239    .bss.jointTorque    devlist.o
    0x20002680        -       0x00000008   Zero   RW          701    .bss.judge          judge.o
    0x20002688        -       0x00000008   Zero   RW          390    .bss.judgeTask      judgetask.o
    0x20002690        -       0x0000000c   Zero   RW          247    .bss.judge_force    devlist.o
    0x2000269c        -       0x000003dd   Zero   RW         1066    .bss.judgement      judgement.o
    0x20002a79   COMPRESSED   0x00000003   PAD
    0x20002a7c        -       0x0000000c   Zero   RW         1462    .bss.kinematics     kinematics.o
    0x20002a88        -       0x00000004   Zero   RW          730    .bss.lastRoll       imagetran.o
    0x20002a8c        -       0x00000008   Zero   RW          282    .bss.ledTask        ledtask.o
    0x20002a94        -       0x00000001   Zero   RW          924    .bss.len            dbus.o
    0x20002a95   COMPRESSED   0x00000003   PAD
    0x20002a98        -       0x00000008   Zero   RW         1277    .bss.mech           arm.o
    0x20002aa0        -       0x00000090   Zero   RW          851    .bss.motorList      motor.o
    0x20002b30        -       0x00000024   Zero   RW          244    .bss.nowEndState    devlist.o
    0x20002b54        -       0x00000018   Zero   RW          246    .bss.nowPoint       devlist.o
    0x20002b6c        -       0x00000008   Zero   RW          437    .bss.offSetSM       offsetstatemachine.o
    0x20002b74        -       0x00000018   Zero   RW          729    .bss.offsetCtrlPoint  imagetran.o
    0x20002b8c        -       0x00000001   Zero   RW          412    .bss.offsetEndFlag  smuniversal.o
    0x20002b8d   COMPRESSED   0x00000003   PAD
    0x20002b90        -       0x00000018   Zero   RW          728    .bss.offsetEndPoint  imagetran.o
    0x20002ba8        -       0x0000000c   Zero   RW          438    .bss.offsetState    offsetstatemachine.o
    0x20002bb4        -       0x00000001   Zero   RW         1355    .bss.onlineNum      online.o
    0x20002bb5   COMPRESSED   0x00000003   PAD
    0x20002bb8        -       0x00000004   Zero   RW         1354    .bss.onlinePtrList  online.o
    0x20002bbc        -       0x00000024   Zero   RW          771    .bss.ore            orebin.o
    0x20002be0        -       0x00000001   Zero   RW          413    .bss.paramReloadFlag  smuniversal.o
    0x20002be1   COMPRESSED   0x00000001   PAD
    0x20002be2        -       0x0000002e   Zero   RW          921    .bss.rcCtrl         dbus.o
    0x20002c10        -       0x00000018   Zero   RW          790    .bss.running        led.o
    0x20002c28        -       0x00000024   Zero   RW          923    .bss.sbusRxBuf      dbus.o
    0x20002c4c        -       0x00000012   Zero   RW          922    .bss.sbusRxBuffer   dbus.o
    0x20002c5e   COMPRESSED   0x00000002   PAD
    0x20002c60        -       0x00000038   Zero   RW          146    .bss.scheduleLoop   stm32g4xx_it.o
    0x20002c98        -       0x00000750   Zero   RW         1571    .bss.selfCanFIFO    fdcan.o
    0x200033e8        -       0x00000018   Zero   RW          237    .bss.setJoint       devlist.o
    0x20003400        -       0x00000018   Zero   RW          238    .bss.setPoint       devlist.o
    0x20003418        -       0x00000008   Zero   RW          323    .bss.stateTask      statetask.o
    0x20003420        -       0x00000004   Zero   RW           77    .bss.sysTickUptime  board.o
    0x20003424        -       0x0000000c   Zero   RW          545    .bss.takeFloorState  pickorestate.o
    0x20003430        -       0x0000000c   Zero   RW          504    .bss.takeGoldState  takegoldstate.o
    0x2000343c        -       0x0000000c   Zero   RW          480    .bss.takeInitState  oremotionstatemachine.o
    0x20003448        -       0x00000008   Zero   RW          477    .bss.takeOreSM      oremotionstatemachine.o
    0x20003450        -       0x0000000c   Zero   RW          525    .bss.takeSilveryState  takesilverystate.o
    0x2000345c        -       0x00000024   Zero   RW          242    .bss.tarJointState  devlist.o
    0x20003480        -       0x00000018   Zero   RW          236    .bss.tarPoint       devlist.o
    0x20003498        -       0x0000000c   Zero   RW          240    .bss.tarTorque      devlist.o
    0x200034a4   COMPRESSED   0x00000004   PAD
    0x200034a8        -       0x00000090   Zero   RW          414    .bss.timeVar        smuniversal.o
    0x20003538        -       0x00000004   Zero   RW         2276    .bss.uwTick         stm32g4xx_hal.o
    0x2000353c        -       0x000000e4   Zero   RW         1140    .bss.vision         vision.o
    0x20003620        -       0x00000001   Zero   RW          111    .bss.warningFlag    schedule.o
    0x20003621   COMPRESSED   0x00000007   PAD
    0x20003628        -       0x00000270   Zero   RW          222    .bss.wrist          devlist.o
    0x20003898        -       0x0000a000   Zero   RW         1587    HEAP                startup_stm32g473xx.o
    0x2000d898        -       0x00004000   Zero   RW         1586    STACK               startup_stm32g473xx.o


==============================================================================

Image component sizes


      Code (inc. data)   RO Data    RW Data    ZI Data      Debug   Object Name

       378          0          0          0          0      16620   air.o
      3632         76          4          0        224      23491   arm.o
       588          0          0          0          0      16759   asr.o
       554          0          0          0          4      19793   board.o
      4584        116          0        300          5      26459   chassis.o
       118          0         32          0          8      15629   chassistask.o
       210          0         20          0         12      16089   checkorestate.o
       464          0        768          2          0      15786   crc.o
       116          4          0          0          0      14551   cycle.o
      2024          0         12          0        103      28130   dbus.o
      1604         36          4          0       8309      35475   devlist.o
      1662         40          0          0          8      21804   dmmotor.o
       112          0          0          0          0      24081   doublemotor.o
      8706         48          4          0          1      21271   dynamics.o
       210          0         20          0         12      16249   exchangeorestate.o
      3998          4          4          0       2457      28313   fdcan.o
       296          8          0          0          0      16429   filter.o
       300         24          0          0          0      21207   gimbal.o
       108          0         32          0          8      15671   gimbaltask.o
      1232          0         20          0          0      19989   gugu.o
       210          0         20          0         12      16158   handmodestate.o
       210          0         20          0         12      16076   hidarmorstate.o
      1600         12          4          8         78      18892   imagetran.o
        38          0          0          0          1      15917   iwdg.o
       890          8          0        405          8      25427   judge.o
      4486         10         12          4       1057      38713   judgement.o
       246          0         32          0          8      15619   judgetask.o
      4462         96          4          0         12      21088   kinematics.o
       416          0          0          0         24      17135   led.o
       152          0         32          0          8      15557   ledtask.o
       854          0          0          0          0      20976   main.o
      2678         36          4         36        656      26365   motor.o
       166          0         36          0         20      16163   offsetstatemachine.o
       188          0          0          0          5      14979   online.o
       178          0          4          0         36      16118   orebin.o
      1738          0         36          0         33      17987   oremotionstatemachine.o
      3346          0          0          0          0      20143   pathplan.o
       210          0         20          0         12      16103   pickorestate.o
      1964          8          0          0          0      18379   pid.o
      1680          4          0          0          6      21736   schedule.o
       282          0          4          0        146      16437   smuniversal.o
        36          8        472          0      57344        828   startup_stm32g473xx.o
       182          0          0          0          8      15019   statemachine.o
       444          0         32          0          8      16249   statetask.o
        12          0          0          0          4       8632   stm32g4xx_hal.o
       330          0          0          0          0       9624   stm32g4xx_hal_cortex.o
      3482          0         16          0          0      18521   stm32g4xx_hal_fdcan.o
       886          0          0          0          0       5274   stm32g4xx_hal_gpio.o
       122          0          0          0         56      15416   stm32g4xx_it.o
       364          0          8          0          0       5612   stm32g4xx_ll_dma.o
       936          0          0          0          0       5073   stm32g4xx_ll_gpio.o
      1212         18          0          0          0      10701   stm32g4xx_ll_rcc.o
      2410          0          0          0          0      10755   stm32g4xx_ll_tim.o
       568          0         48          0          0       5155   stm32g4xx_ll_usart.o
        20          0          0          0          0       7881   stm32g4xx_ll_utils.o
        32          0         24          4          0       2690   system_stm32g4xx.o
       316          0         20          0         12      16158   takegoldstate.o
       210          0         20          0         12      16167   takesilverystate.o
        92          0          0          0          0      15488   varcalt.o
       174          0         28          0          8      15743   virtualtask.o
      1466          0         12          0        228      26482   vision.o
       380         16          0          0          0      24862   wrist.o

    ----------------------------------------------------------------------
     70988        576       1860        764      71052    1072094   Object Totals
         0          0         32          0          0          0   (incl. Generated)
       424          4          0          5         87          0   (incl. Padding)

    ----------------------------------------------------------------------

      Code (inc. data)   RO Data    RW Data    ZI Data      Debug   Library Member Name

        38          0          0          0          0        380   new.cpp.o
         4          0          0          0          0         36   abort_message.cpp.o
        12          0          0          0          4        148   cxa_handlers.cpp.o
        40         32          0          0          0         52   cxa_virtual.cpp.o
       280         46          0          0          0        176   acosf.o
       300         42          0          0          0        176   asinf.o
       684         90          0          0          0        208   atan2f.o
       336         56          0          0          0        136   cosf.o
       164         44          0          0          0        620   dunder.o
        24          0          0          0          0        124   fabs.o
        48          0          0          0          0        124   fpclassify.o
        38          0          0          0          0        116   fpclassifyf.o
        80         24          0          0          0        696   funder.o
       248          0          0          0          0        152   poly.o
      3152        296        136          0          0        352   pow.o
      1636        110        320          0          0        372   powf.o
         0          0          8          0          0          0   qnan.o
       340         24         32          0          0        160   rredf.o
       400         56          0          0          0        212   sinf.o
       232          0          0          0          0        296   sqrt.o
       120          0          0          0          0        272   sqrtf.o
        86          0          0          0          0          0   __dczerorl2.o
        32          8          0          0          0         80   cpp_init.o
         0          0          0          0          0          0   entry.o
         0          0          0          0          0          0   entry10a.o
         0          0          0          0          0          0   entry11a.o
         8          4          0          0          0          0   entry2.o
         4          0          0          0          0          0   entry5.o
         0          0          0          0          0          0   entry7b.o
         4          0          0          0          0          0   entry8a.o
         0          0          0          0          0          0   entry8b.o
         8          4          0          0          0          0   entry9a.o
        12          6          0          4          0         68   errno.o
        30          0          0          0          0          0   handlers.o
        36          8          0          0          0         68   init.o
         0          0          0          0          0          0   iusefp.o
        98          0          0          0          0         84   ldiv.o
        30          0          0          0          0         68   llshl.o
        36          0          0          0          0         68   llsshr.o
        32          0          0          0          0         68   llushr.o
       422         28          0          0          0        428   mallocra.o
        64          0          0          0          0         76   memmovea.o
        36          0          0          0          0        108   memseta.o
         0          0          0          8          0          0   mvars.o
        98          0          0          0          0         92   uldiv.o
        48          0          0          0          0         68   cdrcmple.o
        56          0          0          0          0         88   d2f.o
       334          0          0          0          0        148   dadd.o
       222          0          0          0          0        100   ddiv.o
       186          0          0          0          0        176   depilogue.o
        62          0          0          0          0         80   dfixi.o
        34          0          0          0          0         76   dflti.o
        26          0          0          0          0         76   dfltui.o
       228          0          0          0          0         96   dmul.o
        46          0          0          0          0         80   dscalb.o
       162          0          0          0          0        100   dsqrt.o
        38          0          0          0          0         68   f2d.o
       110          0          0          0          0        168   fepilogue.o
        28          0          0          0          0         84   ffltul.o
         4          0          0          0          0         68   fpstat.o

    ----------------------------------------------------------------------
     10812        878        496         12          4       7492   Library Totals
        16          0          0          0          0          0   (incl. Padding)

    ----------------------------------------------------------------------

      Code (inc. data)   RO Data    RW Data    ZI Data      Debug   Library Name

        38          0          0          0          0        380   libcpp_w.l
        56         32          0          0          4        236   libcppabi_w.l
      8082        788        496          0          0       4192   m_wm.l
      1036         58          0         12          0       1208   mc_w.l
      1584          0          0          0          0       1476   mf_w.l

    ----------------------------------------------------------------------
     10812        878        496         12          4       7492   Library Totals

    ----------------------------------------------------------------------

==============================================================================


      Code (inc. data)   RO Data    RW Data    ZI Data      Debug   

     81800       1454       2356        776      71056    1074846   Grand Totals
     81800       1454       2356        376      71056    1074846   ELF Image Totals (compressed)
     81800       1454       2356        376          0          0   ROM Totals

==============================================================================

    Total RO  Size (Code + RO Data)                84156 (  82.18kB)
    Total RW  Size (RW Data + ZI Data)             71832 (  70.15kB)
    Total ROM Size (Code + RO Data + RW Data)      84532 (  82.55kB)

==============================================================================

