Component: ARM Compiler 6.14 Tool: armlink [5db06800]

==============================================================================

Section Cross References

    main.o(.text.main) refers to main.o(.text._Z18SystemClock_Configv) for SystemClock_Config()
    main.o(.text.main) refers to main.o(.text._ZL26__NVIC_SetPriorityGroupingj) for _ZL26__NVIC_SetPriorityGroupingj
    main.o(.text.main) refers to board.o(.text._Z11sysTickInitv) for sysTickInit()
    main.o(.text.main) refers to schedule.o(.text._Z12boardALLInitv) for boardALLInit()
    main.o(.ARM.exidx.text.main) refers to main.o(.text.main) for [Anonymous Symbol]
    main.o(.text._Z18SystemClock_Configv) refers to main.o(.text._ZL19LL_FLASH_SetLatencyj) for _ZL19LL_FLASH_SetLatencyj
    main.o(.text._Z18SystemClock_Configv) refers to main.o(.text._ZL19LL_FLASH_GetLatencyv) for _ZL19LL_FLASH_GetLatencyv
    main.o(.text._Z18SystemClock_Configv) refers to main.o(.text._ZL28LL_PWR_EnableRange1BoostModev) for _ZL28LL_PWR_EnableRange1BoostModev
    main.o(.text._Z18SystemClock_Configv) refers to main.o(.text._ZL17LL_RCC_HSE_Enablev) for _ZL17LL_RCC_HSE_Enablev
    main.o(.text._Z18SystemClock_Configv) refers to main.o(.text._ZL18LL_RCC_HSE_IsReadyv) for _ZL18LL_RCC_HSE_IsReadyv
    main.o(.text._Z18SystemClock_Configv) refers to main.o(.text._ZL19LL_RCC_HSI48_Enablev) for _ZL19LL_RCC_HSI48_Enablev
    main.o(.text._Z18SystemClock_Configv) refers to main.o(.text._ZL20LL_RCC_HSI48_IsReadyv) for _ZL20LL_RCC_HSI48_IsReadyv
    main.o(.text._Z18SystemClock_Configv) refers to main.o(.text._ZL17LL_RCC_LSI_Enablev) for _ZL17LL_RCC_LSI_Enablev
    main.o(.text._Z18SystemClock_Configv) refers to main.o(.text._ZL18LL_RCC_LSI_IsReadyv) for _ZL18LL_RCC_LSI_IsReadyv
    main.o(.text._Z18SystemClock_Configv) refers to main.o(.text._ZL27LL_RCC_PLL_ConfigDomain_SYSjjjj) for _ZL27LL_RCC_PLL_ConfigDomain_SYSjjjj
    main.o(.text._Z18SystemClock_Configv) refers to main.o(.text._ZL27LL_RCC_PLL_EnableDomain_SYSv) for _ZL27LL_RCC_PLL_EnableDomain_SYSv
    main.o(.text._Z18SystemClock_Configv) refers to main.o(.text._ZL17LL_RCC_PLL_Enablev) for _ZL17LL_RCC_PLL_Enablev
    main.o(.text._Z18SystemClock_Configv) refers to main.o(.text._ZL18LL_RCC_PLL_IsReadyv) for _ZL18LL_RCC_PLL_IsReadyv
    main.o(.text._Z18SystemClock_Configv) refers to main.o(.text._ZL22LL_RCC_SetSysClkSourcej) for _ZL22LL_RCC_SetSysClkSourcej
    main.o(.text._Z18SystemClock_Configv) refers to main.o(.text._ZL22LL_RCC_SetAHBPrescalerj) for _ZL22LL_RCC_SetAHBPrescalerj
    main.o(.text._Z18SystemClock_Configv) refers to main.o(.text._ZL22LL_RCC_GetSysClkSourcev) for _ZL22LL_RCC_GetSysClkSourcev
    main.o(.text._Z18SystemClock_Configv) refers to main.o(.text._ZL23LL_RCC_SetAPB1Prescalerj) for _ZL23LL_RCC_SetAPB1Prescalerj
    main.o(.text._Z18SystemClock_Configv) refers to main.o(.text._ZL23LL_RCC_SetAPB2Prescalerj) for _ZL23LL_RCC_SetAPB2Prescalerj
    main.o(.text._Z18SystemClock_Configv) refers to stm32g4xx_ll_utils.o(.text.LL_SetSystemCoreClock) for LL_SetSystemCoreClock
    main.o(.text._Z18SystemClock_Configv) refers to main.o(.text._ZL26LL_RCC_SetFDCANClockSourcej) for _ZL26LL_RCC_SetFDCANClockSourcej
    main.o(.text._Z18SystemClock_Configv) refers to main.o(.text._ZL24LL_RCC_SetUSBClockSourcej) for _ZL24LL_RCC_SetUSBClockSourcej
    main.o(.text._Z18SystemClock_Configv) refers to main.o(.text._ZL26LL_RCC_SetUSARTClockSourcej) for _ZL26LL_RCC_SetUSARTClockSourcej
    main.o(.ARM.exidx.text._Z18SystemClock_Configv) refers to main.o(.text._Z18SystemClock_Configv) for [Anonymous Symbol]
    main.o(.ARM.exidx.text._ZL26__NVIC_SetPriorityGroupingj) refers to main.o(.text._ZL26__NVIC_SetPriorityGroupingj) for [Anonymous Symbol]
    main.o(.ARM.exidx.text._ZL19LL_FLASH_SetLatencyj) refers to main.o(.text._ZL19LL_FLASH_SetLatencyj) for [Anonymous Symbol]
    main.o(.ARM.exidx.text._ZL19LL_FLASH_GetLatencyv) refers to main.o(.text._ZL19LL_FLASH_GetLatencyv) for [Anonymous Symbol]
    main.o(.ARM.exidx.text._ZL28LL_PWR_EnableRange1BoostModev) refers to main.o(.text._ZL28LL_PWR_EnableRange1BoostModev) for [Anonymous Symbol]
    main.o(.ARM.exidx.text._ZL17LL_RCC_HSE_Enablev) refers to main.o(.text._ZL17LL_RCC_HSE_Enablev) for [Anonymous Symbol]
    main.o(.ARM.exidx.text._ZL18LL_RCC_HSE_IsReadyv) refers to main.o(.text._ZL18LL_RCC_HSE_IsReadyv) for [Anonymous Symbol]
    main.o(.ARM.exidx.text._ZL19LL_RCC_HSI48_Enablev) refers to main.o(.text._ZL19LL_RCC_HSI48_Enablev) for [Anonymous Symbol]
    main.o(.ARM.exidx.text._ZL20LL_RCC_HSI48_IsReadyv) refers to main.o(.text._ZL20LL_RCC_HSI48_IsReadyv) for [Anonymous Symbol]
    main.o(.ARM.exidx.text._ZL17LL_RCC_LSI_Enablev) refers to main.o(.text._ZL17LL_RCC_LSI_Enablev) for [Anonymous Symbol]
    main.o(.ARM.exidx.text._ZL18LL_RCC_LSI_IsReadyv) refers to main.o(.text._ZL18LL_RCC_LSI_IsReadyv) for [Anonymous Symbol]
[...]
    0x08003e4c   0x08003e4c   0x00000008   Code   RO          624    .text._GLOBAL__sub_I_checkOreState.cpp  checkorestate.o
    0x08003e54   0x08003e54   0x00000008   Code   RO          913    .text._GLOBAL__sub_I_dbus.cpp  dbus.o
    0x08003e5c   0x08003e5c   0x00000064   Code   RO          206    .text._GLOBAL__sub_I_devList.cpp  devlist.o
    0x08003ec0   0x08003ec0   0x00000008   Code   RO         1485    .text._GLOBAL__sub_I_dynamics.cpp  dynamics.o
    0x08003ec8   0x08003ec8   0x00000008   Code   RO          557    .text._GLOBAL__sub_I_exchangeOreState.cpp  exchangeorestate.o
    0x08003ed0   0x08003ed0   0x00000008   Code   RO         1563    .text._GLOBAL__sub_I_fdcan.cpp  fdcan.o
    0x08003ed8   0x08003ed8   0x00000008   Code   RO          361    .text._GLOBAL__sub_I_gimbalTask.cpp  gimbaltask.o
    0x08003ee0   0x08003ee0   0x00000008   Code   RO          582    .text._GLOBAL__sub_I_handModeState.cpp  handmodestate.o
    0x08003ee8   0x08003ee8   0x00000008   Code   RO          604    .text._GLOBAL__sub_I_hidArmorState.cpp  hidarmorstate.o
    0x08003ef0   0x08003ef0   0x00000010   Code   RO          717    .text._GLOBAL__sub_I_imageTran.cpp  imagetran.o
    0x08003f00   0x08003f00   0x00000008   Code   RO          382    .text._GLOBAL__sub_I_judgeTask.cpp  judgetask.o
    0x08003f08   0x08003f08   0x00000008   Code   RO         1058    .text._GLOBAL__sub_I_judgement.cpp  judgement.o
    0x08003f10   0x08003f10   0x00000008   Code   RO         1461    .text._GLOBAL__sub_I_kinematics.cpp  kinematics.o
    0x08003f18   0x08003f18   0x00000008   Code   RO          274    .text._GLOBAL__sub_I_ledTask.cpp  ledtask.o
    0x08003f20   0x08003f20   0x00000008   Code   RO          840    .text._GLOBAL__sub_I_motor.cpp  motor.o
    0x08003f28   0x08003f28   0x0000000c   Code   RO          429    .text._GLOBAL__sub_I_offsetStateMachine.cpp  offsetstatemachine.o
    0x08003f34   0x08003f34   0x00000008   Code   RO          763    .text._GLOBAL__sub_I_oreBin.cpp  orebin.o
    0x08003f3c   0x08003f3c   0x00000010   Code   RO          469    .text._GLOBAL__sub_I_oreMotionStateMachine.cpp  oremotionstatemachine.o
    0x08003f4c   0x08003f4c   0x00000008   Code   RO          537    .text._GLOBAL__sub_I_pickOreState.cpp  pickorestate.o
    0x08003f54   0x08003f54   0x00000008   Code   RO          306    .text._GLOBAL__sub_I_stateTask.cpp  statetask.o
    0x08003f5c   0x08003f5c   0x00000008   Code   RO          496    .text._GLOBAL__sub_I_takeGoldState.cpp  takegoldstate.o
    0x08003f64   0x08003f64   0x00000008   Code   RO          516    .text._GLOBAL__sub_I_takeSilveryState.cpp  takesilverystate.o
    0x08003f6c   0x08003f6c   0x00000008   Code   RO         1132    .text._GLOBAL__sub_I_vision.cpp  vision.o
    0x08003f74   0x08003f74   0x00000044   Code   RO           57    .text._Z11sysTickInitv  board.o
    0x08003fb8   0x08003fb8   0x00000002   Code   RO          104    .text._Z12TDT_Loop_1Hzv  schedule.o
    0x08003fba   0x08003fba   0x00000002   PAD
    0x08003fbc   0x08003fbc   0x00000002   Code   RO          102    .text._Z12TDT_Loop_2Hzv  schedule.o
    0x08003fbe   0x08003fbe   0x00000002   PAD
    0x08003fc0   0x08003fc0   0x000000bc   Code   RO           86    .text._Z12boardALLInitv  schedule.o
    0x0800407c   0x0800407c   0x00000054   Code   RO           67    .text._Z12getSysTimeUsv  board.o
    0x080040d0   0x080040d0   0x00000e78   Code   RO         1374    .text._Z12pathPlanCaltP8PathPlan8EndPointS1_ff  pathplan.o
    0x08004f48   0x08004f48   0x00000002   Code   RO          100    .text._Z13TDT_Loop_10Hzv  schedule.o
    0x08004f4a   0x08004f4a   0x00000002   PAD
    0x08004f4c   0x08004f4c   0x00000002   Code   RO           98    .text._Z13TDT_Loop_20Hzv  schedule.o
    0x08004f4e   0x08004f4e   0x00000002   PAD
    0x08004f50   0x08004f50   0x00000236   Code   RO           96    .text._Z13TDT_Loop_50Hzv  schedule.o
    0x08005186   0x08005186   0x00000002   PAD
    0x08005188   0x08005188   0x00000010   Code   RO           73    .text._Z13softwareResetv  board.o
    0x08005198   0x08005198   0x000000e8   Code   RO         1521    .text._Z14MX_FDCAN1_Initv  fdcan.o
    0x08005280   0x08005280   0x000000e8   Code   RO         1523    .text._Z14MX_FDCAN2_Initv  fdcan.o
    0x08005368   0x08005368   0x000000c4   Code   RO         1525    .text._Z14MX_FDCAN3_Initv  fdcan.o
    0x0800542c   0x0800542c   0x00000002   Code   RO           94    .text._Z14TDT_Loop_100Hzv  schedule.o
    0x0800542e   0x0800542e   0x00000002   PAD
    0x08005430   0x08005430   0x00000002   Code   RO           92    .text._Z14TDT_Loop_200Hzv  schedule.o
    0x08005432   0x08005432   0x00000002   PAD
    0x08005434   0x08005434   0x00000190   Code   RO           90    .text._Z14TDT_Loop_500Hzv  schedule.o
    0x080055c4   0x080055c4   0x00000002   Code   RO           88    .text._Z15TDT_Loop_1000Hzv  schedule.o
    0x080055c6   0x080055c6   0x00000002   PAD
    0x080055c8   0x080055c8   0x000001da   Code   RO         1547    .text._Z17self_CAN_TransmitP19FDCAN_HandleTypeDefP13MyCanTxStruct  fdcan.o
    0x080057a2   0x080057a2   0x00000002   PAD
    0x080057a4   0x080057a4   0x00000118   Code   RO            4    .text._Z18SystemClock_Configv  main.o
    0x080058bc   0x080058bc   0x00000040   Code   RO         1473    .text._Z3sgnf       dynamics.o
    0x080058fc   0x080058fc   0x00000004   PAD
    0x08005900   0x08005900   0x0000027c   Code   RO          204    .text._Z5DEBUGv     devlist.o
    0x08005b7c   0x08005b7c   0x00000046   Code   RO          400    .text._Z5endSMv     smuniversal.o
    0x08005bc2   0x08005bc2   0x00000002   PAD
    0x08005bc4   0x08005bc4   0x00000016   Code   RO           71    .text._Z7delayMsj   board.o
    0x08005bda   0x08005bda   0x00000002   PAD
    0x08005bdc   0x08005bdc   0x00000032   Code   RO           69    .text._Z7delayUsj   board.o
    0x08005c0e   0x08005c0e   0x00000002   PAD
    0x08005c10   0x08005c10   0x00000098   Code   RO          398    .text._Z7startSMP12StateMachine  smuniversal.o
    0x08005ca8   0x08005ca8   0x000000c4   Code   RO         1376    .text._Z9clearTimeP8PathPlanS0_S0_S0_S0_S0_S0_S0_S0_  pathplan.o
    0x08005d6c   0x08005d6c   0x000000c4   Code   RO          180    .text._Z9loadParamv  devlist.o
    0x08005e30   0x08005e30   0x00000052   Code   RO           59    .text._ZL14SysTick_Configj  board.o
    0x08005e82   0x08005e82   0x00000002   PAD
    0x08005e84   0x08005e84   0x00000012   Code   RO          887    .text._ZL15LL_USART_EnableP13USART_TypeDef  dbus.o
    0x08005e96   0x08005e96   0x00000002   PAD
    0x08005e98   0x08005e98   0x00000012   Code   RO         1004    .text._ZL15LL_USART_EnableP13USART_TypeDef  judgement.o
    0x08005eaa   0x08005eaa   0x00000002   PAD
    0x08005eac   0x08005eac   0x00000012   Code   RO         1114    .text._ZL15LL_USART_EnableP13USART_TypeDef  vision.o
    0x08005ebe   0x08005ebe   0x00000002   PAD
    0x08005ec0   0x08005ec0   0x00000034   Code   RO          875    .text._ZL16__NVIC_EnableIRQ9IRQn_Type  dbus.o
    0x08005ef4   0x08005ef4   0x00000034   Code   RO          990    .text._ZL16__NVIC_EnableIRQ9IRQn_Type  judgement.o
    0x08005f28   0x08005f28   0x00000034   Code   RO         1100    .text._ZL16__NVIC_EnableIRQ9IRQn_Type  vision.o
    0x08005f5c   0x08005f5c   0x00000012   Code   RO           14    .text._ZL17LL_RCC_HSE_Enablev  main.o
    0x08005f6e   0x08005f6e   0x00000002   PAD
    0x08005f70   0x08005f70   0x00000012   Code   RO           22    .text._ZL17LL_RCC_LSI_Enablev  main.o
    0x08005f82   0x08005f82   0x00000002   PAD
    0x08005f84   0x08005f84   0x00000012   Code   RO           30    .text._ZL17LL_RCC_PLL_Enablev  main.o
    0x08005f96   0x08005f96   0x00000002   PAD
    0x08005f98   0x08005f98   0x00000024   Code   RO         1008    .text._ZL18LL_DMA_EnableIT_TCP11DMA_TypeDefj  judgement.o
    0x08005fbc   0x08005fbc   0x00000010   Code   RO           16    .text._ZL18LL_RCC_HSE_IsReadyv  main.o
    0x08005fcc   0x08005fcc   0x00000010   Code   RO           24    .text._ZL18LL_RCC_LSI_IsReadyv  main.o
    0x08005fdc   0x08005fdc   0x00000010   Code   RO           32    .text._ZL18LL_RCC_PLL_IsReadyv  main.o
    0x08005fec   0x08005fec   0x00000044   Code   RO           61    .text._ZL18__NVIC_SetPriority9IRQn_Typej  board.o
    0x08006030   0x08006030   0x00000044   Code   RO          869    .text._ZL18__NVIC_SetPriority9IRQn_Typej  dbus.o
    0x08006074   0x08006074   0x00000044   Code   RO          984    .text._ZL18__NVIC_SetPriority9IRQn_Typej  judgement.o
    0x080060b8   0x080060b8   0x00000044   Code   RO         1094    .text._ZL18__NVIC_SetPriority9IRQn_Typej  vision.o
    0x080060fc   0x080060fc   0x00000026   Code   RO           75    .text._ZL18__NVIC_SystemResetv  board.o
    0x08006122   0x08006122   0x00000002   PAD
    0x08006124   0x08006124   0x00000024   Code   RO         1046    .text._ZL19LL_DMA_DisableIT_TCP11DMA_TypeDefj  judgement.o
    0x08006148   0x08006148   0x00000010   Code   RO           10    .text._ZL19LL_FLASH_GetLatencyv  main.o
    0x08006158   0x08006158   0x0000001c   Code   RO            8    .text._ZL19LL_FLASH_SetLatencyj  main.o
    0x08006174   0x08006174   0x00000012   Code   RO           18    .text._ZL19LL_RCC_HSI48_Enablev  main.o
    0x08006186   0x08006186   0x00000002   PAD
    0x08006188   0x08006188   0x0000006e   Code   RO           63    .text._ZL19NVIC_EncodePriorityjjj  board.o
    0x080061f6   0x080061f6   0x00000002   PAD
    0x080061f8   0x080061f8   0x0000006e   Code   RO          871    .text._ZL19NVIC_EncodePriorityjjj  dbus.o
    0x08006266   0x08006266   0x00000002   PAD
    0x08006268   0x08006268   0x0000006e   Code   RO          986    .text._ZL19NVIC_EncodePriorityjjj  judgement.o
    0x080062d6   0x080062d6   0x00000002   PAD
    0x080062d8   0x080062d8   0x0000006e   Code   RO         1096    .text._ZL19NVIC_EncodePriorityjjj  vision.o
    0x08006346   0x08006346   0x00000002   PAD
    0x08006348   0x08006348   0x00000010   Code   RO         1014    .text._ZL20LL_DMA_ClearFlag_TC4P11DMA_TypeDef  judgement.o
    0x08006358   0x08006358   0x00000010   Code   RO         1050    .text._ZL20LL_DMA_ClearFlag_TC5P11DMA_TypeDef  judgement.o
    0x08006368   0x08006368   0x00000024   Code   RO          889    .text._ZL20LL_DMA_EnableChannelP11DMA_TypeDefj  dbus.o
    0x0800638c   0x0800638c   0x00000024   Code   RO         1006    .text._ZL20LL_DMA_EnableChannelP11DMA_TypeDefj  judgement.o
    0x080063b0   0x080063b0   0x00000024   Code   RO         1092    .text._ZL20LL_DMA_EnableChannelP11DMA_TypeDefj  vision.o
    0x080063d4   0x080063d4   0x00000022   Code   RO          907    .text._ZL20LL_DMA_GetDataLengthP11DMA_TypeDefj  dbus.o
    0x080063f6   0x080063f6   0x00000002   PAD
    0x080063f8   0x080063f8   0x00000022   Code   RO         1018    .text._ZL20LL_DMA_GetDataLengthP11DMA_TypeDefj  judgement.o
    0x0800641a   0x0800641a   0x00000002   PAD
    0x0800641c   0x0800641c   0x00000036   Code   RO          911    .text._ZL20LL_DMA_SetDataLengthP11DMA_TypeDefjj  dbus.o
    0x08006452   0x08006452   0x00000002   PAD
    0x08006454   0x08006454   0x00000036   Code   RO         1122    .text._ZL20LL_DMA_SetDataLengthP11DMA_TypeDefjj  vision.o
    0x0800648a   0x0800648a   0x00000002   PAD
    0x0800648c   0x0800648c   0x00000010   Code   RO           20    .text._ZL20LL_RCC_HSI48_IsReadyv  main.o
    0x0800649c   0x0800649c   0x00000012   Code   RO         1170    .text._ZL20LL_TIM_EnableCounterP11TIM_TypeDef  gugu.o
    0x080064ae   0x080064ae   0x00000002   PAD
    0x080064b0   0x080064b0   0x00000012   Code   RO          881    .text._ZL20LL_USART_DisableFIFOP13USART_TypeDef  dbus.o
    0x080064c2   0x080064c2   0x00000002   PAD
    0x080064c4   0x080064c4   0x00000012   Code   RO          996    .text._ZL20LL_USART_DisableFIFOP13USART_TypeDef  judgement.o
    0x080064d6   0x080064d6   0x00000002   PAD
    0x080064d8   0x080064d8   0x00000012   Code   RO         1106    .text._ZL20LL_USART_DisableFIFOP13USART_TypeDef  vision.o
    0x080064ea   0x080064ea   0x00000002   PAD
    0x080064ec   0x080064ec   0x00000024   Code   RO          909    .text._ZL21LL_DMA_DisableChannelP11DMA_TypeDefj  dbus.o
    0x08006510   0x08006510   0x00000024   Code   RO         1048    .text._ZL21LL_DMA_DisableChannelP11DMA_TypeDefj  judgement.o
    0x08006534   0x08006534   0x00000024   Code   RO         1120    .text._ZL21LL_DMA_DisableChannelP11DMA_TypeDefj  vision.o
    0x08006558   0x08006558   0x00000010   Code   RO         1509    .text._ZL21LL_IWDG_ReloadCounterP12IWDG_TypeDef  iwdg.o
    0x08006568   0x08006568   0x000000f6   Code   RO         1160    .text._ZL21LL_TIM_OC_DisableFastP11TIM_TypeDefj  gugu.o
    0x0800665e   0x0800665e   0x00000002   PAD
    0x08006660   0x08006660   0x00000020   Code   RO         1156    .text._ZL21LL_TIM_SetClockSourceP11TIM_TypeDefj  gugu.o
    0x08006680   0x08006680   0x0000000e   Code   RO          905    .text._ZL21LL_USART_ReceiveData8P13USART_TypeDef  dbus.o
    0x0800668e   0x0800668e   0x00000002   PAD
    0x08006690   0x08006690   0x0000000e   Code   RO         1130    .text._ZL21LL_USART_ReceiveData8P13USART_TypeDef  vision.o
    0x0800669e   0x0800669e   0x00000002   PAD
    0x080066a0   0x080066a0   0x00000010   Code   RO          778    .text._ZL22LL_GPIO_ResetOutputPinP12GPIO_TypeDefj  led.o
    0x080066b0   0x080066b0   0x00000010   Code   RO           38    .text._ZL22LL_RCC_GetSysClkSourcev  main.o
    0x080066c0   0x080066c0   0x0000001c   Code   RO           36    .text._ZL22LL_RCC_SetAHBPrescalerj  main.o
    0x080066dc   0x080066dc   0x0000001c   Code   RO           34    .text._ZL22LL_RCC_SetSysClkSourcej  main.o
    0x080066f8   0x080066f8   0x00000012   Code   RO          891    .text._ZL22LL_USART_EnableIT_IDLEP13USART_TypeDef  dbus.o
    0x0800670a   0x0800670a   0x00000002   PAD
    0x0800670c   0x0800670c   0x00000012   Code   RO         1116    .text._ZL22LL_USART_EnableIT_IDLEP13USART_TypeDef  vision.o
    0x0800671e   0x0800671e   0x00000002   PAD
    0x08006720   0x08006720   0x00000010   Code   RO         1012    .text._ZL23LL_DMA_IsActiveFlag_TC4P11DMA_TypeDef  judgement.o
    0x08006730   0x08006730   0x0000001c   Code   RO           40    .text._ZL23LL_RCC_SetAPB1Prescalerj  main.o
    0x0800674c   0x0800674c   0x0000001c   Code   RO           42    .text._ZL23LL_RCC_SetAPB2Prescalerj  main.o
    0x08006768   0x08006768   0x00000014   Code   RO         1168    .text._ZL23LL_TIM_CC_EnableChannelP11TIM_TypeDefj  gugu.o
    0x0800677c   0x0800677c   0x00000012   Code   RO         1154    .text._ZL23LL_TIM_EnableARRPreloadP11TIM_TypeDef  gugu.o
    0x0800678e   0x0800678e   0x00000002   PAD
    0x08006790   0x08006790   0x000000f4   Code   RO         1158    .text._ZL23LL_TIM_OC_EnablePreloadP11TIM_TypeDefj  gugu.o
    0x08006884   0x08006884   0x00000010   Code   RO         1172    .text._ZL23LL_TIM_OC_SetCompareCH1P11TIM_TypeDefj  gugu.o
    0x08006894   0x08006894   0x00000010   Code   RO         1174    .text._ZL23LL_TIM_OC_SetCompareCH2P11TIM_TypeDefj  gugu.o
    0x080068a4   0x080068a4   0x00000020   Code   RO         1162    .text._ZL23LL_TIM_SetTriggerOutputP11TIM_TypeDefj  gugu.o
    0x080068c4   0x080068c4   0x0000000e   Code   RO          903    .text._ZL23LL_USART_ClearFlag_IDLEP13USART_TypeDef  dbus.o
    0x080068d2   0x080068d2   0x00000002   PAD
    0x080068d4   0x080068d4   0x0000000e   Code   RO         1128    .text._ZL23LL_USART_ClearFlag_IDLEP13USART_TypeDef  vision.o
    0x080068e2   0x080068e2   0x00000002   PAD
    0x080068e4   0x080068e4   0x00000022   Code   RO          863    .text._ZL24LL_AHB1_GRP1_EnableClockj  dbus.o
    0x08006906   0x08006906   0x00000002   PAD
    0x08006908   0x08006908   0x00000022   Code   RO          978    .text._ZL24LL_AHB1_GRP1_EnableClockj  judgement.o
    0x0800692a   0x0800692a   0x00000002   PAD
    0x0800692c   0x0800692c   0x00000022   Code   RO         1086    .text._ZL24LL_AHB1_GRP1_EnableClockj  vision.o
    0x0800694e   0x0800694e   0x00000002   PAD
    0x08006950   0x08006950   0x00000022   Code   RO          776    .text._ZL24LL_AHB2_GRP1_EnableClockj  led.o
    0x08006972   0x08006972   0x00000002   PAD
    0x08006974   0x08006974   0x00000022   Code   RO          867    .text._ZL24LL_AHB2_GRP1_EnableClockj  dbus.o
    0x08006996   0x08006996   0x00000002   PAD
    0x08006998   0x08006998   0x00000022   Code   RO          982    .text._ZL24LL_AHB2_GRP1_EnableClockj  judgement.o
    0x080069ba   0x080069ba   0x00000002   PAD
    0x080069bc   0x080069bc   0x00000022   Code   RO         1090    .text._ZL24LL_AHB2_GRP1_EnableClockj  vision.o
    0x080069de   0x080069de   0x00000002   PAD
    0x080069e0   0x080069e0   0x00000022   Code   RO         1166    .text._ZL24LL_AHB2_GRP1_EnableClockj  gugu.o
    0x08006a02   0x08006a02   0x00000002   PAD
    0x08006a04   0x08006a04   0x00000022   Code   RO          865    .text._ZL24LL_APB1_GRP1_EnableClockj  dbus.o
    0x08006a26   0x08006a26   0x00000002   PAD
    0x08006a28   0x08006a28   0x00000022   Code   RO          980    .text._ZL24LL_APB1_GRP1_EnableClockj  judgement.o
    0x08006a4a   0x08006a4a   0x00000002   PAD
    0x08006a4c   0x08006a4c   0x00000022   Code   RO         1152    .text._ZL24LL_APB1_GRP1_EnableClockj  gugu.o
    0x08006a6e   0x08006a6e   0x00000002   PAD
    0x08006a70   0x08006a70   0x00000022   Code   RO         1088    .text._ZL24LL_APB2_GRP1_EnableClockj  vision.o
    0x08006a92   0x08006a92   0x00000002   PAD
    0x08006a94   0x08006a94   0x0000001c   Code   RO           46    .text._ZL24LL_RCC_SetUSBClockSourcej  main.o
    0x08006ab0   0x08006ab0   0x0000001c   Code   RO          883    .text._ZL24LL_USART_ConfigAsyncModeP13USART_TypeDef  dbus.o
    0x08006acc   0x08006acc   0x0000001c   Code   RO          998    .text._ZL24LL_USART_ConfigAsyncModeP13USART_TypeDef  judgement.o
    0x08006ae8   0x08006ae8   0x0000001c   Code   RO         1108    .text._ZL24LL_USART_ConfigAsyncModeP13USART_TypeDef  vision.o
    0x08006b04   0x08006b04   0x00000012   Code   RO          885    .text._ZL24LL_USART_EnableDMAReq_RXP13USART_TypeDef  dbus.o
    0x08006b16   0x08006b16   0x00000002   PAD
    0x08006b18   0x08006b18   0x00000012   Code   RO         1002    .text._ZL24LL_USART_EnableDMAReq_RXP13USART_TypeDef  judgement.o
    0x08006b2a   0x08006b2a   0x00000002   PAD
    0x08006b2c   0x08006b2c   0x00000012   Code   RO         1110    .text._ZL24LL_USART_EnableDMAReq_RXP13USART_TypeDef  vision.o
    0x08006b3e   0x08006b3e   0x00000002   PAD
    0x08006b40   0x08006b40   0x00000012   Code   RO         1000    .text._ZL24LL_USART_EnableDMAReq_TXP13USART_TypeDef  judgement.o
    0x08006b52   0x08006b52   0x00000002   PAD
    0x08006b54   0x08006b54   0x00000012   Code   RO         1112    .text._ZL24LL_USART_EnableDMAReq_TXP13USART_TypeDef  vision.o
    0x08006b66   0x08006b66   0x00000002   PAD
    0x08006b68   0x08006b68   0x0000001c   Code   RO           44    .text._ZL26LL_RCC_SetFDCANClockSourcej  main.o
    0x08006b84   0x08006b84   0x0000001e   Code   RO           48    .text._ZL26LL_RCC_SetUSARTClockSourcej  main.o
    0x08006ba2   0x08006ba2   0x00000002   PAD
    0x08006ba4   0x08006ba4   0x00000010   Code   RO          901    .text._ZL26LL_USART_IsActiveFlag_IDLEP13USART_TypeDef  dbus.o
    0x08006bb4   0x08006bb4   0x00000010   Code   RO         1126    .text._ZL26LL_USART_IsActiveFlag_IDLEP13USART_TypeDef  vision.o
    0x08006bc4   0x08006bc4   0x00000010   Code   RO           65    .text._ZL26__NVIC_GetPriorityGroupingv  board.o
    0x08006bd4   0x08006bd4   0x00000010   Code   RO          873    .text._ZL26__NVIC_GetPriorityGroupingv  dbus.o
    0x08006be4   0x08006be4   0x00000010   Code   RO          988    .text._ZL26__NVIC_GetPriorityGroupingv  judgement.o
    0x08006bf4   0x08006bf4   0x00000010   Code   RO         1098    .text._ZL26__NVIC_GetPriorityGroupingv  vision.o
    0x08006c04   0x08006c04   0x0000003c   Code   RO            6    .text._ZL26__NVIC_SetPriorityGroupingj  main.o
    0x08006c40   0x08006c40   0x00000036   Code   RO           26    .text._ZL27LL_RCC_PLL_ConfigDomain_SYSjjjj  main.o
    0x08006c76   0x08006c76   0x00000002   PAD
    0x08006c78   0x08006c78   0x00000012   Code   RO           28    .text._ZL27LL_RCC_PLL_EnableDomain_SYSv  main.o
    0x08006c8a   0x08006c8a   0x00000002   PAD
    0x08006c8c   0x08006c8c   0x0000001c   Code   RO          879    .text._ZL27LL_USART_SetRXFIFOThresholdP13USART_TypeDefj  dbus.o
    0x08006ca8   0x08006ca8   0x0000001c   Code   RO          994    .text._ZL27LL_USART_SetRXFIFOThresholdP13USART_TypeDefj  judgement.o
    0x08006cc4   0x08006cc4   0x0000001c   Code   RO         1104    .text._ZL27LL_USART_SetRXFIFOThresholdP13USART_TypeDefj  vision.o
    0x08006ce0   0x08006ce0   0x0000001c   Code   RO          877    .text._ZL27LL_USART_SetTXFIFOThresholdP13USART_TypeDefj  dbus.o
    0x08006cfc   0x08006cfc   0x0000001c   Code   RO          992    .text._ZL27LL_USART_SetTXFIFOThresholdP13USART_TypeDefj  judgement.o
    0x08006d18   0x08006d18   0x0000001c   Code   RO         1102    .text._ZL27LL_USART_SetTXFIFOThresholdP13USART_TypeDefj  vision.o
    0x08006d34   0x08006d34   0x00000012   Code   RO           12    .text._ZL28LL_PWR_EnableRange1BoostModev  main.o
    0x08006d46   0x08006d46   0x00000002   PAD
    0x08006d48   0x08006d48   0x00000012   Code   RO         1164    .text._ZL29LL_TIM_DisableMasterSlaveModeP11TIM_TypeDef  gugu.o
    0x08006d5a   0x08006d5a   0x00000002   PAD
    0x08006d5c   0x08006d5c   0x000000d4   Code   RO         1537    .text._ZN10CanSendMsgC2EP19FDCAN_HandleTypeDefbj  fdcan.o
    0x08006e30   0x08006e30   0x0000000e   Code   RO          622    .text._ZN10CheckState4exitEv  checkorestate.o
    0x08006e3e   0x08006e3e   0x00000002   PAD
    0x08006e40   0x08006e40   0x0000007e   Code   RO          620    .text._ZN10CheckState6updateEv  checkorestate.o
    0x08006ebe   0x08006ebe   0x00000002   PAD
    0x08006ec0   0x08006ec0   0x00000026   Code   RO          618    .text._ZN10CheckStateC2EPP5State  checkorestate.o
    0x08006ee6   0x08006ee6   0x00000002   PAD
    0x08006ee8   0x08006ee8   0x00000016   Code   RO          357    .text._ZN10GimbalTask3runEv  gimbaltask.o
    0x08006efe   0x08006efe   0x00000002   PAD
    0x08006f00   0x08006f00   0x0000001c   Code   RO          355    .text._ZN10GimbalTask4initEv  gimbaltask.o
    0x08006f1c   0x08006f1c   0x00000022   Code   RO          372    .text._ZN10GimbalTaskC2Ev  gimbaltask.o
    0x08006f3e   0x08006f3e   0x00000002   PAD
    0x08006f40   0x08006f40   0x00000018   Code   RO          259    .text._ZN10JointAngleC2Ev  devlist.o
    0x08006f58   0x08006f58   0x0000001e   Code   RO          263    .text._ZN10JointStateC2Ev  devlist.o
    0x08006f76   0x08006f76   0x00000002   PAD
    0x08006f78   0x08006f78   0x00000ab8   Code   RO         1457    .text._ZN10Kinematics13GetJointAngleE8EndPointh  kinematics.o
    0x08007a30   0x08007a30   0x00000694   Code   RO         1455    .text._ZN10Kinematics13mat2qua2eulerEPA3_fPf  kinematics.o
    0x080080c4   0x080080c4   0x0000000a   Code   RO         1451    .text._ZN10KinematicsC2Ev  kinematics.o
    0x080080ce   0x080080ce   0x00000002   PAD
    0x080080d0   0x080080d0   0x00000104   Code   RO          893    .text._ZN10RemoteCtrl10handleDataEPVKh  dbus.o
    0x080081d4   0x080081d4   0x00000094   Code   RO          895    .text._ZN10RemoteCtrl12motionDetectEv  dbus.o
    0x08008268   0x08008268   0x00000134   Code   RO          897    .text._ZN10RemoteCtrl12taskScheduleEv  dbus.o
    0x0800839c   0x0800839c   0x00000158   Code   RO          861    .text._ZN10RemoteCtrl4initEv  dbus.o
    0x080084f4   0x080084f4   0x0000001a   Code   RO          928    .text._ZN10RemoteCtrlC2Ev  dbus.o
    0x0800850e   0x0800850e   0x00000002   PAD
    0x08008510   0x08008510   0x00000a88   Code   RO         1261    .text._ZN10RoboticArm11GetNowParamEv  arm.o
    0x08008f98   0x08008f98   0x000002b8   Code   RO         1263    .text._ZN10RoboticArm12ctrlPositionE10JointState  arm.o
    0x08009250   0x08009250   0x000000e0   Code   RO         1269    .text._ZN10RoboticArm13PangPangCheckEfff  arm.o
    0x08009330   0x08009330   0x000000a8   Code   RO         1259    .text._ZN10RoboticArm15CalculateToMechE10JointAngle  arm.o
    0x080093d8   0x080093d8   0x00000294   Code   RO         1265    .text._ZN10RoboticArm20CalculateAngleHandleE10JointAngle  arm.o
    0x0800966c   0x0800966c   0x00000058   Code   RO         1255    .text._ZN10RoboticArmC2Ev  arm.o
    0x080096c4   0x080096c4   0x00000008   Code   RO          333    .text._ZN11ChassisTask14enableCallBackEv  chassistask.o
    0x080096cc   0x080096cc   0x00000008   Code   RO          335    .text._ZN11ChassisTask15disableCallBackEv  chassistask.o
    0x080096d4   0x080096d4   0x00000008   Code   RO          331    .text._ZN11ChassisTask16rcUpdateCallBackEv  chassistask.o
    0x080096dc   0x080096dc   0x00000016   Code   RO          337    .text._ZN11ChassisTask3runEv  chassistask.o
    0x080096f2   0x080096f2   0x00000002   PAD
    0x080096f4   0x080096f4   0x0000000e   Code   RO          329    .text._ZN11ChassisTask4initEv  chassistask.o
    0x08009702   0x08009702   0x00000002   PAD
    0x08009704   0x08009704   0x00000022   Code   RO          352    .text._ZN11ChassisTaskC2Ev  chassistask.o
    0x08009726   0x08009726   0x00000002   PAD
    0x08009728   0x08009728   0x00000070   Code   RO         1216    .text._ZN11DoubleMotorC2EP5MotorS1_a  doublemotor.o
    0x08009798   0x08009798   0x00000012   Code   RO          261    .text._ZN11JointTorqueC2Ev  devlist.o
    0x080097aa   0x080097aa   0x00000002   PAD
    0x080097ac   0x080097ac   0x0000000e   Code   RO          427    .text._ZN11OffsetState4exitEv  offsetstatemachine.o
    0x080097ba   0x080097ba   0x00000002   PAD
    0x080097bc   0x080097bc   0x00000008   Code   RO          425    .text._ZN11OffsetState6updateEv  offsetstatemachine.o
    0x080097c4   0x080097c4   0x0000002c   Code   RO          423    .text._ZN11OffsetStateC2EPP5State  offsetstatemachine.o
    0x080097f0   0x080097f0   0x00000024   Code   RO         1584    .text._ZN11SelfCanFIFO12getFIFOCountEv  fdcan.o
    0x08009814   0x08009814   0x00000046   Code   RO         1543    .text._ZN11SelfCanFIFO3popEv  fdcan.o
    0x0800985a   0x0800985a   0x00000002   PAD
    0x0800985c   0x0800985c   0x000000ee   Code   RO         1539    .text._ZN11SelfCanFIFO4pushE13MyCanTxStruct  fdcan.o
    0x0800994a   0x0800994a   0x00000002   PAD
    0x0800994c   0x0800994c   0x00000060   Code   RO         1541    .text._ZN11SelfCanFIFO7trySendEv  fdcan.o
    0x080099ac   0x080099ac   0x00000070   Code   RO         1586    .text._ZN11SelfCanFIFOC2EP19FDCAN_HandleTypeDef  fdcan.o
    0x08009a1c   0x08009a1c   0x0000001e   Code   RO         1295    .text._ZN11VirtualTask12setAlwaysRunEb  virtualtask.o
    0x08009a3a   0x08009a3a   0x00000002   PAD
    0x08009a3c   0x08009a3c   0x00000008   Code   RO          289    .text._ZN11VirtualTask14enableCallBackEv  ledtask.o
    0x08009a44   0x08009a44   0x00000008   Code   RO          291    .text._ZN11VirtualTask15disableCallBackEv  ledtask.o
    0x08009a4c   0x08009a4c   0x00000008   Code   RO          287    .text._ZN11VirtualTask16rcUpdateCallBackEv  ledtask.o
    0x08009a54   0x08009a54   0x00000090   Code   RO         1293    .text._ZN11VirtualTaskC2Ev  virtualtask.o
    0x08009ae4   0x08009ae4   0x00000014   Code   RO         1311    .text._ZN12StateMachine6updateEv  statemachine.o
    0x08009af8   0x08009af8   0x00000088   Code   RO         1309    .text._ZN12StateMachineC2Ev  statemachine.o
    0x08009b80   0x08009b80   0x0000000e   Code   RO          555    .text._ZN13ExchangeState4exitEv  exchangeorestate.o
    0x08009b8e   0x08009b8e   0x00000002   PAD
    0x08009b90   0x08009b90   0x0000007e   Code   RO          553    .text._ZN13ExchangeState6updateEv  exchangeorestate.o
    0x08009c0e   0x08009c0e   0x00000002   PAD
    0x08009c10   0x08009c10   0x00000026   Code   RO          551    .text._ZN13ExchangeStateC2EPP5State  exchangeorestate.o
    0x08009c36   0x08009c36   0x00000002   PAD
    0x08009c38   0x08009c38   0x0000000e   Code   RO          580    .text._ZN13HandModeState4exitEv  handmodestate.o
    0x08009c46   0x08009c46   0x00000002   PAD
    0x08009c48   0x08009c48   0x0000007e   Code   RO          578    .text._ZN13HandModeState6updateEv  handmodestate.o
    0x08009cc6   0x08009cc6   0x00000002   PAD
    0x08009cc8   0x08009cc8   0x00000026   Code   RO          576    .text._ZN13HandModeStateC2EPP5State  handmodestate.o
    0x08009cee   0x08009cee   0x00000002   PAD
    0x08009cf0   0x08009cf0   0x0000004c   Code   RO          967    .text._ZN13MyCanTxStructC2EjPh  dmmotor.o
    0x08009d3c   0x08009d3c   0x0000000e   Code   RO          494    .text._ZN13TakeGoldState4exitEv  takegoldstate.o
    0x08009d4a   0x08009d4a   0x00000002   PAD
    0x08009d4c   0x08009d4c   0x000000e8   Code   RO          492    .text._ZN13TakeGoldState6updateEv  takegoldstate.o
    0x08009e34   0x08009e34   0x00000026   Code   RO          490    .text._ZN13TakeGoldStateC2EPP5State  takegoldstate.o
    0x08009e5a   0x08009e5a   0x00000002   PAD
    0x08009e5c   0x08009e5c   0x0000000e   Code   RO          457    .text._ZN13TakeInitState4exitEv  oremotionstatemachine.o
    0x08009e6a   0x08009e6a   0x00000002   PAD
    0x08009e6c   0x08009e6c   0x000005fe   Code   RO          455    .text._ZN13TakeInitState6updateEv  oremotionstatemachine.o
    0x0800a46a   0x0800a46a   0x00000002   PAD
    0x0800a46c   0x0800a46c   0x0000002c   Code   RO          453    .text._ZN13TakeInitStateC2EPP5State  oremotionstatemachine.o
    0x0800a498   0x0800a498   0x0000000e   Code   RO          535    .text._ZN14TakeFloorState4exitEv  pickorestate.o
    0x0800a4a6   0x0800a4a6   0x00000002   PAD
    0x0800a4a8   0x0800a4a8   0x0000007e   Code   RO          533    .text._ZN14TakeFloorState6updateEv  pickorestate.o
    0x0800a526   0x0800a526   0x00000002   PAD
    0x0800a528   0x0800a528   0x00000026   Code   RO          531    .text._ZN14TakeFloorStateC2EPP5State  pickorestate.o
    0x0800a54e   0x0800a54e   0x00000002   PAD
    0x0800a550   0x0800a550   0x00000014   Code   RO          465    .text._ZN16ExitPerfectState4exitEv  oremotionstatemachine.o
    0x0800a564   0x0800a564   0x00000008   Code   RO          463    .text._ZN16ExitPerfectState6updateEv  oremotionstatemachine.o
    0x0800a56c   0x0800a56c   0x00000026   Code   RO          461    .text._ZN16ExitPerfectStateC2EPP5State  oremotionstatemachine.o
    0x0800a592   0x0800a592   0x00000002   PAD
    0x0800a594   0x0800a594   0x0000000e   Code   RO          514    .text._ZN16TakeSilveryState4exitEv  takesilverystate.o
    0x0800a5a2   0x0800a5a2   0x00000002   PAD
    0x0800a5a4   0x0800a5a4   0x0000007e   Code   RO          512    .text._ZN16TakeSilveryState6updateEv  takesilverystate.o
    0x0800a622   0x0800a622   0x00000002   PAD
    0x0800a624   0x0800a624   0x00000026   Code   RO          510    .text._ZN16TakeSilveryStateC2EPP5State  takesilverystate.o
    0x0800a64a   0x0800a64a   0x00000002   PAD
    0x0800a64c   0x0800a64c   0x00000012   Code   RO         1145    .text._ZN16VisionRecvStructC2Ev  vision.o
    0x0800a65e   0x0800a65e   0x00000002   PAD
    0x0800a660   0x0800a660   0x00000012   Code   RO         1147    .text._ZN16VisionSendStructC2Ev  vision.o
    0x0800a672   0x0800a672   0x00000006   PAD
    0x0800a678   0x0800a678   0x00000128   Code   RO         1390    .text._ZN2Kf12KalmanFilterEdddh  filter.o
    0x0800a7a0   0x0800a7a0   0x000000a4   Code   RO          736    .text._ZN3Air14SendDataUpdateEv  air.o
    0x0800a844   0x0800a844   0x00000058   Code   RO          738    .text._ZN3Air4StopEv  air.o
    0x0800a89c   0x0800a89c   0x0000007e   Code   RO          734    .text._ZN3AirC2Ev   air.o
    0x0800a91a   0x0800a91a   0x00000002   PAD
    0x0800a91c   0x0800a91c   0x00000022   Code   RO         1438    .text._ZN3Asr5clearEv  asr.o
    0x0800a93e   0x0800a93e   0x00000002   PAD
    0x0800a940   0x0800a940   0x00000114   Code   RO         1440    .text._ZN3Asr6setTarEfff  asr.o
    0x0800aa54   0x0800aa54   0x000000f6   Code   RO         1442    .text._ZN3Asr6updateEv  asr.o
    0x0800ab4a   0x0800ab4a   0x00000002   PAD
    0x0800ab4c   0x0800ab4c   0x00000020   Code   RO         1436    .text._ZN3AsrC2Ev   asr.o
    0x0800ab6c   0x0800ab6c   0x000000b8   Code   RO         1555    .text._ZN3Can14disforceHandleEv  fdcan.o
    0x0800ac24   0x0800ac24   0x00000052   Code   RO         1549    .text._ZN3Can4initEP19FDCAN_HandleTypeDef  fdcan.o
    0x0800ac76   0x0800ac76   0x00000002   PAD
    0x0800ac78   0x0800ac78   0x000000de   Code   RO         1551    .text._ZN3Can7sendMsgEv  fdcan.o
    0x0800ad56   0x0800ad56   0x00000002   PAD
    0x0800ad58   0x0800ad58   0x00000038   Code   RO          780    .text._ZN3Led4ctrlEh  led.o
    0x0800ad90   0x0800ad90   0x0000005e   Code   RO          774    .text._ZN3Led4initEt  led.o
    0x0800adee   0x0800adee   0x00000002   PAD
    0x0800adf0   0x0800adf0   0x000000d8   Code   RO          782    .text._ZN3Led4showEh  led.o
    0x0800aec8   0x0800aec8   0x000000a4   Code   RO         1334    .text._ZN3Pid10paramCheckEh  pid.o
    0x0800af6c   0x0800af6c   0x0000001a   Code   RO         1332    .text._ZN3Pid5clearEv  pid.o
    0x0800af86   0x0800af86   0x00000002   PAD
    0x0800af88   0x0800af88   0x0000005a   Code   RO         1328    .text._ZN3Pid7setPlanEiP8PidParam  pid.o
    0x0800afe2   0x0800afe2   0x00000002   PAD
    0x0800afe4   0x0800afe4   0x0000005c   Code   RO         1324    .text._ZN3Pid8setParamEifffff  pid.o
    0x0800b040   0x0800b040   0x00000612   Code   RO         1338    .text._ZN3Pid9calculateEh  pid.o
    0x0800b652   0x0800b652   0x00000002   PAD
    0x0800b654   0x0800b654   0x00000026   Code   RO         1322    .text._ZN3PidC2Ev   pid.o
    0x0800b67a   0x0800b67a   0x00000002   PAD
    0x0800b67c   0x0800b67c   0x0000015c   Code   RO         1150    .text._ZN4Gugu4initEv  gugu.o
    0x0800b7d8   0x0800b7d8   0x0000009c   Code   RO         1176    .text._ZN4Gugu6updateEv  gugu.o
    0x0800b874   0x0800b874   0x00000016   Code   RO         1511    .text._ZN4Iwdg4feedEv  iwdg.o
    0x0800b88a   0x0800b88a   0x00000002   PAD
    0x0800b88c   0x0800b88c   0x00000074   Code   RO         1362    .text._ZN5Cycle9getCycleTEv  cycle.o
    0x0800b900   0x0800b900   0x00000022   Code   RO          265    .text._ZN5CycleC2Ev  devlist.o
    0x0800b922   0x0800b922   0x00000002   PAD
    0x0800b924   0x0800b924   0x00000108   Code   RO         1386    .text._ZN5Lpf2p13SetCutoffFreqEff  filter.o
    0x0800ba2c   0x0800ba2c   0x000000c6   Code   RO         1388    .text._ZN5Lpf2p5ApplyEf  filter.o
    0x0800baf2   0x0800baf2   0x00000002   PAD
    0x0800baf4   0x0800baf4   0x00000094   Code   RO          798    .text._ZN5Motor10canMsgInitEv  motor.o
    0x0800bb88   0x0800bb88   0x000000e6   Code   RO          810    .text._ZN5Motor11ctrlCurrentEf  motor.o
    0x0800bc6e   0x0800bc6e   0x00000002   PAD
    0x0800bc70   0x0800bc70   0x0000000e   Code   RO          826    .text._ZN5Motor11getPositionEv  motor.o
    0x0800bc7e   0x0800bc7e   0x00000002   PAD
    0x0800bc80   0x0800bc80   0x00000038   Code   RO          818    .text._ZN5Motor12ctrlPositionEf  motor.o
    0x0800bcb8   0x0800bcb8   0x00000138   Code   RO          814    .text._ZN5Motor13motorPowerOutEf  motor.o
    0x0800bdf0   0x0800bdf0   0x0000009c   Code   RO          812    .text._ZN5Motor15overHeatProtectEs  motor.o
    0x0800be8c   0x0800be8c   0x0000001a   Code   RO          856    .text._ZN5Motor7CanInfoC2Ev  motor.o
    0x0800bea6   0x0800bea6   0x00000002   PAD
    0x0800bea8   0x0800bea8   0x0000003e   Code   RO          800    .text._ZN5Motor7setPlanEihP8PidParam  motor.o
    0x0800bee6   0x0800bee6   0x00000002   PAD
    0x0800bee8   0x0800bee8   0x00000074   Code   RO          802    .text._ZN5Motor8setParamEihfffff  motor.o
    0x0800bf5c   0x0800bf5c   0x00000004   PAD
    0x0800bf60   0x0800bf60   0x00000288   Code   RO          836    .text._ZN5Motor9canHandleEPh  motor.o
    0x0800c1e8   0x0800c1e8   0x0000006e   Code   RO          834    .text._ZN5Motor9canOffsetEPh  motor.o
    0x0800c256   0x0800c256   0x00000002   PAD
    0x0800c258   0x0800c258   0x00000038   Code   RO          816    .text._ZN5Motor9ctrlSpeedEf  motor.o
    0x0800c290   0x0800c290   0x00000080   Code   RO          796    .text._ZN5Motor9motorInitEv  motor.o
    0x0800c310   0x0800c310   0x000001b0   Code   RO          794    .text._ZN5MotorC2E9MotorTypeP19FDCAN_HandleTypeDefj  motor.o
    0x0800c4c0   0x0800c4c0   0x0000002e   Code   RO          664    .text._ZN5SpeedaSES_  chassis.o
    0x0800c4ee   0x0800c4ee   0x00000002   PAD
    0x0800c4f0   0x0800c4f0   0x00000008   Code   RO          445    .text._ZN5State4exitEv  offsetstatemachine.o
    0x0800c4f8   0x0800c4f8   0x00000008   Code   RO          443    .text._ZN5State6updateEv  offsetstatemachine.o
    0x0800c500   0x0800c500   0x0000001a   Code   RO         1307    .text._ZN5State9convertToEPS_  statemachine.o
    0x0800c51a   0x0800c51a   0x00000002   PAD
    0x0800c51c   0x0800c51c   0x00000020   Code   RO          441    .text._ZN5StateC2EPPS_  offsetstatemachine.o
    0x0800c53c   0x0800c53c   0x00000098   Code   RO         1201    .text._ZN5Wrist12ctrlPositionEff  wrist.o
    0x0800c5d4   0x0800c5d4   0x00000034   Code   RO         1203    .text._ZN5Wrist12getRollAngleEv  wrist.o
    0x0800c608   0x0800c608   0x00000034   Code   RO         1205    .text._ZN5Wrist13getPitchAngleEv  wrist.o
    0x0800c63c   0x0800c63c   0x0000007c   Code   RO         1187    .text._ZN5WristC2EP5MotorS1_  wrist.o
    0x0800c6b8   0x0800c6b8   0x0000008c   Code   RO          667    .text._ZN6Gimbal4initEv  gimbal.o
    0x0800c744   0x0800c744   0x000000a0   Code   RO          669    .text._ZN6Gimbal6updateEv  gimbal.o
    0x0800c7e4   0x0800c7e4   0x00000022   Code   RO          253    .text._ZN6GimbalC2Ev  devlist.o
    0x0800c806   0x0800c806   0x00000002   PAD
    0x0800c808   0x0800c808   0x0000002c   Code   RO         1349    .text._ZN6Online5checkEv  online.o
    0x0800c834   0x0800c834   0x00000012   Code   RO         1351    .text._ZN6Online6updateEv  online.o
    0x0800c846   0x0800c846   0x00000002   PAD
    0x0800c848   0x0800c848   0x00000012   Code   RO          123    .text._ZN6Online8isOnlineEv  schedule.o
    0x0800c85a   0x0800c85a   0x00000002   PAD
    0x0800c85c   0x0800c85c   0x00000012   Code   RO          125    .text._ZN6Online9isOffLineEv  schedule.o
    0x0800c86e   0x0800c86e   0x00000002   PAD
    0x0800c870   0x0800c870   0x0000007e   Code   RO         1347    .text._ZN6OnlineC2Ev  online.o
    0x0800c8ee   0x0800c8ee   0x00000002   PAD
    0x0800c8f0   0x0800c8f0   0x00000070   Code   RO          751    .text._ZN6OreBinC2Eh  orebin.o
    0x0800c960   0x0800c960   0x000001e6   Code   RO         1084    .text._ZN6Vision4initEv  vision.o
    0x0800cb46   0x0800cb46   0x00000002   PAD
    0x0800cb48   0x0800cb48   0x0000002a   Code   RO         1143    .text._ZN6VisionC2Ev  vision.o
    0x0800cb72   0x0800cb72   0x00000002   PAD
    0x0800cb74   0x0800cb74   0x000000d0   Code   RO          640    .text._ZN7Chassis11getNowIndexEh  chassis.o
    0x0800cc44   0x0800cc44   0x0000005c   Code   RO          646    .text._ZN7Chassis13takeOreUpdateEP5Speed  chassis.o
    0x0800cca0   0x0800cca0   0x000008d0   Code   RO          644    .text._ZN7Chassis14keyboardUpdateEP5Speed  chassis.o
    0x0800d570   0x0800d570   0x0000000a   Code   RO          650    .text._ZN7Chassis17visionSpeedUpdateEP5Speed  chassis.o
    0x0800d57a   0x0800d57a   0x00000002   PAD
    0x0800d57c   0x0800d57c   0x000000c0   Code   RO          648    .text._ZN7Chassis18calcRealWheelSpeedEP5Speed  chassis.o
    0x0800d63c   0x0800d63c   0x00000004   PAD
    0x0800d640   0x0800d640   0x00000214   Code   RO          642    .text._ZN7Chassis19remoteControlUpdateEP5Speed  chassis.o
    0x0800d854   0x0800d854   0x00000334   Code   RO          652    .text._ZN7Chassis6updateEv  chassis.o
    0x0800db88   0x0800db88   0x000000ec   Code   RO          638    .text._ZN7Chassis9loadParamEv  chassis.o
    0x0800dc74   0x0800dc74   0x000000c0   Code   RO          636    .text._ZN7ChassisC2Ev  chassis.o
    0x0800dd34   0x0800dd34   0x0000000e   Code   RO          951    .text._ZN7DmMotor11getPositionEv  dmmotor.o
    0x0800dd42   0x0800dd42   0x00000002   PAD
    0x0800dd44   0x0800dd44   0x000000a0   Code   RO          937    .text._ZN7DmMotor11motorEnableEv  dmmotor.o
    0x0800dde4   0x0800dde4   0x000000cc   Code   RO          949    .text._ZN7DmMotor12ctrlPositionEfff  dmmotor.o
    0x0800deb0   0x0800deb0   0x0000005c   Code   RO          965    .text._ZN7DmMotor13float_to_uintEfffi  dmmotor.o
    0x0800df0c   0x0800df0c   0x00000056   Code   RO          963    .text._ZN7DmMotor13uint_to_floatEiffi  dmmotor.o
    0x0800df62   0x0800df62   0x00000002   PAD
    0x0800df64   0x0800df64   0x00000134   Code   RO          935    .text._ZN7DmMotor7mitCtrlEfffff  dmmotor.o
    0x0800e098   0x0800e098   0x00000058   Code   RO          945    .text._ZN7DmMotor7setPlanEiP9_MitParam  dmmotor.o
    0x0800e0f0   0x0800e0f0   0x0000005c   Code   RO          947    .text._ZN7DmMotor8setParamEifffff  dmmotor.o
    0x0800e14c   0x0800e14c   0x00000004   PAD
    0x0800e150   0x0800e150   0x00000130   Code   RO          933    .text._ZN7DmMotor9canHandleEPh  dmmotor.o
    0x0800e280   0x0800e280   0x0000010e   Code   RO          931    .text._ZN7DmMotorC2EP19FDCAN_HandleTypeDefht  dmmotor.o
    0x0800e38e   0x0800e38e   0x00000002   PAD
    0x0800e390   0x0800e390   0x00000024   Code   RO          270    .text._ZN7LedTask3runEv  ledtask.o
    0x0800e3b4   0x0800e3b4   0x00000022   Code   RO          268    .text._ZN7LedTask4initEv  ledtask.o
    0x0800e3d6   0x0800e3d6   0x00000002   PAD
    0x0800e3d8   0x0800e3d8   0x00000022   Code   RO          285    .text._ZN7LedTaskC2Ev  ledtask.o
    0x0800e3fa   0x0800e3fa   0x00000002   PAD
    0x0800e3fc   0x0800e3fc   0x00000024   Code   RO          416    .text._ZN7TimeVarC2Ev  smuniversal.o
    0x0800e420   0x0800e420   0x00000024   Code   RO         1405    .text._ZN7VarCale5clearEv  varcalt.o
    0x0800e444   0x0800e444   0x00000038   Code   RO         1401    .text._ZN7VarCaleC2Eh  varcalt.o
    0x0800e47c   0x0800e47c   0x00000004   PAD
    0x0800e480   0x0800e480   0x00002294   Code   RO         1481    .text._ZN8Dynamics14GetJointTorqueE10JointState8EndForce  dynamics.o
    0x08010714   0x08010714   0x0000000a   Code   RO         1475    .text._ZN8DynamicsC2Ev  dynamics.o
    0x0801071e   0x0801071e   0x00000002   PAD
    0x08010720   0x08010720   0x00000012   Code   RO         1290    .text._ZN8EndForceC2Ev  arm.o
    0x08010732   0x08010732   0x00000002   PAD
    0x08010734   0x08010734   0x00000018   Code   RO          257    .text._ZN8EndPointC2Ev  devlist.o
    0x0801074c   0x0801074c   0x0000001e   Code   RO         1288    .text._ZN8EndStateC2Ev  arm.o
    0x0801076a   0x0801076a   0x00000002   PAD
    0x0801076c   0x0801076c   0x0000000e   Code   RO          602    .text._ZN8HidState4exitEv  hidarmorstate.o
    0x0801077a   0x0801077a   0x00000002   PAD
    0x0801077c   0x0801077c   0x0000007e   Code   RO          600    .text._ZN8HidState6updateEv  hidarmorstate.o
    0x080107fa   0x080107fa   0x00000002   PAD
    0x080107fc   0x080107fc   0x00000026   Code   RO          598    .text._ZN8HidStateC2EPP5State  hidarmorstate.o
    0x08010822   0x08010822   0x00000002   PAD
    0x08010824   0x08010824   0x0000001a   Code   RO          255    .text._ZN8PathPlanC2Ev  devlist.o
    0x0801083e   0x0801083e   0x00000002   PAD
    0x08010840   0x08010840   0x00000240   Code   RO          707    .text._ZN9ImageTran15deltaDataUpdateEv  imagetran.o
    0x08010a80   0x08010a80   0x00000308   Code   RO          709    .text._ZN9ImageTran15teachDataUpdateEv  imagetran.o
    0x08010d88   0x08010d88   0x00000032   Code   RO          705    .text._ZN9ImageTran16CtrlerDataUpdateEv  imagetran.o
    0x08010dba   0x08010dba   0x00000002   PAD
    0x08010dbc   0x08010dbc   0x00000086   Code   RO          703    .text._ZN9ImageTran9canHandleEP13MyCanRxStruct  imagetran.o
    0x08010e42   0x08010e42   0x00000002   PAD
    0x08010e44   0x08010e44   0x000002e2   Code   RO          680    .text._ZN9JudgeCtrl17updateFirstLoadUiEv  judge.o
    0x08011126   0x08011126   0x00000002   PAD
    0x08011128   0x08011128   0x00000008   Code   RO          684    .text._ZN9JudgeCtrl6updateEv  judge.o
    0x08011130   0x08011130   0x00000090   Code   RO          682    .text._ZN9JudgeCtrl8reLoadUiEv  judge.o
    0x080111c0   0x080111c0   0x0000009e   Code   RO          378    .text._ZN9JudgeTask3runEv  judgetask.o
    0x0801125e   0x0801125e   0x00000002   PAD
    0x08011260   0x08011260   0x0000001e   Code   RO          376    .text._ZN9JudgeTask4initEv  judgetask.o
    0x0801127e   0x0801127e   0x00000002   PAD
    0x08011280   0x08011280   0x00000022   Code   RO          393    .text._ZN9JudgeTaskC2Ev  judgetask.o
    0x080112a2   0x080112a2   0x00000002   PAD
    0x080112a4   0x080112a4   0x00000082   Code   RO         1024    .text._ZN9Judgement10customSendEh  judgement.o
    0x08011326   0x08011326   0x00000002   PAD
    0x08011328   0x08011328   0x000000bc   Code   RO         1036    .text._ZN9Judgement11graphicDrawEh  judgement.o
    0x080113e4   0x080113e4   0x00000014   Code   RO         1079    .text._ZN9Judgement12addFullCountEv  judgement.o
    0x080113f8   0x080113f8   0x00000238   Code   RO         1022    .text._ZN9Judgement12getJudgeDataEv  judgement.o
    0x08011630   0x08011630   0x0000018c   Code   RO          976    .text._ZN9Judgement12usart3ConfigEv  judgement.o
    0x080117bc   0x080117bc   0x0000003e   Code   RO         1038    .text._ZN9Judgement13characterDrawEv  judgement.o
    0x080117fa   0x080117fa   0x00000002   PAD
    0x080117fc   0x080117fc   0x000000ee   Code   RO         1030    .text._ZN9Judgement15usart3SendBytesEPvh  judgement.o
    0x080118ea   0x080118ea   0x00000002   PAD
    0x080118ec   0x080118ec   0x00000010   Code   RO          974    .text._ZN9Judgement4initEv  judgement.o
    0x080118fc   0x080118fc   0x0000000c   Code   RO         1026    .text._ZN9Judgement8ClientIdEv  judgement.o
    0x08011908   0x08011908   0x00000034   Code   RO         1052    .text._ZN9Judgement8IdToMateE10RobotIdDef  judgement.o
    0x0801193c   0x0801193c   0x00000036   Code   RO         1028    .text._ZN9Judgement8IdToMateEt  judgement.o
    0x08011972   0x08011972   0x00000002   PAD
    0x08011974   0x08011974   0x000001aa   Code   RO         1020    .text._ZN9Judgement9getLengthEPNS_11FrameHeaderE  judgement.o
    0x08011b1e   0x08011b1e   0x00000002   PAD
    0x08011b20   0x08011b20   0x0000059e   Code   RO         1016    .text._ZN9Judgement9ringQueueEv  judgement.o
    0x080120be   0x080120be   0x00000002   PAD
    0x080120c0   0x080120c0   0x0000004c   Code   RO          972    .text._ZN9JudgementC2Ev  judgement.o
    0x0801210c   0x0801210c   0x0000001e   Code   RO         1286    .text._ZN9MechParamC2Ev  arm.o
    0x0801212a   0x0801212a   0x00000002   PAD
    0x0801212c   0x0801212c   0x0000004a   Code   RO          298    .text._ZN9StateTask14enableCallBackEv  statetask.o
    0x08012176   0x08012176   0x00000002   PAD
    0x08012178   0x08012178   0x00000008   Code   RO          300    .text._ZN9StateTask15disableCallBackEv  statetask.o
    0x08012180   0x08012180   0x00000008   Code   RO          296    .text._ZN9StateTask16rcUpdateCallBackEv  statetask.o
    0x08012188   0x08012188   0x00000114   Code   RO          302    .text._ZN9StateTask3runEv  statetask.o
    0x0801229c   0x0801229c   0x00000014   Code   RO          294    .text._ZN9StateTask4initEv  statetask.o
    0x080122b0   0x080122b0   0x00000022   Code   RO          326    .text._ZN9StateTaskC2Ev  statetask.o
    0x080122d2   0x080122d2   0x0000000c   Code   RO         2892    .text._ZSt15get_new_handlerv  libcppabi_w.l(cxa_handlers.cpp.o)
    0x080122de   0x080122de   0x00000002   PAD
    0x080122e0   0x080122e0   0x00000026   Code   RO         2631    .text._Znwj         libcpp_w.l(new.cpp.o)
    0x08012306   0x08012306   0x00000002   PAD
    0x08012308   0x08012308   0x0000001c   Code   RO         1398    .text.__ARM_isinff  filter.o
    0x08012324   0x08012324   0x00000034   Code   RO         2313    .text.__NVIC_EnableIRQ  stm32g4xx_hal_cortex.o
    0x08012358   0x08012358   0x00000010   Code   RO         2305    .text.__NVIC_GetPriorityGrouping  stm32g4xx_hal_cortex.o
    0x08012368   0x08012368   0x00000044   Code   RO         2307    .text.__NVIC_SetPriority  stm32g4xx_hal_cortex.o
    0x080123ac   0x080123ac   0x00000028   Code   RO         2674    .text.__cxa_pure_virtual  libcppabi_w.l(cxa_virtual.cpp.o)
    0x080123d4   0x080123d4   0x00000010   Code   RO          154    .text.__cxx_global_var_init  devlist.o
    0x080123e4   0x080123e4   0x00000010   Code   RO          272    .text.__cxx_global_var_init  ledtask.o
    0x080123f4   0x080123f4   0x00000010   Code   RO          304    .text.__cxx_global_var_init  statetask.o
    0x08012404   0x08012404   0x00000010   Code   RO          339    .text.__cxx_global_var_init  chassistask.o
    0x08012414   0x08012414   0x00000010   Code   RO          359    .text.__cxx_global_var_init  gimbaltask.o
    0x08012424   0x08012424   0x00000010   Code   RO          380    .text.__cxx_global_var_init  judgetask.o
    0x08012434   0x08012434   0x00000010   Code   RO          396    .text.__cxx_global_var_init  smuniversal.o
    0x08012444   0x08012444   0x00000010   Code   RO          419    .text.__cxx_global_var_init  offsetstatemachine.o
    0x08012454   0x08012454   0x00000010   Code   RO          449    .text.__cxx_global_var_init  oremotionstatemachine.o
    0x08012464   0x08012464   0x00000018   Code   RO          488    .text.__cxx_global_var_init  takegoldstate.o
    0x0801247c   0x0801247c   0x00000018   Code   RO          508    .text.__cxx_global_var_init  takesilverystate.o
    0x08012494   0x08012494   0x00000018   Code   RO          529    .text.__cxx_global_var_init  pickorestate.o
    0x080124ac   0x080124ac   0x00000018   Code   RO          549    .text.__cxx_global_var_init  exchangeorestate.o
    0x080124c4   0x080124c4   0x00000018   Code   RO          574    .text.__cxx_global_var_init  handmodestate.o
    0x080124dc   0x080124dc   0x00000018   Code   RO          596    .text.__cxx_global_var_init  hidarmorstate.o
    0x080124f4   0x080124f4   0x00000018   Code   RO          616    .text.__cxx_global_var_init  checkorestate.o
    0x0801250c   0x0801250c   0x00000010   Code   RO          711    .text.__cxx_global_var_init  imagetran.o
    0x0801251c   0x0801251c   0x0000003a   Code   RO          749    .text.__cxx_global_var_init  orebin.o
    0x08012556   0x08012556   0x00000002   PAD
    0x08012558   0x08012558   0x000000b0   Code   RO          792    .text.__cxx_global_var_init  motor.o
    0x08012608   0x08012608   0x00000010   Code   RO          859    .text.__cxx_global_var_init  dbus.o
    0x08012618   0x08012618   0x00000010   Code   RO          970    .text.__cxx_global_var_init  judgement.o
    0x08012628   0x08012628   0x00000010   Code   RO         1082    .text.__cxx_global_var_init  vision.o
    0x08012638   0x08012638   0x00000010   Code   RO         1251    .text.__cxx_global_var_init  arm.o
    0x08012648   0x08012648   0x00000010   Code   RO         1459    .text.__cxx_global_var_init  kinematics.o
    0x08012658   0x08012658   0x00000010   Code   RO         1483    .text.__cxx_global_var_init  dynamics.o
    0x08012668   0x08012668   0x00000042   Code   RO         1545    .text.__cxx_global_var_init  fdcan.o
    0x080126aa   0x080126aa   0x00000002   PAD
    0x080126ac   0x080126ac   0x00000010   Code   RO          156    .text.__cxx_global_var_init.1  devlist.o
    0x080126bc   0x080126bc   0x00000018   Code   RO          421    .text.__cxx_global_var_init.1  offsetstatemachine.o
    0x080126d4   0x080126d4   0x00000018   Code   RO          451    .text.__cxx_global_var_init.1  oremotionstatemachine.o
    0x080126ec   0x080126ec   0x00000010   Code   RO          713    .text.__cxx_global_var_init.1  imagetran.o
    0x080126fc   0x080126fc   0x00000010   Code   RO         1253    .text.__cxx_global_var_init.1  arm.o
    0x0801270c   0x0801270c   0x0000001e   Code   RO          174    .text.__cxx_global_var_init.10  devlist.o
    0x0801272a   0x0801272a   0x00000002   PAD
    0x0801272c   0x0801272c   0x00000010   Code   RO          176    .text.__cxx_global_var_init.11  devlist.o
    0x0801273c   0x0801273c   0x00000010   Code   RO          178    .text.__cxx_global_var_init.12  devlist.o
    0x0801274c   0x0801274c   0x00000010   Code   RO          182    .text.__cxx_global_var_init.13  devlist.o
    0x0801275c   0x0801275c   0x00000010   Code   RO          184    .text.__cxx_global_var_init.14  devlist.o
    0x0801276c   0x0801276c   0x00000010   Code   RO          186    .text.__cxx_global_var_init.15  devlist.o
    0x0801277c   0x0801277c   0x00000010   Code   RO          188    .text.__cxx_global_var_init.16  devlist.o
    0x0801278c   0x0801278c   0x00000010   Code   RO          190    .text.__cxx_global_var_init.17  devlist.o
    0x0801279c   0x0801279c   0x00000010   Code   RO          192    .text.__cxx_global_var_init.18  devlist.o
    0x080127ac   0x080127ac   0x00000010   Code   RO          194    .text.__cxx_global_var_init.19  devlist.o
    0x080127bc   0x080127bc   0x00000010   Code   RO          158    .text.__cxx_global_var_init.2  devlist.o
    0x080127cc   0x080127cc   0x00000018   Code   RO          459    .text.__cxx_global_var_init.2  oremotionstatemachine.o
    0x080127e4   0x080127e4   0x00000010   Code   RO          715    .text.__cxx_global_var_init.2  imagetran.o
    0x080127f4   0x080127f4   0x00000010   Code   RO          196    .text.__cxx_global_var_init.20  devlist.o
    0x08012804   0x08012804   0x00000010   Code   RO          198    .text.__cxx_global_var_init.21  devlist.o
    0x08012814   0x08012814   0x00000010   Code   RO          200    .text.__cxx_global_var_init.22  devlist.o
    0x08012824   0x08012824   0x00000010   Code   RO          202    .text.__cxx_global_var_init.23  devlist.o
    0x08012834   0x08012834   0x0000001c   Code   RO          160    .text.__cxx_global_var_init.3  devlist.o
    0x08012850   0x08012850   0x0000001c   Code   RO          162    .text.__cxx_global_var_init.4  devlist.o
    0x0801286c   0x0801286c   0x0000001c   Code   RO          164    .text.__cxx_global_var_init.5  devlist.o
    0x08012888   0x08012888   0x0000001e   Code   RO          166    .text.__cxx_global_var_init.6  devlist.o
    0x080128a6   0x080128a6   0x00000002   PAD
    0x080128a8   0x080128a8   0x0000001e   Code   RO          168    .text.__cxx_global_var_init.7  devlist.o
    0x080128c6   0x080128c6   0x00000002   PAD
    0x080128c8   0x080128c8   0x00000020   Code   RO          170    .text.__cxx_global_var_init.8  devlist.o
    0x080128e8   0x080128e8   0x00000010   Code   RO          172    .text.__cxx_global_var_init.9  devlist.o
    0x080128f8   0x080128f8   0x00000004   Code   RO         2874    .text.abort_message  libcppabi_w.l(abort_message.cpp.o)
    0x080128fc   0x080128fc   0x0000001e   Code   RO            2    .text.main          main.o
    0x0801291a   0x0801291a   0x00000030   Code   RO         2916    i.__ARM_fpclassify  m_wm.l(fpclassify.o)
    0x0801294a   0x0801294a   0x00000026   Code   RO         2918    i.__ARM_fpclassifyf  m_wm.l(fpclassifyf.o)
    0x08012970   0x08012970   0x00000058   Code   RO         2838    i.__aligned_malloc$realloc  mc_w.l(mallocra.o)
    0x080129c8   0x080129c8   0x0000005c   Code   RO         2839    i.__free$realloc$memalign  mc_w.l(mallocra.o)
    0x08012a24   0x08012a24   0x00000118   Code   RO         2679    i.__hardfp_acosf    m_wm.l(acosf.o)
    0x08012b3c   0x08012b3c   0x0000012c   Code   RO         2691    i.__hardfp_asinf    m_wm.l(asinf.o)
    0x08012c68   0x08012c68   0x000002ac   Code   RO         2703    i.__hardfp_atan2f   m_wm.l(atan2f.o)
    0x08012f14   0x08012f14   0x00000150   Code   RO         2715    i.__hardfp_cosf     m_wm.l(cosf.o)
    0x08013064   0x08013064   0x00000004   PAD
    0x08013068   0x08013068   0x00000c50   Code   RO         2727    i.__hardfp_pow      m_wm.l(pow.o)
    0x08013cb8   0x08013cb8   0x00000664   Code   RO         2741    i.__hardfp_powf     m_wm.l(powf.o)
    0x0801431c   0x0801431c   0x00000190   Code   RO         2755    i.__hardfp_sinf     m_wm.l(sinf.o)
    0x080144ac   0x080144ac   0x0000007a   Code   RO         2767    i.__hardfp_sqrt     m_wm.l(sqrt.o)
    0x08014526   0x08014526   0x0000003a   Code   RO         2779    i.__hardfp_sqrtf    m_wm.l(sqrtf.o)
    0x08014560   0x08014560   0x0000017c   Code   RO         2791    i.__hardfp_tanf     m_wm.l(tanf.o)
    0x080146dc   0x080146dc   0x000000f8   Code   RO         2934    i.__kernel_poly     m_wm.l(poly.o)
    0x080147d4   0x080147d4   0x00000006   Code   RO         2840    i.__malloc$realloc$memalign  mc_w.l(mallocra.o)
    0x080147da   0x080147da   0x00000006   PAD
    0x080147e0   0x080147e0   0x00000030   Code   RO         2896    i.__mathlib_dbl_divzero  m_wm.l(dunder.o)
    0x08014810   0x08014810   0x00000014   Code   RO         2898    i.__mathlib_dbl_infnan2  m_wm.l(dunder.o)
    0x08014824   0x08014824   0x00000004   PAD
    0x08014828   0x08014828   0x00000020   Code   RO         2899    i.__mathlib_dbl_invalid  m_wm.l(dunder.o)
    0x08014848   0x08014848   0x00000020   Code   RO         2900    i.__mathlib_dbl_overflow  m_wm.l(dunder.o)
    0x08014868   0x08014868   0x00000020   Code   RO         2902    i.__mathlib_dbl_underflow  m_wm.l(dunder.o)
    0x08014888   0x08014888   0x00000014   Code   RO         2920    i.__mathlib_flt_divzero  m_wm.l(funder.o)
    0x0801489c   0x0801489c   0x00000006   Code   RO         2921    i.__mathlib_flt_infnan  m_wm.l(funder.o)
    0x080148a2   0x080148a2   0x00000006   Code   RO         2922    i.__mathlib_flt_infnan2  m_wm.l(funder.o)
    0x080148a8   0x080148a8   0x00000010   Code   RO         2923    i.__mathlib_flt_invalid  m_wm.l(funder.o)
    0x080148b8   0x080148b8   0x00000010   Code   RO         2924    i.__mathlib_flt_overflow  m_wm.l(funder.o)
    0x080148c8   0x080148c8   0x00000010   Code   RO         2926    i.__mathlib_flt_underflow  m_wm.l(funder.o)
    0x080148d8   0x080148d8   0x00000154   Code   RO         2937    i.__mathlib_rredf2  m_wm.l(rredf.o)
    0x08014a2c   0x08014a2c   0x0000006c   Code   RO         2841    i.__realloc$memalign  mc_w.l(mallocra.o)
    0x08014a98   0x08014a98   0x0000000e   Code   RO         3005    i.__scatterload_copy  mc_w.l(handlers.o)
    0x08014aa6   0x08014aa6   0x00000002   Code   RO         3006    i.__scatterload_null  mc_w.l(handlers.o)
    0x08014aa8   0x08014aa8   0x0000000e   Code   RO         3007    i.__scatterload_zeroinit  mc_w.l(handlers.o)
    0x08014ab6   0x08014ab6   0x00000002   PAD
    0x08014ab8   0x08014ab8   0x0000000c   Code   RO         2968    i.__set_errno       mc_w.l(errno.o)
    0x08014ac4   0x08014ac4   0x00000018   Code   RO         2912    i.fabs              m_wm.l(fabs.o)
    0x08014adc   0x08014adc   0x00000080   Code   RO         2842    i.internal_alloc    mc_w.l(mallocra.o)
    0x08014b5c   0x08014b5c   0x0000006e   Code   RO         2769    i.sqrt              m_wm.l(sqrt.o)
    0x08014bca   0x08014bca   0x0000003e   Code   RO         2781    i.sqrtf             m_wm.l(sqrtf.o)
    0x08014c08   0x08014c08   0x00000088   Data   RO         2730    .constdata          m_wm.l(pow.o)
    0x08014c90   0x08014c90   0x00000140   Data   RO         2744    .constdata          m_wm.l(powf.o)
    0x08014dd0   0x08014dd0   0x00000008   Data   RO         2936    .constdata          m_wm.l(qnan.o)
    0x08014dd8   0x08014dd8   0x00000020   Data   RO         2938    .constdata          m_wm.l(rredf.o)
    0x08014df8   0x08014df8   0x00000010   Data   RO         1615    .rodata.AHBPrescTable  system_stm32g4xx.o
    0x08014e08   0x08014e08   0x00000008   Data   RO         1616    .rodata.APBPrescTable  system_stm32g4xx.o
    0x08014e10   0x08014e10   0x00000008   Data   RO         2005    .rodata.CHANNEL_OFFSET_TAB  stm32g4xx_ll_dma.o
    0x08014e18   0x08014e18   0x00000100   Data   RO         1426    .rodata.CRC8_TAB    crc.o
    0x08014f18   0x08014f18   0x00000010   Data   RO         2494    .rodata.DLCtoBytes  stm32g4xx_hal_fdcan.o
    0x08014f28   0x08014f28   0x00000030   Data   RO         1850    .rodata.USART_PRESCALER_TAB  stm32g4xx_ll_usart.o
    0x08014f58   0x08014f58   0x0000000a   Data   RO         1179    .rodata._ZL14SHIFT_TAB_OCxx  gugu.o
    0x08014f62   0x08014f62   0x0000000a   Data   RO         1178    .rodata._ZL16OFFSET_TAB_CCMRx  gugu.o
    0x08014f6c   0x08014f6c   0x00000008   Data   RO          920    .rodata._ZL18CHANNEL_OFFSET_TAB  dbus.o
    0x08014f74   0x08014f74   0x00000008   Data   RO         1071    .rodata._ZL18CHANNEL_OFFSET_TAB  judgement.o
    0x08014f7c   0x08014f7c   0x00000008   Data   RO         1135    .rodata._ZL18CHANNEL_OFFSET_TAB  vision.o
    0x08014f84   0x08014f84   0x00000010   Data   RO          627    .rodata._ZTV10CheckState  checkorestate.o
    0x08014f94   0x08014f94   0x0000001c   Data   RO          364    .rodata._ZTV10GimbalTask  gimbaltask.o
    0x08014fb0   0x08014fb0   0x0000001c   Data   RO          344    .rodata._ZTV11ChassisTask  chassistask.o
    0x08014fcc   0x08014fcc   0x00000010   Data   RO          433    .rodata._ZTV11OffsetState  offsetstatemachine.o
    0x08014fdc   0x08014fdc   0x0000001c   Data   RO         1305    .rodata._ZTV11VirtualTask  virtualtask.o
    0x08014ff8   0x08014ff8   0x00000010   Data   RO          565    .rodata._ZTV13ExchangeState  exchangeorestate.o
    0x08015008   0x08015008   0x00000010   Data   RO          587    .rodata._ZTV13HandModeState  handmodestate.o
    0x08015018   0x08015018   0x00000010   Data   RO          499    .rodata._ZTV13TakeGoldState  takegoldstate.o
    0x08015028   0x08015028   0x00000010   Data   RO          475    .rodata._ZTV13TakeInitState  oremotionstatemachine.o
    0x08015038   0x08015038   0x00000010   Data   RO          540    .rodata._ZTV14TakeFloorState  pickorestate.o
    0x08015048   0x08015048   0x00000010   Data   RO          479    .rodata._ZTV16ExitPerfectState  oremotionstatemachine.o
    0x08015058   0x08015058   0x00000010   Data   RO          520    .rodata._ZTV16TakeSilveryState  takesilverystate.o
    0x08015068   0x08015068   0x00000010   Data   RO          447    .rodata._ZTV5State  offsetstatemachine.o
    0x08015078   0x08015078   0x0000001c   Data   RO          277    .rodata._ZTV7LedTask  ledtask.o
    0x08015094   0x08015094   0x00000010   Data   RO          607    .rodata._ZTV8HidState  hidarmorstate.o
    0x080150a4   0x080150a4   0x0000001c   Data   RO          385    .rodata._ZTV9JudgeTask  judgetask.o
    0x080150c0   0x080150c0   0x0000001c   Data   RO          318    .rodata._ZTV9StateTask  statetask.o
    0x080150dc   0x080150dc   0x00000200   Data   RO         1428    .rodata.wCRC_Table  crc.o
    0x080152dc   0x080152dc   0x00000020   Data   RO         3004    Region$$Table       anon$$obj.o
    0x080152fc   0x080152fc   0x00000004   Data   RO          246    .init_array         devlist.o
    0x08015300   0x080152fc   0x00000004   Data   RO          278    .init_array         ledtask.o
    0x08015304   0x080152fc   0x00000004   Data   RO          319    .init_array         statetask.o
    0x08015308   0x080152fc   0x00000004   Data   RO          345    .init_array         chassistask.o
    0x0801530c   0x080152fc   0x00000004   Data   RO          365    .init_array         gimbaltask.o
    0x08015310   0x080152fc   0x00000004   Data   RO          386    .init_array         judgetask.o
    0x08015314   0x080152fc   0x00000004   Data   RO          409    .init_array         smuniversal.o
    0x08015318   0x080152fc   0x00000004   Data   RO          434    .init_array         offsetstatemachine.o
    0x0801531c   0x080152fc   0x00000004   Data   RO          480    .init_array         oremotionstatemachine.o
    0x08015320   0x080152fc   0x00000004   Data   RO          500    .init_array         takegoldstate.o
    0x08015324   0x080152fc   0x00000004   Data   RO          521    .init_array         takesilverystate.o
    0x08015328   0x080152fc   0x00000004   Data   RO          541    .init_array         pickorestate.o
    0x0801532c   0x080152fc   0x00000004   Data   RO          566    .init_array         exchangeorestate.o
    0x08015330   0x080152fc   0x00000004   Data   RO          588    .init_array         handmodestate.o
    0x08015334   0x080152fc   0x00000004   Data   RO          608    .init_array         hidarmorstate.o
    0x08015338   0x080152fc   0x00000004   Data   RO          628    .init_array         checkorestate.o
    0x0801533c   0x080152fc   0x00000004   Data   RO          726    .init_array         imagetran.o
    0x08015340   0x080152fc   0x00000004   Data   RO          766    .init_array         orebin.o
    0x08015344   0x080152fc   0x00000004   Data   RO          849    .init_array         motor.o
    0x08015348   0x080152fc   0x00000004   Data   RO          921    .init_array         dbus.o
    0x0801534c   0x080152fc   0x00000004   Data   RO         1072    .init_array         judgement.o
    0x08015350   0x080152fc   0x00000004   Data   RO         1136    .init_array         vision.o
    0x08015354   0x080152fc   0x00000004   Data   RO         1278    .init_array         arm.o
    0x08015358   0x080152fc   0x00000004   Data   RO         1464    .init_array         kinematics.o
    0x0801535c   0x080152fc   0x00000004   Data   RO         1488    .init_array         dynamics.o
    0x08015360   0x080152fc   0x00000004   Data   RO         1577    .init_array         fdcan.o
    0x08015364   0x080152fc   0x00000000   Data   RO         2849    .init_array         mc_w.l(cpp_init.o)


    Execution Region RW_IRAM1 (Exec base: 0x20000000, Load base: 0x08015368, Size: 0x000118d8, Max: 0x00020000, ABSOLUTE, COMPRESSED[0x00000178])

    Exec Addr    Load Addr    Size         Type   Attr      Idx    E Section Name        Object

    0x20000000   COMPRESSED   0x00000004   Data   RW         2964    .data               mc_w.l(mvars.o)
    0x20000004   COMPRESSED   0x00000004   Data   RW         2965    .data               mc_w.l(mvars.o)
    0x20000008   COMPRESSED   0x00000004   Data   RW         2969    .data               mc_w.l(errno.o)
    0x2000000c   COMPRESSED   0x00000002   Data   RW         1427    .data.CRC_INIT      crc.o
    0x2000000e   COMPRESSED   0x00000002   PAD
    0x20000010   COMPRESSED   0x00000004   Data   RW          719    .data.KfQ           imagetran.o
    0x20000014   COMPRESSED   0x00000004   Data   RW          720    .data.KfR           imagetran.o
    0x20000018   COMPRESSED   0x00000004   Data   RW         1614    .data.SystemCoreClock  system_stm32g4xx.o
    0x2000001c   COMPRESSED   0x00000001   Data   RW         1064    .data._ZL10CRC8_Check  judgement.o
    0x2000001d   COMPRESSED   0x00000001   PAD
    0x2000001e   COMPRESSED   0x00000002   Data   RW         1065    .data._ZL11CRC16_Check  judgement.o
    0x20000020   COMPRESSED   0x00000001   Data   RW         1070    .data._ZZN9Judgement15usart3SendBytesEPvhE9firstLoad  judgement.o
    0x20000021   COMPRESSED   0x0000005a   Data   RW          688    .data.assistCharUi  judge.o
    0x2000007b   COMPRESSED   0x0000013b   Data   RW          687    .data.assistGraphicUi  judge.o
    0x200001b6   COMPRESSED   0x00000002   PAD
    0x200001b8   COMPRESSED   0x00000004   Data   RW          245    .data.judge_force   devlist.o
    0x200001bc   COMPRESSED   0x0000000c   Data   RW          842    .data.motorCurrentLimitList  motor.o
    0x200001c8   COMPRESSED   0x0000000c   Data   RW          844    .data.motorMaxTempList  motor.o
    0x200001d4   COMPRESSED   0x0000000c   Data   RW          843    .data.motorSpeedLimitList  motor.o
    0x200001e0   COMPRESSED   0x0000012c   Data   RW          655    .data.speedCoefficient  chassis.o
    0x2000030c   COMPRESSED   0x00000004   PAD
    0x20000310        -       0x00000110   Zero   RW         1274    .bss.Arm            arm.o
    0x20000420        -       0x00000068   Zero   RW          228    .bss.ArmPath        devlist.o
    0x20000488        -       0x00000001   Zero   RW          233    .bss.DEBUG_MODE     devlist.o
    0x20000489   COMPRESSED   0x00000003   PAD
    0x2000048c        -       0x00000004   Zero   RW         1313    .bss.FSMList        statemachine.o
    0x20000490        -       0x00000004   Zero   RW         1314    .bss.FSMNum         statemachine.o
    0x20000494        -       0x00000001   Zero   RW          473    .bss.ForceErrMode   oremotionstatemachine.o
    0x20000495   COMPRESSED   0x00000003   PAD
    0x20000498        -       0x00000024   Zero   RW          241    .bss.GState         devlist.o
    0x200004bc        -       0x00000001   Zero   RW          108    .bss.Init_OK        schedule.o
    0x200004bd   COMPRESSED   0x00000003   PAD
    0x200004c0        -       0x00000268   Zero   RW          218    .bss.LeftMotor      devlist.o
    0x20000728        -       0x00000001   Zero   RW          110    .bss.MotorOffLineFlag  schedule.o
    0x20000729        -       0x00000001   Zero   RW          112    .bss.MotorOffLineNum  schedule.o
    0x2000072a        -       0x00000001   Zero   RW          654    .bss.NAVIGATION_ENABLE_FLAG  chassis.o
    0x2000072b   COMPRESSED   0x00000001   PAD
    0x2000072c        -       0x00000024   Zero   RW          243    .bss.NowJointState  devlist.o
    0x20000750        -       0x00000001   Zero   RW          113    .bss.OverHeatFlag   schedule.o
    0x20000751   COMPRESSED   0x00000007   PAD
    0x20000758        -       0x000000e0   Zero   RW          214    .bss.Pitch1         devlist.o
    0x20000838        -       0x00000028   Zero   RW          215    .bss.Pitch1Param    devlist.o
    0x20000860        -       0x000000e0   Zero   RW          216    .bss.Pitch2         devlist.o
    0x20000940        -       0x00000028   Zero   RW          217    .bss.Pitch2Param    devlist.o
    0x20000968        -       0x00000268   Zero   RW          219    .bss.RightMotor     devlist.o
    0x20000bd0        -       0x00000001   Zero   RW          109    .bss.RobotEnable    schedule.o
    0x20000bd1   COMPRESSED   0x00000007   PAD
    0x20000bd8        -       0x00000268   Zero   RW          224    .bss.Roll1          devlist.o
    0x20000e40        -       0x00000068   Zero   RW          225    .bss.Roll1Path      devlist.o
    0x20000ea8        -       0x00000002   Zero   RW          725    .bss.RollRound      imagetran.o
    0x20000eaa   COMPRESSED   0x00000006   PAD
    0x20000eb0        -       0x00000068   Zero   RW          221    .bss.WristPath      devlist.o
    0x20000f18        -       0x000000e0   Zero   RW          212    .bss.Yaw1           devlist.o
    0x20000ff8        -       0x00000028   Zero   RW          213    .bss.Yaw1Param      devlist.o
    0x20001020        -       0x00000001   Zero   RW         1063    .bss._ZL12crcCalcState  judgement.o
    0x20001021   COMPRESSED   0x00000001   PAD
    0x20001022        -       0x00000002   Zero   RW         1068    .bss._ZL12wholePackLen  judgement.o
    0x20001024        -       0x00000004   Zero   RW         1570    .bss._ZL25HAL_RCC_FDCAN_CLK_ENABLED  fdcan.o
    0x20001028        -       0x00000004   Zero   RW         1066    .bss._ZL5index      judgement.o
    0x2000102c   COMPRESSED   0x00000004   PAD
    0x20001030        -       0x00000008   Zero   RW         1061    .bss._ZL6rx_len     judgement.o
    0x20001038        -       0x00000001   Zero   RW         1067    .bss._ZL7lastSeq    judgement.o
    0x20001039   COMPRESSED   0x00000007   PAD
    0x20001040        -       0x00000008   Zero   RW         1062    .bss._ZL8read_len   judgement.o
    0x20001048        -       0x00000004   Zero   RW         1298    .bss._ZN11VirtualTask7taskNumE  virtualtask.o
    0x2000104c        -       0x00000004   Zero   RW         1297    .bss._ZN11VirtualTask8taskListE  virtualtask.o
    0x20001050        -       0x000001f8   Zero   RW          846    .bss._ZN5Motor12motorSendMsgE  motor.o
    0x20001248        -       0x00000004   Zero   RW          847    .bss._ZN5Motor13objectPtrListE  motor.o
    0x2000124c        -       0x00000004   Zero   RW          848    .bss._ZN5Motor9objectNumE  motor.o
    0x20001250        -       0x00000004   Zero   RW          955    .bss._ZN7DmMotor13objectPtrListE  dmmotor.o
    0x20001254        -       0x00000004   Zero   RW          956    .bss._ZN7DmMotor9objectNumE  dmmotor.o
    0x20001258        -       0x00000002   Zero   RW          919    .bss._ZZ17USART2_IRQHandlerE16this_time_rx_len  dbus.o
    0x2000125a   COMPRESSED   0x00000002   PAD
    0x2000125c        -       0x00000004   Zero   RW         1276    .bss._ZZN10RoboticArm20CalculateAngleHandleE10JointAngleE10totalRound  arm.o
    0x20001260        -       0x00000004   Zero   RW         1277    .bss._ZZN10RoboticArm20CalculateAngleHandleE10JointAngleE11last_theta4  arm.o
    0x20001264        -       0x00000004   Zero   RW          656    .bss._ZZN7Chassis19remoteControlUpdateEP5SpeedE7rcIndex  chassis.o
    0x20001268        -       0x0000002c   Zero   RW         1069    .bss._ZZN9Judgement15usart3SendBytesEPvhE13LL_DMA_Struct  judgement.o
    0x20001294        -       0x00000004   Zero   RW         2894    .bss.__cxa_new_handler  libcppabi_w.l(cxa_handlers.cpp.o)
    0x20001298        -       0x000000bc   Zero   RW          211    .bss.air            devlist.o
    0x20001354        -       0x000000d0   Zero   RW         1575    .bss.can            fdcan.o
    0x20001424        -       0x00000004   Zero   RW         1572    .bss.canSendMsgList  fdcan.o
    0x20001428        -       0x00000001   Zero   RW         1571    .bss.canSendMsgNum  fdcan.o
    0x20001429   COMPRESSED   0x00000003   PAD
    0x2000142c        -       0x00000040   Zero   RW         1573    .bss.canSendMsgView  fdcan.o
    0x2000146c   COMPRESSED   0x00000004   PAD
    0x20001470        -       0x00000b40   Zero   RW          208    .bss.chassis        devlist.o
    0x20001fb0        -       0x00000008   Zero   RW          343    .bss.chassisTask    chassistask.o
    0x20001fb8        -       0x0000000c   Zero   RW          626    .bss.checkstate     checkorestate.o
    0x20001fc4        -       0x00000018   Zero   RW          721    .bss.ctrlPoint      imagetran.o
    0x20001fdc        -       0x00000001   Zero   RW         1487    .bss.dynamics       dynamics.o
    0x20001fdd   COMPRESSED   0x00000003   PAD
    0x20001fe0        -       0x00000004   Zero   RW         1576    .bss.errState       fdcan.o
    0x20001fe4        -       0x0000000c   Zero   RW          239    .bss.errTorque      devlist.o
    0x20001ff0        -       0x0000000c   Zero   RW          564    .bss.exchangeState  exchangeorestate.o
    0x20001ffc        -       0x0000000c   Zero   RW          478    .bss.exitPerfectState  oremotionstatemachine.o
    0x20002008        -       0x00000418   Zero   RW          209    .bss.gimbal         devlist.o
    0x20002420        -       0x00000008   Zero   RW          363    .bss.gimbalTask     gimbaltask.o
    0x20002428        -       0x0000000c   Zero   RW          586    .bss.handModeState  handmodestate.o
    0x20002434        -       0x00000064   Zero   RW         1565    .bss.hfdcan1        fdcan.o
    0x20002498        -       0x00000064   Zero   RW         1566    .bss.hfdcan2        fdcan.o
    0x200024fc        -       0x00000064   Zero   RW         1567    .bss.hfdcan3        fdcan.o
    0x20002560        -       0x0000000c   Zero   RW          606    .bss.hidState       hidarmorstate.o
    0x2000256c   COMPRESSED   0x00000004   PAD
    0x20002570        -       0x00000148   Zero   RW          210    .bss.imageTran      devlist.o
    0x200026b8        -       0x00000001   Zero   RW         1513    .bss.iwdg           iwdg.o
    0x200026b9   COMPRESSED   0x00000003   PAD
    0x200026bc        -       0x0000000c   Zero   RW          237    .bss.jointTorque    devlist.o
    0x200026c8        -       0x00000008   Zero   RW          695    .bss.judge          judge.o
    0x200026d0        -       0x00000008   Zero   RW          384    .bss.judgeTask      judgetask.o
    0x200026d8        -       0x000003dd   Zero   RW         1060    .bss.judgement      judgement.o
    0x20002ab5   COMPRESSED   0x00000003   PAD
    0x20002ab8        -       0x0000000c   Zero   RW         1463    .bss.kinematics     kinematics.o
    0x20002ac4        -       0x00000004   Zero   RW          724    .bss.lastRoll       imagetran.o
    0x20002ac8        -       0x00000008   Zero   RW          276    .bss.ledTask        ledtask.o
    0x20002ad0        -       0x00000001   Zero   RW          918    .bss.len            dbus.o
    0x20002ad1   COMPRESSED   0x00000003   PAD
    0x20002ad4        -       0x00000008   Zero   RW         1273    .bss.mech           arm.o
    0x20002adc        -       0x00000090   Zero   RW          845    .bss.motorList      motor.o
    0x20002b6c        -       0x00000024   Zero   RW          242    .bss.nowEndState    devlist.o
    0x20002b90        -       0x00000018   Zero   RW          244    .bss.nowPoint       devlist.o
    0x20002ba8        -       0x00000008   Zero   RW          431    .bss.offSetSM       offsetstatemachine.o
    0x20002bb0        -       0x00000018   Zero   RW          723    .bss.offsetCtrlPoint  imagetran.o
    0x20002bc8        -       0x00000001   Zero   RW          406    .bss.offsetEndFlag  smuniversal.o
    0x20002bc9   COMPRESSED   0x00000003   PAD
    0x20002bcc        -       0x00000018   Zero   RW          722    .bss.offsetEndPoint  imagetran.o
    0x20002be4        -       0x0000000c   Zero   RW          432    .bss.offsetState    offsetstatemachine.o
    0x20002bf0        -       0x00000001   Zero   RW         1354    .bss.onlineNum      online.o
    0x20002bf1   COMPRESSED   0x00000003   PAD
    0x20002bf4        -       0x00000004   Zero   RW         1353    .bss.onlinePtrList  online.o
    0x20002bf8        -       0x00000024   Zero   RW          765    .bss.ore            orebin.o
    0x20002c1c        -       0x00000001   Zero   RW          407    .bss.paramReloadFlag  smuniversal.o
    0x20002c1d   COMPRESSED   0x00000003   PAD
    0x20002c20        -       0x00000004   Zero   RW         1275    .bss.r              arm.o
    0x20002c24        -       0x0000002e   Zero   RW          915    .bss.rcCtrl         dbus.o
    0x20002c52   COMPRESSED   0x00000002   PAD
    0x20002c54        -       0x00000018   Zero   RW          784    .bss.running        led.o
    0x20002c6c        -       0x00000024   Zero   RW          917    .bss.sbusRxBuf      dbus.o
    0x20002c90        -       0x00000012   Zero   RW          916    .bss.sbusRxBuffer   dbus.o
    0x20002ca2   COMPRESSED   0x00000002   PAD
    0x20002ca4        -       0x00000038   Zero   RW          146    .bss.scheduleLoop   stm32g4xx_it.o
    0x20002cdc        -       0x00000750   Zero   RW         1574    .bss.selfCanFIFO    fdcan.o
    0x2000342c        -       0x00000018   Zero   RW          235    .bss.setJoint       devlist.o
    0x20003444        -       0x00000018   Zero   RW          236    .bss.setPoint       devlist.o
    0x2000345c        -       0x00000008   Zero   RW          317    .bss.stateTask      statetask.o
    0x20003464        -       0x00000004   Zero   RW           77    .bss.sysTickUptime  board.o
    0x20003468        -       0x0000000c   Zero   RW          539    .bss.takeFloorState  pickorestate.o
    0x20003474        -       0x0000000c   Zero   RW          498    .bss.takeGoldState  takegoldstate.o
    0x20003480        -       0x0000000c   Zero   RW          474    .bss.takeInitState  oremotionstatemachine.o
    0x2000348c        -       0x00000008   Zero   RW          471    .bss.takeOreSM      oremotionstatemachine.o
    0x20003494        -       0x0000000c   Zero   RW          519    .bss.takeSilveryState  takesilverystate.o
    0x200034a0        -       0x00000024   Zero   RW          240    .bss.tarJointState  devlist.o
    0x200034c4        -       0x00000018   Zero   RW          234    .bss.tarPoint       devlist.o
    0x200034dc        -       0x0000000c   Zero   RW          238    .bss.tarTorque      devlist.o
    0x200034e8        -       0x00000090   Zero   RW          408    .bss.timeVar        smuniversal.o
    0x20003578        -       0x00000004   Zero   RW         2291    .bss.uwTick         stm32g4xx_hal.o
    0x2000357c        -       0x000000e4   Zero   RW         1134    .bss.vision         vision.o
    0x20003660        -       0x00000001   Zero   RW          111    .bss.warningFlag    schedule.o
    0x20003661   COMPRESSED   0x00000007   PAD
    0x20003668        -       0x00000270   Zero   RW          220    .bss.wrist          devlist.o
    0x200038d8        -       0x0000a000   Zero   RW         1602    HEAP                startup_stm32g473xx.o
    0x2000d8d8        -       0x00004000   Zero   RW         1601    STACK               startup_stm32g473xx.o


==============================================================================

Image component sizes


      Code (inc. data)   RO Data    RW Data    ZI Data      Debug   Object Name

       378          0          0          0          0      16620   air.o
      4654        100          4          0        292      24875   arm.o
       588          0          0          0          0      16759   asr.o
       554          0          0          0          4      19793   board.o
      4584        116          0        300          5      26459   chassis.o
       118          0         32          0          8      15629   chassistask.o
       210          0         20          0         12      16089   checkorestate.o
       464          0        768          2          0      15786   crc.o
       116          4          0          0          0      14551   cycle.o
      2024          0         12          0        103      28130   dbus.o
      1600         44          4          4       8297      34895   devlist.o
      1694         40          0          0          8      21881   dmmotor.o
       112          0          0          0          0      24081   doublemotor.o
      8950         64          4          0          1      21467   dynamics.o
       210          0         20          0         12      16249   exchangeorestate.o
      3998          4          4          0       2457      28278   fdcan.o
       786         16          0          0          0      16429   filter.o
       300         24          0          0          0      21207   gimbal.o
       108          0         32          0          8      15671   gimbaltask.o
      1232          0         20          0          0      19989   gugu.o
       210          0         20          0         12      16158   handmodestate.o
       210          0         20          0         12      16076   hidarmorstate.o
      1600         12          4          8         78      18892   imagetran.o
        38          0          0          0          1      15917   iwdg.o
       890          8          0        405          8      25427   judge.o
      4486         10         12          4       1057      38713   judgement.o
       246          0         32          0          8      15619   judgetask.o
      4462         96          4          0         12      21088   kinematics.o
       416          0          0          0         24      17135   led.o
       152          0         32          0          8      15557   ledtask.o
       854          0          0          0          0      20976   main.o
      2678         36          4         36        656      26365   motor.o
       166          0         36          0         20      16163   offsetstatemachine.o
       188          0          0          0          5      14979   online.o
       178          0          4          0         36      16118   orebin.o
      1738          0         36          0         33      17987   oremotionstatemachine.o
      3900          0          0          0          0      23262   pathplan.o
       210          0         20          0         12      16103   pickorestate.o
      1964          8          0          0          0      18379   pid.o
      1680          4          0          0          6      21742   schedule.o
       282          0          4          0        146      16437   smuniversal.o
        36          8        472          0      57344        828   startup_stm32g473xx.o
       182          0          0          0          8      15019   statemachine.o
       444          0         32          0          8      16249   statetask.o
        12          0          0          0          4       8632   stm32g4xx_hal.o
       330          0          0          0          0       9624   stm32g4xx_hal_cortex.o
      3482          0         16          0          0      18521   stm32g4xx_hal_fdcan.o
       886          0          0          0          0       5274   stm32g4xx_hal_gpio.o
       122          0          0          0         56      15416   stm32g4xx_it.o
       364          0          8          0          0       5612   stm32g4xx_ll_dma.o
       936          0          0          0          0       5073   stm32g4xx_ll_gpio.o
      1212         18          0          0          0      10701   stm32g4xx_ll_rcc.o
      2410          0          0          0          0      10755   stm32g4xx_ll_tim.o
       568          0         48          0          0       5155   stm32g4xx_ll_usart.o
        20          0          0          0          0       7881   stm32g4xx_ll_utils.o
        32          0         24          4          0       2690   system_stm32g4xx.o
       316          0         20          0         12      16158   takegoldstate.o
       210          0         20          0         12      16167   takesilverystate.o
        92          0          0          0          0      15488   varcalt.o
       174          0         28          0          8      15743   virtualtask.o
      1466          0         12          0        228      26482   vision.o
       380         16          0          0          0      24862   wrist.o

    ----------------------------------------------------------------------
     73328        632       1860        768      71112    1076261   Object Totals
         0          0         32          0          0          0   (incl. Generated)
       426          4          0          5         91          0   (incl. Padding)

    ----------------------------------------------------------------------

      Code (inc. data)   RO Data    RW Data    ZI Data      Debug   Library Member Name

        38          0          0          0          0        380   new.cpp.o
         4          0          0          0          0         36   abort_message.cpp.o
        12          0          0          0          4        148   cxa_handlers.cpp.o
        40         32          0          0          0         52   cxa_virtual.cpp.o
       280         46          0          0          0        176   acosf.o
       300         42          0          0          0        176   asinf.o
       684         90          0          0          0        208   atan2f.o
       336         56          0          0          0        136   cosf.o
       164         44          0          0          0        620   dunder.o
        24          0          0          0          0        124   fabs.o
        48          0          0          0          0        124   fpclassify.o
        38          0          0          0          0        116   fpclassifyf.o
        80         24          0          0          0        696   funder.o
       248          0          0          0          0        152   poly.o
      3152        296        136          0          0        352   pow.o
      1636        110        320          0          0        372   powf.o
         0          0          8          0          0          0   qnan.o
       340         24         32          0          0        160   rredf.o
       400         56          0          0          0        212   sinf.o
       232          0          0          0          0        296   sqrt.o
       120          0          0          0          0        272   sqrtf.o
       380         58          0          0          0        200   tanf.o
        86          0          0          0          0          0   __dczerorl2.o
        32          8          0          0          0         80   cpp_init.o
         0          0          0          0          0          0   entry.o
         0          0          0          0          0          0   entry10a.o
         0          0          0          0          0          0   entry11a.o
         8          4          0          0          0          0   entry2.o
         4          0          0          0          0          0   entry5.o
         0          0          0          0          0          0   entry7b.o
         4          0          0          0          0          0   entry8a.o
         0          0          0          0          0          0   entry8b.o
         8          4          0          0          0          0   entry9a.o
        12          6          0          4          0         68   errno.o
        30          0          0          0          0          0   handlers.o
        36          8          0          0          0         68   init.o
         0          0          0          0          0          0   iusefp.o
        98          0          0          0          0         84   ldiv.o
        30          0          0          0          0         68   llshl.o
        36          0          0          0          0         68   llsshr.o
        32          0          0          0          0         68   llushr.o
       422         28          0          0          0        428   mallocra.o
        64          0          0          0          0         76   memmovea.o
        36          0          0          0          0        108   memseta.o
         0          0          0          8          0          0   mvars.o
        98          0          0          0          0         92   uldiv.o
        48          0          0          0          0         68   cdrcmple.o
        56          0          0          0          0         88   d2f.o
       334          0          0          0          0        148   dadd.o
       222          0          0          0          0        100   ddiv.o
       186          0          0          0          0        176   depilogue.o
        62          0          0          0          0         80   dfixi.o
        34          0          0          0          0         76   dflti.o
        26          0          0          0          0         76   dfltui.o
       228          0          0          0          0         96   dmul.o
        46          0          0          0          0         80   dscalb.o
       162          0          0          0          0        100   dsqrt.o
        38          0          0          0          0         68   f2d.o
       110          0          0          0          0        168   fepilogue.o
        28          0          0          0          0         84   ffltul.o
         4          0          0          0          0         68   fpstat.o

    ----------------------------------------------------------------------
     11200        940        496         12          4       7692   Library Totals
        24          4          0          0          0          0   (incl. Padding)

    ----------------------------------------------------------------------

      Code (inc. data)   RO Data    RW Data    ZI Data      Debug   Library Name

        38          0          0          0          0        380   libcpp_w.l
        56         32          0          0          4        236   libcppabi_w.l
      8462        846        496          0          0       4392   m_wm.l
      1036         58          0         12          0       1208   mc_w.l
      1584          0          0          0          0       1476   mf_w.l

    ----------------------------------------------------------------------
     11200        940        496         12          4       7692   Library Totals

    ----------------------------------------------------------------------

==============================================================================


      Code (inc. data)   RO Data    RW Data    ZI Data      Debug   

     84528       1572       2356        780      71116    1079113   Grand Totals
     84528       1572       2356        376      71116    1079113   ELF Image Totals (compressed)
     84528       1572       2356        376          0          0   ROM Totals

==============================================================================

    Total RO  Size (Code + RO Data)                86884 (  84.85kB)
    Total RW  Size (RW Data + ZI Data)             71896 (  70.21kB)
    Total ROM Size (Code + RO Data + RW Data)      87260 (  85.21kB)

==============================================================================

